08-07 01:00:24.009  1339  3130 W ActivityTaskManager: Tried to set launchTime (0) < mLastActivityLaunchTime (4938738)
08-07 01:00:24.044   901  1599 I chatty  : uid=1000(system) HwBinder:901_2 expire 4 lines
08-07 01:00:24.061   901  1587 I chatty  : uid=1000(system) HwBinder:901_1 expire 11 lines
08-07 01:00:24.109   901   935 I chatty  : uid=1000(system) /vendor/bin/commandrouter expire 15 lines
08-07 01:00:44.499   907   907 D mculinkhealth: isMcuReachable 1
08-07 01:00:55.830  1339  1412 D AutofillManagerService: Close system dialogs
08-07 01:00:55.835  1339  1413 I ActivityTaskManager: START u0 {act=android.intent.action.MAIN cat=[android.intent.category.HOME] flg=0x10600000 cmp=com.facebook.wearable.system.launcher/.LauncherActivity (has extras)} from uid 1000
08-07 01:01:02.316  1339  2091 I ActivityTaskManager: START u0 {act=android.intent.action.MAIN cat=[android.intent.category.LAUNCHER] flg=0x10200000 pkg=com.einfochips.frl_wearable cmp=com.einfochips.frl_wearable/.MainActivity} from uid 10017
08-07 01:01:02.358   901   935 I chatty  : uid=1000(system) /vendor/bin/commandrouter expire 20 lines
08-07 01:01:02.592   901  1585 I chatty  : uid=1000(system) HwBinder:901_1 expire 11 lines
08-07 01:01:05.398  1339  2574 E TaskPersister: File error accessing recents directory (directory doesn't exist?).
08-07 01:01:07.156  1339  1665 I WindowManager: Settings.Secure.ACCESSIBILITY_SHORTCUT_TARGET_SERVICE=null
08-07 01:01:07.156  1339  1665 D WindowManager: powerPress: eventTime=4984310 interactive=true count=1 beganFromNonInteractive=false mShortPressOnPowerBehavior=1 mDoublePressOnPowerBehavior=0 mTriplePressOnPowerBehavior=3
08-07 01:01:07.165  1339  1665 I PowerManagerService: Going to sleep due to power_button (uid 1000)...
08-07 01:01:07.173  1339  1482 I DreamManagerService: Entering dreamland.
08-07 01:01:07.179  1339  1482 I PowerManagerService: Dozing...
08-07 01:01:07.187  1339  1412 I DreamController: Starting dream: name=ComponentInfo{com.facebook.wearable.system.aod_service/com.facebook.wearable.system.aod_service.AodDreamService}, isTest=false, canDoze=true, userId=0
08-07 01:01:07.191  1339  1412 D AutofillManagerService: Close system dialogs
08-07 01:01:07.335  2011  2011 V DreamService[AodDreamService]: onBind() intent = Intent { act=android.service.dreams.DreamService flg=0x800000 cmp=com.facebook.wearable.system.aod_service/.AodDreamService }
08-07 01:01:07.337  2011  2011 V DreamService[AodDreamService]: onDreamingStarted()
08-07 01:01:07.340   901  1590 I chatty  : uid=1000(system) /vendor/bin/commandrouter expire 11 lines
08-07 01:01:07.868  1339  1482 I DisplayPowerController: Blocking screen off
08-07 01:01:07.869  1339  1482 I DisplayPowerController: Unblocked screen off after 0 ms
08-07 01:01:07.888  1339  1482 D ActivityTaskManager: Top Process State changed to PROCESS_STATE_TOP_SLEEPING
08-07 01:01:07.977  1339  1482 V DisplayPowerController: Brightness [-1.0] reason changing to: 'screen_off', previous reason: 'manual'.
08-07 01:01:07.985  1339  1415 I DisplayManagerService: Display device changed state: "Built-in Screen", OFF
08-07 01:01:08.569  1339  1665 I PowerManagerService: Waking up from Dozing (uid=1000, reason=WAKE_REASON_POWER_BUTTON, details=android.policy:POWER)...
08-07 01:01:08.587  1339  1482 I DisplayPowerController: Blocking screen on until initial contents have been drawn.
08-07 01:01:08.588  1339  1482 D ActivityTaskManager: Top Process State changed to PROCESS_STATE_TOP
08-07 01:01:08.648  1339  1482 V DisplayPowerController: Brightness [0.4448819] reason changing to: 'manual', previous reason: 'screen_off'.
08-07 01:01:08.658  1339  1482 I DisplayPowerController: Unblocked screen on after 71 ms
08-07 01:01:08.722  1339  1415 I DisplayManagerService: Display device changed state: "Built-in Screen", ON
08-07 01:01:08.736  1339  1665 I WindowManager: Settings.Secure.ACCESSIBILITY_SHORTCUT_TARGET_SERVICE=null
08-07 01:01:08.736  1339  1665 D WindowManager: powerPress: eventTime=4985900 interactive=true count=1 beganFromNonInteractive=true mShortPressOnPowerBehavior=1 mDoublePressOnPowerBehavior=0 mTriplePressOnPowerBehavior=3
08-07 01:01:09.063  1339  1482 W PowerManagerService: Screen on took 498 ms
08-07 01:01:09.064  1339  1482 I DreamManagerService: Gently waking up from dream.
08-07 01:01:09.064  1339  1412 I DreamManagerService: Performing gentle wake from dream.
08-07 01:01:09.065  2011  2011 V DreamService[AodDreamService]: wakeUp(): fromSystem=true, mWaking=false, mFinished=false
08-07 01:01:09.065  2011  2011 V DreamService[AodDreamService]: finish(): mFinished=false
08-07 01:01:09.066  1339  3127 I DreamManagerService: Leaving dreamland.
08-07 01:01:09.067  1339  1412 I DreamManagerService: Performing gentle wake from dream.
08-07 01:01:09.067  1339  1412 I DreamController: Stopping dream: name=ComponentInfo{com.facebook.wearable.system.aod_service/com.facebook.wearable.system.aod_service.AodDreamService}, isTest=false, canDoze=true, userId=0, reason='finished self'(from 'requested stopDream')
08-07 01:01:09.070  2011  2011 V DreamService[AodDreamService]: detach(): Calling onDreamingStopped()
08-07 01:01:09.078  2011  2011 V DreamService[AodDreamService]: onDreamingStopped()
08-07 01:01:09.078  2011  2011 V DreamService[AodDreamService]: finish(): mFinished=true
08-07 01:01:09.080  1339  2091 W AppOps  : Noting op not finished: uid 10017 pkg com.facebook.wearable.system.launcher code 24 startTime of in progress event=1628278262662
08-07 01:01:09.083  2011  2011 V DreamService[AodDreamService]: onDestroy()
08-07 01:01:09.083  2011  2011 V DreamService[AodDreamService]: finish(): mFinished=true
08-07 01:01:10.186   901  1109 I chatty  : uid=1000(system) HwBinder:901_1 expire 12 lines
08-07 01:01:17.431   901  1587 I chatty  : uid=1000(system) HwBinder:901_1 expire 10 lines
08-07 01:01:30.237   901  3359 I chatty  : uid=1000(system) HwBinder:901_3 expire 5 lines
08-07 01:01:40.648  1339  1482 I PowerManagerService: Going to sleep due to timeout (uid 1000)...
08-07 01:01:40.651  1339  1482 V DisplayPowerController: Brightness [0.05] reason changing to: 'manual [ dim ]', previous reason: 'manual'.
08-07 01:01:40.653  1339  1482 I DreamManagerService: Entering dreamland.
08-07 01:01:40.654  1339  1482 I PowerManagerService: Dozing...
08-07 01:01:40.658  1339  1412 I DreamController: Starting dream: name=ComponentInfo{com.facebook.wearable.system.aod_service/com.facebook.wearable.system.aod_service.AodDreamService}, isTest=false, canDoze=true, userId=0
08-07 01:01:40.668  1339  1412 D AutofillManagerService: Close system dialogs
08-07 01:01:40.792  2011  2011 V DreamService[AodDreamService]: onBind() intent = Intent { act=android.service.dreams.DreamService flg=0x800000 cmp=com.facebook.wearable.system.aod_service/.AodDreamService }
08-07 01:01:40.794  2011  2011 V DreamService[AodDreamService]: onDreamingStarted()
08-07 01:01:40.880   901   935 I chatty  : uid=1000(system) /vendor/bin/commandrouter expire 11 lines
08-07 01:01:41.005  1339  5920 I PowerManagerService: Waking up from Dozing (uid=1000, reason=WAKE_REASON_POWER_BUTTON, details=android.policy:POWER)...
08-07 01:01:41.010  1339  3103 I WindowManager: Settings.Secure.ACCESSIBILITY_SHORTCUT_TARGET_SERVICE=null
08-07 01:01:41.010  1339  3103 D WindowManager: powerPress: eventTime=5018337 interactive=true count=1 beganFromNonInteractive=true mShortPressOnPowerBehavior=1 mDoublePressOnPowerBehavior=0 mTriplePressOnPowerBehavior=3
08-07 01:01:41.013  1339  1482 V DisplayPowerController: Brightness [0.4448819] reason changing to: 'manual', previous reason: 'manual [ dim ]'.
08-07 01:01:41.016  1339  1482 I DreamManagerService: Gently waking up from dream.
08-07 01:01:41.017  1339  1412 I DreamManagerService: Performing gentle wake from dream.
08-07 01:01:41.017  2011  2011 V DreamService[AodDreamService]: wakeUp(): fromSystem=true, mWaking=false, mFinished=false
08-07 01:01:41.018  2011  2011 V DreamService[AodDreamService]: finish(): mFinished=false
08-07 01:01:41.018  1339  5920 I DreamManagerService: Leaving dreamland.
08-07 01:01:41.019  1339  1412 I DreamManagerService: Performing gentle wake from dream.
08-07 01:01:41.019  1339  1412 I DreamController: Stopping dream: name=ComponentInfo{com.facebook.wearable.system.aod_service/com.facebook.wearable.system.aod_service.AodDreamService}, isTest=false, canDoze=true, userId=0, reason='finished self'(from 'requested stopDream')
08-07 01:01:41.022  2011  2011 V DreamService[AodDreamService]: detach(): Calling onDreamingStopped()
08-07 01:01:41.030  2011  2011 V DreamService[AodDreamService]: onDreamingStopped()
08-07 01:01:41.031  2011  2011 V DreamService[AodDreamService]: finish(): mFinished=true
08-07 01:01:41.033   901  1590 I chatty  : uid=1000(system) /vendor/bin/commandrouter expire 10 lines
08-07 01:01:41.034  2011  2011 V DreamService[AodDreamService]: onDestroy()
08-07 01:01:41.034  2011  2011 V DreamService[AodDreamService]: finish(): mFinished=true
08-07 01:01:44.521   907   907 D mculinkhealth: isMcuReachable 1
08-07 01:01:54.957  1339  1665 I WindowManager: Settings.Secure.ACCESSIBILITY_SHORTCUT_TARGET_SERVICE=null
08-07 01:01:54.957  1339  1665 D WindowManager: powerPress: eventTime=5032131 interactive=true count=1 beganFromNonInteractive=false mShortPressOnPowerBehavior=1 mDoublePressOnPowerBehavior=0 mTriplePressOnPowerBehavior=3
08-07 01:01:54.957  1339  1665 I PowerManagerService: Going to sleep due to power_button (uid 1000)...
08-07 01:01:54.960  1339  1482 I DreamManagerService: Entering dreamland.
08-07 01:01:54.967  1339  1482 I PowerManagerService: Dozing...
08-07 01:01:54.967  1339  1412 I DreamController: Starting dream: name=ComponentInfo{com.facebook.wearable.system.aod_service/com.facebook.wearable.system.aod_service.AodDreamService}, isTest=false, canDoze=true, userId=0
08-07 01:01:54.973  1339  1412 D AutofillManagerService: Close system dialogs
08-07 01:01:55.015  2011  2011 V DreamService[AodDreamService]: onBind() intent = Intent { act=android.service.dreams.DreamService flg=0x800000 cmp=com.facebook.wearable.system.aod_service/.AodDreamService }
08-07 01:01:55.017  2011  2011 V DreamService[AodDreamService]: onDreamingStarted()
08-07 01:01:55.535  1339  1482 I DisplayPowerController: Blocking screen off
08-07 01:01:55.535  1339  1482 I DisplayPowerController: Unblocked screen off after 1 ms
08-07 01:01:55.537  1339  1482 D ActivityTaskManager: Top Process State changed to PROCESS_STATE_TOP_SLEEPING
08-07 01:01:55.614  1339  1482 V DisplayPowerController: Brightness [-1.0] reason changing to: 'screen_off', previous reason: 'manual'.
08-07 01:01:55.623  1339  1415 I DisplayManagerService: Display device changed state: "Built-in Screen", OFF
08-07 01:01:56.229  1339  1665 I PowerManagerService: Waking up from Dozing (uid=1000, reason=WAKE_REASON_POWER_BUTTON, details=android.policy:POWER)...
08-07 01:01:56.234  1339  1482 I DisplayPowerController: Blocking screen on until initial contents have been drawn.
08-07 01:01:56.235  1339  1482 D ActivityTaskManager: Top Process State changed to PROCESS_STATE_TOP
08-07 01:01:56.303  1339  1482 V DisplayPowerController: Brightness [0.4448819] reason changing to: 'manual', previous reason: 'screen_off'.
08-07 01:01:56.325  1339  1415 I DisplayManagerService: Display device changed state: "Built-in Screen", ON
08-07 01:01:56.326  1339  1482 I DisplayPowerController: Unblocked screen on after 92 ms
08-07 01:01:56.393   901  1630 I chatty  : uid=1000(system) HwBinder:901_2 expire 6 lines
08-07 01:01:56.410  1339  1665 I WindowManager: Settings.Secure.ACCESSIBILITY_SHORTCUT_TARGET_SERVICE=null
08-07 01:01:56.410  1339  1665 D WindowManager: powerPress: eventTime=5033560 interactive=true count=1 beganFromNonInteractive=true mShortPressOnPowerBehavior=1 mDoublePressOnPowerBehavior=0 mTriplePressOnPowerBehavior=3
08-07 01:01:56.582   901   935 I chatty  : uid=1000(system) /vendor/bin/commandrouter expire 10 lines
08-07 01:01:56.764  1339  1482 W PowerManagerService: Screen on took 539 ms
08-07 01:01:56.764  1339  1482 I DreamManagerService: Gently waking up from dream.
08-07 01:01:56.765  1339  1412 I DreamManagerService: Performing gentle wake from dream.
08-07 01:01:56.765  2011  2011 V DreamService[AodDreamService]: wakeUp(): fromSystem=true, mWaking=false, mFinished=false
08-07 01:01:56.765  2011  2011 V DreamService[AodDreamService]: finish(): mFinished=false
08-07 01:01:56.766  1339  3780 I DreamManagerService: Leaving dreamland.
08-07 01:01:56.767  1339  1412 I DreamManagerService: Performing gentle wake from dream.
08-07 01:01:56.767  1339  1412 I DreamController: Stopping dream: name=ComponentInfo{com.facebook.wearable.system.aod_service/com.facebook.wearable.system.aod_service.AodDreamService}, isTest=false, canDoze=true, userId=0, reason='finished self'(from 'requested stopDream')
08-07 01:01:56.769  2011  2011 V DreamService[AodDreamService]: detach(): Calling onDreamingStopped()
08-07 01:01:56.778  2011  2011 V DreamService[AodDreamService]: onDreamingStopped()
08-07 01:01:56.778  2011  2011 V DreamService[AodDreamService]: finish(): mFinished=true
08-07 01:01:56.782  2011  2011 V DreamService[AodDreamService]: onDestroy()
08-07 01:01:56.782  2011  2011 V DreamService[AodDreamService]: finish(): mFinished=true
08-07 01:01:56.784  1339  1360 W AppOps  : Noting op not finished: uid 10017 pkg com.facebook.wearable.system.launcher code 24 startTime of in progress event=1628278262662
08-07 01:01:58.355   901  2553 I chatty  : uid=1000(system) HwBinder:901_3 expire 6 lines
08-07 01:02:11.348   901  1585 I chatty  : uid=1000(system) HwBinder:901_1 expire 10 lines
08-07 01:02:18.292  1339  1482 I PowerManagerService: Going to sleep due to timeout (uid 1000)...
08-07 01:02:18.298  1339  1482 V DisplayPowerController: Brightness [0.05] reason changing to: 'manual [ dim ]', previous reason: 'manual'.
08-07 01:02:18.299  1339  1482 I DreamManagerService: Entering dreamland.
08-07 01:02:18.301  1339  1482 I PowerManagerService: Dozing...
08-07 01:02:18.305  1339  1412 I DreamController: Starting dream: name=ComponentInfo{com.facebook.wearable.system.aod_service/com.facebook.wearable.system.aod_service.AodDreamService}, isTest=false, canDoze=true, userId=0
08-07 01:02:18.317  1339  1412 D AutofillManagerService: Close system dialogs
08-07 01:02:18.359  2011  2011 V DreamService[AodDreamService]: onBind() intent = Intent { act=android.service.dreams.DreamService flg=0x800000 cmp=com.facebook.wearable.system.aod_service/.AodDreamService }
08-07 01:02:18.361  2011  2011 V DreamService[AodDreamService]: onDreamingStarted()
08-07 01:02:18.366   901  1590 I chatty  : uid=1000(system) /vendor/bin/commandrouter expire 11 lines
08-07 01:02:18.442   901   935 I chatty  : uid=1000(system) /vendor/bin/commandrouter expire 18 lines
08-07 01:02:18.882  1339  1482 I DisplayPowerController: Blocking screen off
08-07 01:02:18.882  1339  1482 I DisplayPowerController: Unblocked screen off after 1 ms
08-07 01:02:18.884  1339  1482 D ActivityTaskManager: Top Process State changed to PROCESS_STATE_TOP_SLEEPING
08-07 01:02:18.943  1339  1467 D KernelCpuUidUserSysTimeReader: Removing uids 10119-10119
08-07 01:02:18.956  1339  1482 V DisplayPowerController: Brightness [-1.0] reason changing to: 'screen_off', previous reason: 'manual [ dim ]'.
08-07 01:02:18.963  1339  1415 I DisplayManagerService: Display device changed state: "Built-in Screen", OFF
08-07 01:02:19.091   901  2114 I chatty  : uid=1000(system) HwBinder:901_3 expire 4 lines
08-07 01:02:22.926  1339  3130 I PowerManagerService: Waking up from Dozing (uid=1000, reason=WAKE_REASON_POWER_BUTTON, details=android.policy:POWER)...
08-07 01:02:22.932  1339  1482 I DisplayPowerController: Blocking screen on until initial contents have been drawn.
08-07 01:02:22.933  1339  1482 D ActivityTaskManager: Top Process State changed to PROCESS_STATE_TOP
08-07 01:02:22.934  1339  3780 I WindowManager: Settings.Secure.ACCESSIBILITY_SHORTCUT_TARGET_SERVICE=null
08-07 01:02:22.934  1339  3780 D WindowManager: powerPress: eventTime=5060258 interactive=true count=1 beganFromNonInteractive=true mShortPressOnPowerBehavior=1 mDoublePressOnPowerBehavior=0 mTriplePressOnPowerBehavior=3
08-07 01:02:22.983  1339  1482 V DisplayPowerController: Brightness [0.4448819] reason changing to: 'manual', previous reason: 'screen_off'.
08-07 01:02:22.999  1339  1415 I DisplayManagerService: Display device changed state: "Built-in Screen", ON
08-07 01:02:23.037  1339  1482 I DisplayPowerController: Unblocked screen on after 104 ms
08-07 01:02:23.096   901  1587 I chatty  : uid=1000(system) HwBinder:901_1 expire 12 lines
08-07 01:02:23.407  1339  1482 W PowerManagerService: Screen on took 483 ms
08-07 01:02:23.407  1339  1482 I DreamManagerService: Gently waking up from dream.
08-07 01:02:23.408  1339  1412 I DreamManagerService: Performing gentle wake from dream.
08-07 01:02:23.408  2011  2011 V DreamService[AodDreamService]: wakeUp(): fromSystem=true, mWaking=false, mFinished=false
08-07 01:02:23.408  2011  2011 V DreamService[AodDreamService]: finish(): mFinished=false
08-07 01:02:23.409  1339  5920 I DreamManagerService: Leaving dreamland.
08-07 01:02:23.409  1339  1412 I DreamManagerService: Performing gentle wake from dream.
08-07 01:02:23.409  1339  1412 I DreamController: Stopping dream: name=ComponentInfo{com.facebook.wearable.system.aod_service/com.facebook.wearable.system.aod_service.AodDreamService}, isTest=false, canDoze=true, userId=0, reason='finished self'(from 'requested stopDream')
08-07 01:02:23.411  2011  2011 V DreamService[AodDreamService]: detach(): Calling onDreamingStopped()
08-07 01:02:23.417  1339  1360 W AppOps  : Noting op not finished: uid 10017 pkg com.facebook.wearable.system.launcher code 24 startTime of in progress event=1628278262662
08-07 01:02:23.425  2011  2011 V DreamService[AodDreamService]: onDreamingStopped()
08-07 01:02:23.425  2011  2011 V DreamService[AodDreamService]: finish(): mFinished=true
08-07 01:02:23.428  2011  2011 V DreamService[AodDreamService]: onDestroy()
08-07 01:02:23.428  2011  2011 V DreamService[AodDreamService]: finish(): mFinished=true
08-07 01:02:44.544   907   907 D mculinkhealth: isMcuReachable 1
08-07 01:02:50.170   901   935 I chatty  : uid=1000(system) /vendor/bin/commandrouter expire 17 lines
08-07 01:02:54.664  1339  1482 I PowerManagerService: Going to sleep due to timeout (uid 1000)...
08-07 01:02:54.667  1339  1482 V DisplayPowerController: Brightness [0.05] reason changing to: 'manual [ dim ]', previous reason: 'manual'.
08-07 01:02:54.669  1339  1482 I DreamManagerService: Entering dreamland.
08-07 01:02:54.670  1339  1482 I PowerManagerService: Dozing...
08-07 01:02:54.671  1339  1412 I DreamController: Starting dream: name=ComponentInfo{com.facebook.wearable.system.aod_service/com.facebook.wearable.system.aod_service.AodDreamService}, isTest=false, canDoze=true, userId=0
08-07 01:02:54.676  1339  1412 D AutofillManagerService: Close system dialogs
08-07 01:02:54.712  2011  2011 V DreamService[AodDreamService]: onBind() intent = Intent { act=android.service.dreams.DreamService flg=0x800000 cmp=com.facebook.wearable.system.aod_service/.AodDreamService }
08-07 01:02:54.714  2011  2011 V DreamService[AodDreamService]: onDreamingStarted()
08-07 01:02:55.234  1339  1482 I DisplayPowerController: Blocking screen off
08-07 01:02:55.234  1339  1482 I DisplayPowerController: Unblocked screen off after 0 ms
08-07 01:02:55.236  1339  1482 D ActivityTaskManager: Top Process State changed to PROCESS_STATE_TOP_SLEEPING
08-07 01:02:55.302  1339  1482 V DisplayPowerController: Brightness [-1.0] reason changing to: 'screen_off', previous reason: 'manual [ dim ]'.
--------- beginning of main
08-07 01:02:55.309   590   639 I SDM     : DisplayBase::SetDisplayState: Set state = 0, display 0
08-07 01:02:55.310  1339  1415 I DisplayManagerService: Display device changed state: "Built-in Screen", OFF
08-07 01:02:55.323  1339  1415 I chatty  : uid=1000(system) android.display expire 2 lines
08-07 01:02:55.325  1339  1665 I chatty  : uid=1000(system) InputReader expire 4 lines
08-07 01:02:55.327  1716  2384 I BtGatt.ScanManager: msg.what = 8
08-07 01:02:55.334  1716  2384 I BtGatt.ScanManager: msg.what = 4
08-07 01:02:55.340  1107  1282 E QMI_FW  : qmi_cci_get_ref: ref count increased 2
08-07 01:02:55.343  1107  1239 E QMI_FW  : qmi_cci_get_ref: ref count increased 2
08-07 01:02:55.349  1107  1239 I chatty  : uid=1001(radio) DispatcherModul identical 11 lines
08-07 01:02:55.351  1107  1239 E QMI_FW  : qmi_cci_get_ref: ref count increased 2
08-07 01:02:55.354  1107  1273 E QMI_FW  : qmi_cci_get_ref: ref count increased 2
08-07 01:02:55.417   677   677 D SurfaceFlinger: Finished setting power mode 0 on display 0
08-07 01:02:55.418  1339  1709 I chatty  : uid=1000(system) PhotonicModulat expire 2 lines
08-07 01:02:55.418  1032  1032 D AodProxy: onDisplayStateChange to 1 with 0x9f38a0c0
08-07 01:02:55.418  2011  2100 V AodDreamService: AodDreamService sees onDisplayStateChange 1
08-07 01:02:55.419  2011  2100 D AodDreamService: Handoff to MCU. state(1), flags(1)
08-07 01:02:55.419  2011  2100 D AodDreamService: Calling setStandByMode true
08-07 01:02:55.419  1032  1032 D AodProxy: setStandByMode to 1
08-07 01:02:55.420   590   605 D SDM     : HWCDisplayPrimary::SetStandByMode: Null display is connected successfully
08-07 01:02:55.420  1032  1032 D AodProxy: qdisplay setStandByMode returned 0
08-07 01:02:55.420  1032  1032 D AodProxy: setMuxToMcu: true
08-07 01:02:55.421  2011  2100 V AodServiceApplication: setMcuState: true
08-07 01:02:55.429  2011  2100 I aod_jni : handoffDisplay
08-07 01:02:55.429  2011  2100 D aod_jni-handoff: Sent Handoff Request
08-07 01:02:55.469  2011  2116 E CmdClient: Callback is not set. Message dropped
08-07 01:02:55.469  2011  2100 D aod_jni-handoff: HandoffResponse arrived. dataLen = 18, data = 9d8588e0
08-07 01:02:55.469  2011  2100 D aod_jni-handoff: HandoffResponse has been verified WOOOO: 0
08-07 01:02:55.474   595   595 I QTI PowerHAL: Power setMode: 7 to: 0
08-07 01:02:55.476   595   595 I QTI PowerHAL: Got set_interactive hint
08-07 01:02:55.476   595   595 I QTI PowerHAL: Got set_interactive hint on= 0, count= 32
08-07 01:02:55.477   595   595 E QTI PowerHAL: Error opening /sys/kernel/hbtp/display_pwr: No such file or directory
08-07 01:02:55.483  1339  1678 I chatty  : uid=1000(system) WifiHandlerThre expire 2 lines
08-07 01:02:55.507  2678  3311 I chatty  : uid=1027(nfc) AsyncTask #1 expire 18 lines
08-07 01:02:55.508   594   594 I chatty  : uid=1027 nfc@1.2-service expire 2 lines
08-07 01:02:55.508   594  3340 I chatty  : uid=1027 nfc@1.2-service expire 2 lines
08-07 01:02:55.524   594  3341 I chatty  : uid=1027 nfc@1.2-service expire 3 lines
08-07 01:02:55.534  2678  2678 I chatty  : uid=1027(nfc) com.android.nfc expire 7 lines
08-07 01:03:00.197  1086  1111 D vendor.facebook.rtc_sync@1.0-service: Request req_ts=1628298180168074377 resp_ts=1628298180197248279
08-07 01:03:00.236  2715  3361 D OTTS_sleep_jni: Unpacked SleepDataUpdateRequest.
08-07 01:03:00.236  2715  3361 D OTTS_sleep_jni: Received SleepDataRequest with OTT of size 35
08-07 01:03:00.236  2715  3361 D OTTS_sleep_jni: Calling sleep data callback...
08-07 01:03:00.237  2715  3361 D OTTS_sleep_jni: Calling Java sleep callback for OTT data.
08-07 01:03:00.237  2715  3361 D OTTS_OTTDataHandler: Got new OTT data of length: 35 at time 0
08-07 01:03:00.237  2715  3361 D OTTS_OTTDataHandler: Sending OTT to Delegation
08-07 01:03:00.241  1339  1415 W ActivityTaskManager: Sleep timeout!  Sleeping now.
08-07 01:03:03.489   596  1628 I chatty  : uid=1000(system) sensors@2.0-ser expire 7 lines
08-07 01:03:06.028  1750  1750 D KeyguardUpdateMonitor: received broadcast android.intent.action.BATTERY_CHANGED
08-07 01:03:06.029  1969  1969 D QtiCarrierConfigHelper: WARNING, no carrier configs on phone Id: 0
08-07 01:03:06.029  1750  1750 D KeyguardUpdateMonitor: handleBatteryUpdate
08-07 01:03:10.179  1086  1111 D vendor.facebook.rtc_sync@1.0-service: Request req_ts=1628298190173248279 resp_ts=1628298190179254630
08-07 01:03:10.179   901  1109 I chatty  : uid=1000(system) HwBinder:901_1 expire 4 lines
08-07 01:03:20.181  1086  1111 D vendor.facebook.rtc_sync@1.0-service: Request req_ts=1628298200174254630 resp_ts=1628298200181073793
08-07 01:03:24.094  1339  5920 I PowerManagerService: Waking up from Dozing (uid=1000, reason=WAKE_REASON_POWER_BUTTON, details=android.policy:POWER)...
08-07 01:03:24.101   595   595 I QTI PowerHAL: Power setMode: 7 to: 1
08-07 01:03:24.101  1339  1482 I DisplayPowerController: Blocking screen on until initial contents have been drawn.
08-07 01:03:24.102  1339  1482 D ActivityTaskManager: Top Process State changed to PROCESS_STATE_TOP
08-07 01:03:24.102   595   595 I QTI PowerHAL: Got set_interactive hint
08-07 01:03:24.103   595   595 I QTI PowerHAL: Got set_interactive hint on= 1, count= 33
08-07 01:03:24.103   595   595 E QTI PowerHAL: Error opening /sys/kernel/hbtp/display_pwr: No such file or directory
08-07 01:03:24.105  1339  3780 I WindowManager: Settings.Secure.ACCESSIBILITY_SHORTCUT_TARGET_SERVICE=null
08-07 01:03:24.105  1339  3780 D WindowManager: powerPress: eventTime=5121425 interactive=true count=1 beganFromNonInteractive=true mShortPressOnPowerBehavior=1 mDoublePressOnPowerBehavior=0 mTriplePressOnPowerBehavior=3
08-07 01:03:24.125  6337  6337 D ###### Debug Log: onResume: elese
08-07 01:03:24.128  6337  6337 D ###### Debug Log: check_config_content: contains: {  "sensor_pressure": [
08-07 01:03:24.128  6337  6337 D ###### Debug Log:     {
08-07 01:03:24.128  6337  6337 D ###### Debug Log:       "ID": "1",
08-07 01:03:24.128  6337  6337 D ###### Debug Log:       "Name": "Pressure Sensor",
08-07 01:03:24.128  6337  6337 D ###### Debug Log:       "Status": "n",
08-07 01:03:24.128  6337  6337 D ###### Debug Log:       "Timeout": "300000"
08-07 01:03:24.128  6337  6337 D ###### Debug Log:     }
08-07 01:03:24.128  6337  6337 D ###### Debug Log:   ],
08-07 01:03:24.128  6337  6337 D ###### Debug Log:   "sensor_gyroscope": [
08-07 01:03:24.128  6337  6337 D ###### Debug Log:     {
08-07 01:03:24.128  6337  6337 D ###### Debug Log:       "ID": "2",
08-07 01:03:24.128  6337  6337 D ###### Debug Log:       "Name": "Gyroscope Sensor",
08-07 01:03:24.128  6337  6337 D ###### Debug Log:       "Status": "y",
08-07 01:03:24.128  6337  6337 D ###### Debug Log:       "Timeout": "15000"
08-07 01:03:24.128  6337  6337 D ###### Debug Log:     }
08-07 01:03:24.128  6337  6337 D ###### Debug Log:   ],
08-07 01:03:24.128  6337  6337 D ###### Debug Log:   "sensor_pedometer": [
08-07 01:03:24.128  6337  6337 D ###### Debug Log:     {
08-07 01:03:24.128  6337  6337 D ###### Debug Log:       "ID": "3",
08-07 01:03:24.128  6337  6337 D ###### Debug Log:       "Name": "Pedometer Sensor",
08-07 01:03:24.128  6337  6337 D ###### Debug Log:       "Status": "y",
08-07 01:03:24.128  6337  6337 D ###### Debug Log:       "Timeout": "15000"
08-07 01:03:24.128  6337  6337 D ###### Debug Log:     }
08-07 01:03:24.128  6337  6337 D ###### Debug Log:   ],
08-07 01:03:24.128  6337  6337 D ###### Debug Log:   "sensor_heartrate": [
08-07 01:03:24.128  6337  6337 D ###### Debug Log:     {
08-07 01:03:24.128  6337  6337 D ###### Debug Log:       "ID": "4",
08-07 01:03:24.128  6337  6337 D ###### Debug Log:       "Name": "Heartrate Sensor",
08-07 01:03:24.128  6337  6337 D ###### Debug Log:       "Status": "y",
08-07 01:03:24.128  6337  6337 D ###### Debug Log:       "Timeout": "15000"
08-07 01:03:24.128  6337  6337 D ###### Debug Log:     }
08-07 01:03:24.128  6337  6337 D ###### Debug Log:   ],
08-07 01:03:24.128  6337  6337 D ###### Debug Log:   "sensor_accelerometer": [
08-07 01:03:24.128  6337  6337 D ###### Debug Log:     {
08-07 01:03:24.128  6337  6337 D ###### Debug Log:       "ID": "5",
08-07 01:03:24.128  6337  6337 D ###### Debug Log:       "Name": "Accelerometer Sensor",
08-07 01:03:24.128  6337  6337 D ###### Debug Log:       "Status": "y",
08-07 01:03:24.128  6337  6337 D ###### Debug Log:       "Timeout": "15000"
08-07 01:03:24.128  6337  6337 D ###### Debug Log:     }
08-07 01:03:24.128  6337  6337 D ###### Debug Log:   ]
08-07 01:03:24.128  6337  6337 D ###### Debug Log: }
08-07 01:03:24.128  6337  6337 D ###### Debug Log: check_config_content: false
08-07 01:03:24.134  6337  6337 D ###### Debug Log: launch_test: running
08-07 01:03:24.136  6337  6337 D TestSensor: runTestSensor: sensor_pedometer
08-07 01:03:24.136  6337  6337 D Run Pedometer Sensor: onCreate: Initializing Sensor Services
08-07 01:03:24.139  6337  6337 D TestSensor: runTestSensor: sensor_accelerometer
08-07 01:03:24.139  6337  6337 D Run Accelerometer Sensor: onCreate: Initializing Sensor Services
08-07 01:03:24.140  6337  6337 D TestSensor: runTestSensor: sensor_gyroscope
08-07 01:03:24.140  6337  6337 D Run Gyroscope Sensor: onCreate: Initializing Sensor Services
08-07 01:03:24.173  1339  1482 V DisplayPowerController: Brightness [0.4448819] reason changing to: 'manual', previous reason: 'screen_off'.
08-07 01:03:24.174  1339  3780 I chatty  : uid=1000(system) Binder:1339_15 expire 1 line
08-07 01:03:24.176  1032  1032 D AodProxy: onDisplayStateChange to 2 with 0x9f38a0c0
08-07 01:03:24.177  2011  2100 V AodDreamService: AodDreamService sees onDisplayStateChange 2
08-07 01:03:24.177  2011  2100 D AodDreamService: Display turning on, acquiring panel
08-07 01:03:24.177  2011  2100 I aod_jni : acquireDisplay
08-07 01:03:24.177  2011  2100 D aod_jni-acquire: Sent Acquire Request
08-07 01:03:24.192   596   596 I chatty  : uid=1000(system) sensors@2.0-ser expire 24 lines
08-07 01:03:24.194  6337  6337 D Run Pedometer Sensor: OnCreate: Registered Pedometer listner
08-07 01:03:24.194  6337  6337 D Run Pedometer Sensor: onSensorChanged: stepsTaken: 0
08-07 01:03:24.200  6337  6337 D Run Accelerometer Sensor: OnCreate: Registered accelerometerSensor listner
08-07 01:03:24.202   901  1585 I chatty  : uid=1000(system) HwBinder:901_1 expire 7 lines
08-07 01:03:24.204  6337  6337 D Run Gyroscope Sensor: OnCreate: Registered gyroscopeSensor listner
08-07 01:03:24.204  1339  1482 I DisplayPowerController: Unblocked screen on after 102 ms
08-07 01:03:24.213  2678  3311 I chatty  : uid=1027(nfc) AsyncTask #1 expire 4 lines
08-07 01:03:24.214   594   594 I chatty  : uid=1027 nfc@1.2-service expire 1 line
08-07 01:03:24.214   594  3340 I chatty  : uid=1027 nfc@1.2-service expire 1 line
08-07 01:03:24.216  1339  1415 I DisplayManagerService: Display device changed state: "Built-in Screen", ON
08-07 01:03:24.219  1750  1750 D KeyguardUpdateMonitor: received broadcast android.intent.action.TIME_TICK
08-07 01:03:24.219  1750  1750 D KeyguardUpdateMonitor: handleTimeUpdate
08-07 01:03:24.223  1750  1750 D KeyguardUpdateMonitor: received broadcast android.intent.action.TIME_TICK
08-07 01:03:24.223  1750  1750 D KeyguardUpdateMonitor: handleTimeUpdate
08-07 01:03:24.225   581  1417 I chatty  : uid=1041(audioserver) HwBinder:581_3 expire 2 lines
08-07 01:03:24.234   594  3341 I chatty  : uid=1027 nfc@1.2-service expire 2 lines
08-07 01:03:24.234  1716  2384 I BtGatt.ScanManager: msg.what = 8
08-07 01:03:24.235  1716  2384 I BtGatt.ScanManager: msg.what = 4
08-07 01:03:24.239  2678  3311 I chatty  : uid=1027(nfc) AsyncTask #1 expire 2 lines
08-07 01:03:24.239  2678  3311 I libnfc_nci: [INFO:nfa_dm_act.cc(269)] unknown revt(0x5012)
08-07 01:03:24.239  2678  3311 I libnfc_nci: [INFO:NativeNfcManager.cpp(744)] nfaDeviceManagementCallback: enter; event=0xB
08-07 01:03:24.239  2678  3311 I libnfc_nci: [INFO:NativeNfcManager.cpp(872)] nfaDeviceManagementCallback: NFA_DM_SET_POWER_SUB_STATE_EVT; status=0x0
08-07 01:03:24.240  2678  2678 I libnfc_nci: [INFO:nfa_dm_api.cc(245)] param_id:0x2
08-07 01:03:24.240  2678  3311 I libnfc_nci: [INFO:nfa_sys_main.cc(77)] NFA got event 0x0102
08-07 01:03:24.240  2678  3311 I libnfc_nci: [INFO:nfa_dm_main.cc(122)] event: NFA_DM_API_SET_CONFIG_EVT (0x02)
08-07 01:03:24.240  2678  3311 I libnfc_nci: [INFO:nfa_dm_main.cc(222)] nfa_dm_check_set_config
08-07 01:03:24.240  2678  3311 I libnfc_nci: [INFO:NfcAdaptation.cc(645)] NfcAdaptation::HalWrite
08-07 01:03:24.240   594   594 D StNfcHal: HAL st21nfc: StNfc_hal_write
08-07 01:03:24.240   594  3340 D StNfcHal: (#000C0) Tx 20 02 04 01 02 01 01 
08-07 01:03:24.246  1107  1282 E QMI_FW  : qmi_cci_get_ref: ref count increased 2
08-07 01:03:24.246   594  3341 D StNfcHal: (#000C1) Rx 40 02 02 00 00 
08-07 01:03:24.246  2678  3311 I libnfc_nci: [INFO:nfc_ncif.cc(460)] NFC received rsp gid:0
08-07 01:03:24.247  2678  3311 I libnfc_nci: [INFO:nci_hrcv.cc(63)] nci_proc_core_rsp opcode:0x2
08-07 01:03:24.247  2678  3311 I libnfc_nci: [INFO:nfa_dm_act.cc(269)] NFC_SET_CONFIG_REVT(0x5002)
08-07 01:03:24.247  2678  3311 I libnfc_nci: [INFO:NativeNfcManager.cpp(744)] nfaDeviceManagementCallback: enter; event=0x2
08-07 01:03:24.247  2678  3311 I libnfc_nci: [INFO:NativeNfcManager.cpp(769)] nfaDeviceManagementCallback: NFA_DM_SET_CONFIG_EVT
08-07 01:03:24.256  6337  6337 D Run Pedometer Sensor: onSensorChanged: stepsTaken: 0
08-07 01:03:24.256  1107  1239 E QMI_FW  : qmi_cci_get_ref: ref count increased 2
08-07 01:03:24.264  1107  1239 E QMI_FW  : qmi_cci_get_ref: ref count increased 2
08-07 01:03:24.264  2678  2678 D NfcService: MSG_APPLY_SCREEN_STATE 8
08-07 01:03:24.264  2678  2678 D NfcService: Discovery configuration equal, not updating.
08-07 01:03:24.264  2678  2678 I libnfc_nci: [INFO:NativeNfcManager.cpp(1799)] nfcManager_doSetScreenState: state = 8 prevScreenState= 8, discovry_param = 1
08-07 01:03:24.264  2678  2678 I libnfc_nci: [INFO:NativeNfcManager.cpp(1804)] New screen state is same as previous state. No action taken
08-07 01:03:24.265  1107  1239 E QMI_FW  : qmi_cci_get_ref: ref count increased 2
08-07 01:03:24.267  1024  1024 I chatty  : uid=0(root) mcucapture expire 16 lines
08-07 01:03:24.267  1107  1239 E QMI_FW  : qmi_cci_get_ref: ref count increased 2
08-07 01:03:24.288  1107  1239 E QMI_FW  : qmi_cci_get_ref: ref count increased 2
08-07 01:03:24.293  1107  1273 E QMI_FW  : qmi_cci_get_ref: ref count increased 2
08-07 01:03:24.294  1107  1239 E QMI_FW  : qmi_cci_get_ref: ref count increased 2
08-07 01:03:24.301  1107  6595 E QMI_FW  : qmi_cci_get_ref: ref count increased 2
08-07 01:03:24.328   596  1611 I chatty  : uid=1000(system) sensors@2.0-ser expire 2 lines
08-07 01:03:24.418  2011  2116 E CmdClient: Callback is not set. Message dropped
08-07 01:03:24.418  2011  2100 D aod_jni-acquire: AcquisitionResponse arrived. dataLen = 18, data = 9d857ed8
08-07 01:03:24.418  2011  2100 D aod_jni-acquire: AcquisitionResponse has been verified WOOOO: 0
08-07 01:03:24.419  2011  2100 D AodDreamService: Calling setStandByMode false
08-07 01:03:24.419  1032  1032 D AodProxy: setStandByMode to 0
08-07 01:03:24.419  1032  1032 D AodProxy: setMuxToMcu: false
08-07 01:03:24.421   590   605 D SDM     : HWCDisplayPrimary::SetStandByMode: Display is connected successfully
08-07 01:03:24.421  1032  1032 D AodProxy: qdisplay setStandByMode returned 0
08-07 01:03:24.421  2011  2100 V AodServiceApplication: setMcuState: false
08-07 01:03:24.432   677   677 D SurfaceFlinger: Setting power mode 2 on display 0
08-07 01:03:24.432   590   639 I SDM     : DisplayBase::SetDisplayState: Set state = 1, display 0
08-07 01:03:24.592   677   677 D SurfaceFlinger: Finished setting power mode 2 on display 0
08-07 01:03:24.593  1339  1482 W PowerManagerService: Screen on took 502 ms
08-07 01:03:24.593  1339  1482 I DreamManagerService: Gently waking up from dream.
08-07 01:03:24.594  1339  1412 I DreamManagerService: Performing gentle wake from dream.
08-07 01:03:24.594  2011  2011 V DreamService[AodDreamService]: wakeUp(): fromSystem=true, mWaking=false, mFinished=false
08-07 01:03:24.594  2011  2011 I AodDreamService: onWakeUp
08-07 01:03:24.595  2011  2011 V DreamService[AodDreamService]: finish(): mFinished=false
08-07 01:03:24.595  1339  5920 I DreamManagerService: Leaving dreamland.
08-07 01:03:24.596  1339  1412 I DreamManagerService: Performing gentle wake from dream.
08-07 01:03:24.596  1339  1412 I DreamController: Stopping dream: name=ComponentInfo{com.facebook.wearable.system.aod_service/com.facebook.wearable.system.aod_service.AodDreamService}, isTest=false, canDoze=true, userId=0, reason='finished self'(from 'requested stopDream')
08-07 01:03:24.599  2011  2011 V DreamService[AodDreamService]: detach(): Calling onDreamingStopped()
08-07 01:03:24.599  2011  2011 I AodDreamService: onDreamingStopped
08-07 01:03:24.599  2011  2011 I AodActivityService: AodDreamCallback onDreamingStopped
08-07 01:03:24.599  2011  2011 D AodActivity: com.facebook.wearable.system.launcher exiting aod mode
08-07 01:03:24.603   607   653 I chatty  : uid=0(root) perf@2.2-servic expire 4 lines
08-07 01:03:24.604  1032  1032 D AodProxy: registerCallback 0x0
08-07 01:03:24.604  1339  5920 W AppOps  : Noting op not finished: uid 10017 pkg com.facebook.wearable.system.launcher code 24 startTime of in progress event=1628278262662
08-07 01:03:24.605  2011  2011 V DreamService[AodDreamService]: onDreamingStopped()
08-07 01:03:24.605  2011  2011 V DreamService[AodDreamService]: finish(): mFinished=true
08-07 01:03:24.607   596   923 I chatty  : uid=1000(system) sensors@2.0-ser expire 2 lines
08-07 01:03:24.607   901  1590 I chatty  : uid=1000(system) /vendor/bin/commandrouter expire 4 lines
08-07 01:03:24.608  2011  2011 V DreamService[AodDreamService]: onDestroy()
08-07 01:03:24.608  2011  2011 V DreamService[AodDreamService]: finish(): mFinished=true
08-07 01:03:24.612   677   738 W HWComposer: Ignoring duplicate VSYNC event from HWC for display 0 (t=5121944087158)
08-07 01:03:24.623  1339  1451 I chatty  : uid=1000(system) ActivityManager expire 9 lines
08-07 01:03:24.664  1339  1360 I chatty  : uid=1000(system) Binder:1339_1 expire 6 lines
08-07 01:03:24.677   677   738 W HWComposer: Ignoring duplicate VSYNC event from HWC for display 0 (t=5122011501846)
08-07 01:03:25.564   581  2551 I chatty  : uid=1041(audioserver) writer expire 22 lines
08-07 01:03:25.591   581  2555 I chatty  : uid=1041(audioserver) writer expire 1 line
08-07 01:03:25.593   581  2551 I chatty  : uid=1041(audioserver) writer expire 6 lines
08-07 01:03:25.593   581  2551 D ACDB-LOADER: ACDB -> AUDIO_SET_AUDPROC_CAL cal_type[11] acdb_id[14] app_type[69937]
08-07 01:03:25.593   581  2551 D ACDB-LOADER: ACDB -> send_audvoltable
08-07 01:03:25.593   581  2551 D ACDB-LOADER: ACDB -> ACDB_CMD_GET_AUDPROC_GAIN_DEP_STEP_TABLE_SIZE
08-07 01:03:25.593   581  2551 D ACDB-LOADER: ACDB -> ACDB_CMD_GET_AUDPROC_GAIN_DEP_STEP_TABLE, vol index 0
08-07 01:03:25.593   581  2551 D ACDB-LOADER: ACDB -> AUDIO_SET_VOL_CAL cal type = 12
08-07 01:03:25.593   581  2551 D ACDB-LOADER: ACDB -> ACDB_CMD_GET_AUDPROC_STREAM_TABLE_SIZE
08-07 01:03:25.593   581  2551 D ACDB-LOADER: ACDB -> send_audstrmtable
08-07 01:03:25.593   581  2551 D ACDB-LOADER: ACDB -> ACDB_CMD_GET_AUDPROC_STREAM_TABLE_V2
08-07 01:03:25.593   581  2551 D ACDB-LOADER: ACDB -> audstrm_cal->cal_type.cal_data.cal_size = 16
08-07 01:03:25.594   581  2551 D ACDB-LOADER: ACDB -> send_afe_topology
08-07 01:03:25.594   581  2551 D ACDB-LOADER: ACDB -> ACDB_CMD_GET_AFE_TOPOLOGY_ID
08-07 01:03:25.594   581  2551 D ACDB-LOADER: ACDB -> GET_AFE_TOPOLOGY_ID for adcd_id 14, Topology Id 1025e
08-07 01:03:25.594   581  2551 D ACDB-LOADER: ACDB -> send_afe_cal
08-07 01:03:25.594   581  2551 D ACDB-LOADER: ACDB -> ACDB_CMD_GET_AFE_COMMON_TABLE_SIZE
08-07 01:03:25.594   581  2551 D ACDB-LOADER: ACDB -> ACDB_CMD_GET_AFE_COMMON_TABLE
08-07 01:03:25.594   581  2551 D ACDB-LOADER: ACDB -> AUDIO_SET_AFE_CAL cal_type[16] acdb_id[14]
08-07 01:03:25.594   581  2551 D ACDB-LOADER: ACDB -> send_hw_delay : acdb_id = 14 path = 0
08-07 01:03:25.594   581  2551 D ACDB-LOADER: ACDB -> ACDB_AVSYNC_INFO: ACDB_CMD_GET_DEVICE_PROPERTY
08-07 01:03:25.594   581  2551 D audio_hw_bluebox: audio_extn_bluebox_route_enabled() usecase=0
08-07 01:03:25.594   581  2551 D audio_hw_primary: enable_audio_route: apply mixer and update path: low-latency-playback
08-07 01:03:25.594   581  2551 D audio_route: Apply path: low-latency-playback
08-07 01:03:25.650   581  2551 D msm8974_platform: platform_set_channel_map mixer_ctl_name:Playback Channel Map12
08-07 01:03:25.651   581  2551 D msm8974_platform: platform_set_channel_map: set mapping(1 2 0 0 0 0 0 0) for channel:2
08-07 01:03:25.652   581  2551 D audio_hw_primary: start_output_stream: exit
08-07 01:03:25.654   677   738 W HWComposer: Ignoring duplicate VSYNC event from HWC for display 0 (t=5122988638251)
08-07 01:03:25.817   647  1021 W APM::AudioPolicyEngine: getDevicesForStrategy() unknown strategy: -1
08-07 01:03:26.000  2897  2897 W InputMethodManager: No current root view, ignoring closeCurrentInput()
08-07 01:03:27.017  1339  1674 I chatty  : uid=1000(system) NetworkStats expire 2 lines
08-07 01:03:27.059  1339  1675 I chatty  : uid=1000(system) NetworkPolicy expire 2 lines
08-07 01:03:27.743   677   738 W HWComposer: Ignoring duplicate VSYNC event from HWC for display 0 (t=5125077634657)
08-07 01:03:27.793   677   738 W HWComposer: Ignoring duplicate VSYNC event from HWC for display 0 (t=5125128158407)
08-07 01:03:28.747   581  1417 D audio_hw_primary: out_standby: enter: stream (0x9a796000) usecase(1: low-latency-playback)
08-07 01:03:28.788   581  1417 D audio_hw_primary: disable_audio_route: reset and update mixer path: low-latency-playback
08-07 01:03:28.790   581  1417 D soundtrigger: audio_extn_sound_trigger_update_stream_status: uc_info->id 1 of type 0 for Event 2, with Raise=0
08-07 01:03:28.790   581  1417 D audio_hw_bluebox: audio_extn_bluebox_route_disabled() usecase=0
08-07 01:03:28.790   581  1417 D hardware_info: hw_info_append_hw_type : device_name = speaker
08-07 01:03:28.790   581  1417 D audio_hw_primary: disable_snd_device: snd_device(2: speaker)
08-07 01:03:28.790   581  1417 I soundtrigger: audio_extn_sound_trigger_update_device_status: device 0x2 of type 0 for Event 0, with Raise=0
08-07 01:03:28.790   581  1417 D audio_hw_bluebox: sending snd dev notification enabled=0 sdev=Speaker
08-07 01:03:28.816  1024  1024 I chatty  : uid=0(root) mcucapture expire 12 lines
08-07 01:03:28.883   581  2555 E CmdClient: Callback is not set. Message dropped
08-07 01:03:28.886  1339  5920 I chatty  : uid=1000(system) Binder:1339_19 expire 1 line
08-07 01:03:30.183  1086  1111 D vendor.facebook.rtc_sync@1.0-service: Request req_ts=1628298210174073793 resp_ts=1628298210183684153
08-07 01:03:30.519  2715  3361 D OTTS_sleep_jni: Unpacked SleepDataUpdateRequest.
08-07 01:03:30.519  2715  3361 D OTTS_sleep_jni: Received SleepDataRequest with OTT of size 35
08-07 01:03:30.519  2715  3361 D OTTS_sleep_jni: Calling sleep data callback...
08-07 01:03:30.520  2715  3361 D OTTS_sleep_jni: Calling Java sleep callback for OTT data.
08-07 01:03:30.520  2715  3361 D OTTS_OTTDataHandler: Got new OTT data of length: 35 at time 0
08-07 01:03:30.520  2715  3361 D OTTS_OTTDataHandler: Sending OTT to Delegation
08-07 01:03:39.138   596   596 I chatty  : uid=1000(system) sensors@2.0-ser expire 10 lines
08-07 01:03:39.139   596   919 I chatty  : uid=1000(system) sensors@2.0-ser expire 1 line
08-07 01:03:39.144   596   917 I chatty  : uid=1000(system) sensors@2.0-ser expire 2 lines
08-07 01:03:39.149   596   916 I chatty  : uid=1000(system) sensors@2.0-ser expire 2 lines
08-07 01:03:39.150   901  1587 I chatty  : uid=1000(system) HwBinder:901_1 expire 2 lines
08-07 01:03:39.155   901   935 I chatty  : uid=1000(system) /vendor/bin/commandrouter expire 5 lines
08-07 01:03:39.155   596  1636 I chatty  : uid=1000(system) sensors@2.0-ser expire 1 line
08-07 01:03:39.223   596  1616 I chatty  : uid=1000(system) sensors@2.0-ser expire 1 line
08-07 01:03:39.223   596  1611 I chatty  : uid=1000(system) sensors@2.0-ser expire 1 line
08-07 01:03:39.411   596  1628 I chatty  : uid=1000(system) sensors@2.0-ser expire 1 line
08-07 01:03:40.183  1086  1111 D vendor.facebook.rtc_sync@1.0-service: Request req_ts=1628298220179684153 resp_ts=1628298220183804202
08-07 01:03:44.544   907   907 D mcu_health_checker: Sent isMcuReachable Request
08-07 01:03:44.566   907   947 E CmdClient: Callback is not set. Message dropped
08-07 01:03:44.566   907   907 D mculinkhealth: isMcuReachable 1
08-07 01:03:44.567  1024  1024 I chatty  : uid=0(root) mcucapture expire 11 lines
08-07 01:03:49.862  1339  1482 I PowerManagerService: Going to sleep due to timeout (uid 1000)...
08-07 01:03:49.866  1339  1482 V DisplayPowerController: Brightness [0.05] reason changing to: 'manual [ dim ]', previous reason: 'manual'.
08-07 01:03:49.867  1339  1482 I DreamManagerService: Entering dreamland.
08-07 01:03:49.869  1339  1482 I PowerManagerService: Dozing...
08-07 01:03:49.873  1339  1412 I DreamController: Starting dream: name=ComponentInfo{com.facebook.wearable.system.aod_service/com.facebook.wearable.system.aod_service.AodDreamService}, isTest=false, canDoze=true, userId=0
08-07 01:03:49.876  1339  1412 I chatty  : uid=1000(system) android.fg expire 3 lines
08-07 01:03:49.879  1339  1412 D AutofillManagerService: Close system dialogs
08-07 01:03:49.881  2011  2011 I AodDreamService: onCreate AodDreamService
08-07 01:03:49.884  2011  2011 I android_os_HwBinder: HwBinder: Starting thread pool for getting: vendor.facebook.hardware.aod_proxy@1.0::IAodProxy/default
08-07 01:03:49.951  2011  2011 V AodSettingsHelper: aodEnabled=true wristRaiseEnabled=true isLocked=false isCharging=true isTheater=false isWater=false
08-07 01:03:49.954  1032  1032 D AodProxy: registerCallback 0x9f38a0c0
08-07 01:03:49.955  2011  2011 V DreamService[AodDreamService]: onBind() intent = Intent { act=android.service.dreams.DreamService flg=0x800000 cmp=com.facebook.wearable.system.aod_service/.AodDreamService }
08-07 01:03:49.957  2011  2011 D AodDreamService: On aod activity service connected
08-07 01:03:49.957  2011  2011 V DreamService[AodDreamService]: onDreamingStarted()
08-07 01:03:49.958  2011  2011 I AodDreamService: onDreamingStarted
08-07 01:03:49.967   596   596 I chatty  : uid=1000(system) sensors@2.0-ser expire 8 lines
08-07 01:03:49.968   596   923 I chatty  : uid=1000(system) sensors@2.0-ser expire 3 lines
08-07 01:03:49.968   901  1590 D commandrouter: SocServiceHandle::onSubscribeTopic, SoC Service = WristTilt, subscribing to topicName = msgs:sensors:Tlt
08-07 01:03:49.969  2011  2011 D AodDreamService: registered sensor listener for {Sensor name="Wrist Tilt Sensor", vendor="Facebook, Inc.", version=1, type=26, maxRange=1.0, resolution=1.0, power=0.015, minDelay=0}
08-07 01:03:49.971  2011  2011 I AodActivityService: AodDreamCallback onDreamingStarted
08-07 01:03:49.971  2011  2011 I AodActivityList: no on screen activites - checking launcher
08-07 01:03:49.971  2011  2011 D AodActivity: com.facebook.wearable.system.launcher entering aod mode
08-07 01:03:49.977  1339  1360 I chatty  : uid=1000(system) Binder:1339_1 expire 4 lines
08-07 01:03:49.978  2011  2011 D McuTransferService: the service started
08-07 01:03:49.981  2897  2897 W ErrorCounter: mcu_data_sdk_request complication_mcu_data_update null
08-07 01:03:49.985  2011  5301 I McuTransferService: Request with complication_mcu_data_request type was scheduled to sent to complication_mcu_data_update
08-07 01:03:49.985  2011  5301 I tem.aod_servic: oneway function results will be dropped but finished with status OK and parcel size 4
08-07 01:03:49.993  2011  6615 D McuTransferService: reusing  shared connection
08-07 01:03:49.994  2011  6615 I McuTransferService: Request with complication_mcu_data_request type was sent tocomplication_mcu_data_update
08-07 01:03:49.994   901  3476 D commandrouter: SocServiceHandle::onServiceMessage, SoC Service = McuTransferService_shared, appType = 3, type = SVC_REQ, clientId = 0, token = 16, payloadLen = 536, result = 0, payload.size() = 536
08-07 01:03:49.995   901  1590 D commandrouter: SocServiceHandle::onSubscribeTopic, SoC Service = WristTilt, topic subscription successful. topicName = msgs:sensors:Tlt, subscription ID = 26
08-07 01:03:49.996   901  1590 D commandrouter: SocServiceHandle::onServiceMessage, SoC Service = WristTilt, appType = 13, type = SVC_REQ, clientId = 0, token = 34, payloadLen = 60, result = 0, payload.size() = 60
08-07 01:03:50.047   901   935 D commandrouter: WristTilt (13, merlot:msgs:control): <ServiceResponse> FORWARDED (remote -> local) CR token ID = 34, service client ID = 11, token ID = 460, result = 0
08-07 01:03:50.047   901   935 D commandrouter: McuTransferService_shared (3, complication_mcu_data_update): <ServiceResponse> FORWARDED (remote -> local) CR token ID = 16, service client ID = 32, token ID = 459, result = 0
08-07 01:03:50.048   596  1625 I chatty  : uid=1000(system) sensors@2.0-ser expire 1 line
08-07 01:03:50.048  2011  3489 D McuTransferService: get response for request complication_mcu_data_request, response type complication_mcu_data_response
08-07 01:03:50.049  2897  2926 W ErrorCounter: mcu_data_sdk_response complication_mcu_data_update null
08-07 01:03:50.052  2011  2011 D McuTransferService: the service is being destroyed
08-07 01:03:50.052  2011  2011 D McuTransferService: skipping close shared connection to avoid race condition
08-07 01:03:50.054  2011  3489 D McuTransferService: Sent resposne data back for request complication_mcu_data_request
08-07 01:03:50.054  2011  3489 D McuTransferService: done processing response
08-07 01:03:50.184   901   935 D commandrouter: rtc_sync (1, rtc:sync): <ServiceRequest> FORWARDED (remote -> local) service client ID = 0, token ID = 33461
08-07 01:03:50.184  1086  1111 D vendor.facebook.rtc_sync@1.0-service: Request req_ts=1628298230177804202 resp_ts=1628298230184239615
