08-07 01:03:50.184   901  1109 D commandrouter: SocServiceHandle::onServiceMessage, SoC Service = rtc_sync, appType = 1, type = SVC_RESP, clientId = 0, token = 33461, payloadLen = 8, result = 0, payload.size() = 8
08-07 01:03:50.485  2011  5301 D AodDreamService: doze requested: 2
08-07 01:03:50.485  2011  5301 D AodDreamService: Display should be disabled due to charging
08-07 01:03:50.485  2011  5301 D AodDreamService: Setting DozeScreenState to 1 and startDozing
08-07 01:03:50.487  2011  5301 D AodDreamService: MCU based, waiting for low power state
08-07 01:03:50.487  1339  1482 I DisplayPowerController: Blocking screen off
08-07 01:03:50.488  1339  1482 I DisplayPowerController: Unblocked screen off after 1 ms
08-07 01:03:50.491  1339  1482 D ActivityTaskManager: Top Process State changed to PROCESS_STATE_TOP_SLEEPING
08-07 01:03:50.548  1339  1482 I chatty  : uid=1000(system) PowerManagerSer expire 1 line
08-07 01:03:50.550  1339  1482 V DisplayPowerController: Brightness [-1.0] reason changing to: 'screen_off', previous reason: 'manual [ dim ]'.
08-07 01:03:50.560   677   677 D SurfaceFlinger: Setting power mode 0 on display 0
08-07 01:03:50.560   590   639 I SDM     : DisplayBase::SetDisplayState: Set state = 0, display 0
08-07 01:03:50.560  1339  1415 I DisplayManagerService: Display device changed state: "Built-in Screen", OFF
08-07 01:03:50.574  1339  1415 I chatty  : uid=1000(system) android.display expire 1 line
08-07 01:03:50.575  1339  1451 I chatty  : uid=1000(system) ActivityManager expire 9 lines
08-07 01:03:50.576  1339  1665 I chatty  : uid=1000(system) InputReader expire 2 lines
08-07 01:03:50.577  1716  2384 I BtGatt.ScanManager: msg.what = 8
08-07 01:03:50.578  1716  2384 I BtGatt.ScanManager: msg.what = 4
08-07 01:03:50.586  1107  1282 E QMI_FW  : qmi_cci_get_ref: ref count increased 2
08-07 01:03:50.591  1107  1239 E QMI_FW  : qmi_cci_get_ref: ref count increased 2
08-07 01:03:50.596  1107  1239 I chatty  : uid=1001(radio) DispatcherModul identical 3 lines
08-07 01:03:50.598  1107  1239 E QMI_FW  : qmi_cci_get_ref: ref count increased 2
08-07 01:03:50.601  1107  1273 E QMI_FW  : qmi_cci_get_ref: ref count increased 2
08-07 01:03:50.673   677   677 D SurfaceFlinger: Finished setting power mode 0 on display 0
08-07 01:03:50.674  1339  1709 I chatty  : uid=1000(system) PhotonicModulat expire 1 line
08-07 01:03:50.674  1032  1032 D AodProxy: onDisplayStateChange to 1 with 0x9f38a0c0
08-07 01:03:50.675  2011  2100 V AodDreamService: AodDreamService sees onDisplayStateChange 1
08-07 01:03:50.675  2011  2100 D AodDreamService: Handoff to MCU. state(1), flags(1)
08-07 01:03:50.675  2011  2100 D AodDreamService: Calling setStandByMode true
08-07 01:03:50.675  1032  1032 D AodProxy: setStandByMode to 1
08-07 01:03:50.676   590   605 D SDM     : HWCDisplayPrimary::SetStandByMode: Null display is connected successfully
08-07 01:03:50.677  1032  1032 D AodProxy: qdisplay setStandByMode returned 0
08-07 01:03:50.677  1032  1032 D AodProxy: setMuxToMcu: true
08-07 01:03:50.678  2011  2100 V AodServiceApplication: setMcuState: true
08-07 01:03:50.687  2011  2100 I aod_jni : handoffDisplay
08-07 01:03:50.687  2011  2100 D aod_jni-handoff: Sent Handoff Request
08-07 01:03:50.687   901  2114 D commandrouter: SocServiceHandle::onServiceMessage, SoC Service = aod_service, appType = 1, type = SVC_REQ, clientId = 0, token = 16, payloadLen = 96, result = 0, payload.size() = 96
08-07 01:03:50.712   901   935 D commandrouter: aod_service (1, aod:handoff): <ServiceResponse> FORWARDED (remote -> local) CR token ID = 16, service client ID = 27, token ID = 461, result = 0
08-07 01:03:50.713  2011  2116 E CmdClient: Callback is not set. Message dropped
08-07 01:03:50.713  2011  2100 D aod_jni-handoff: HandoffResponse arrived. dataLen = 18, data = 9d858d00
08-07 01:03:50.713  2011  2100 D aod_jni-handoff: HandoffResponse has been verified WOOOO: 0
08-07 01:03:50.718   595   595 I QTI PowerHAL: Power setMode: 7 to: 0
08-07 01:03:50.722   595   595 I QTI PowerHAL: Got set_interactive hint
08-07 01:03:50.723   595   595 I QTI PowerHAL: Got set_interactive hint on= 0, count= 34
08-07 01:03:50.723   595   595 E QTI PowerHAL: Error opening /sys/kernel/hbtp/display_pwr: No such file or directory
08-07 01:03:50.728  1339  1678 I chatty  : uid=1000(system) WifiHandlerThre expire 1 line
08-07 01:03:50.732   581  1417 D audio_hw_primary: adev_set_parameters: enter: screen_state=off
08-07 01:03:50.733   581  1417 W sound_trigger_hw: sound_trigger_hw_call_back: Unknown event 17
08-07 01:03:50.751  2678  2678 D NfcService: MSG_APPLY_SCREEN_STATE 1
08-07 01:03:50.752  2678  2678 I libnfc_nci: [INFO:NativeNfcManager.cpp(1799)] nfcManager_doSetScreenState: state = 1 prevScreenState= 8, discovry_param = 1
08-07 01:03:50.752  2678  2678 I libnfc_nci: [INFO:nfa_dm_api.cc(245)] param_id:0x2
08-07 01:03:50.753  2678  3311 I libnfc_nci: [INFO:nfa_sys_main.cc(77)] NFA got event 0x0102
08-07 01:03:50.753  2678  3311 I libnfc_nci: [INFO:nfa_dm_main.cc(122)] event: NFA_DM_API_SET_CONFIG_EVT (0x02)
08-07 01:03:50.753  2678  3311 I libnfc_nci: [INFO:nfa_dm_main.cc(222)] nfa_dm_check_set_config
08-07 01:03:50.753  2678  3311 I libnfc_nci: [INFO:NfcAdaptation.cc(645)] NfcAdaptation::HalWrite
08-07 01:03:50.753   594   594 D StNfcHal: HAL st21nfc: StNfc_hal_write
08-07 01:03:50.753   594  3340 D StNfcHal: (#000C2) Tx 20 02 04 01 02 01 00 
08-07 01:03:50.769   594  3341 W StNfcHal: ! i2cWrite!!, errno is 'I/O error'
08-07 01:03:50.774   594  3341 D StNfcHal: (#000C3) Rx 40 02 02 00 00 
08-07 01:03:50.777  2678  3311 I libnfc_nci: [INFO:nfc_ncif.cc(460)] NFC received rsp gid:0
08-07 01:03:50.777  2678  3311 I libnfc_nci: [INFO:nci_hrcv.cc(63)] nci_proc_core_rsp opcode:0x2
08-07 01:03:50.777  2678  3311 I libnfc_nci: [INFO:nfa_dm_act.cc(269)] NFC_SET_CONFIG_REVT(0x5002)
08-07 01:03:50.777  2678  3311 I libnfc_nci: [INFO:NativeNfcManager.cpp(744)] nfaDeviceManagementCallback: enter; event=0x2
08-07 01:03:50.777  2678  3311 I libnfc_nci: [INFO:NativeNfcManager.cpp(769)] nfaDeviceManagementCallback: NFA_DM_SET_CONFIG_EVT
08-07 01:03:50.777  2678  2678 I libnfc_nci: [INFO:nfa_dm_api.cc(187)] NFA_SetPowerSubStateForScreenState: state:0x1
08-07 01:03:50.778  2678  3311 I libnfc_nci: [INFO:nfa_sys_main.cc(77)] NFA got event 0x011A
08-07 01:03:50.778  2678  3311 I libnfc_nci: [INFO:nfa_dm_main.cc(122)] event: NFA_DM_API_SET_POWER_SUB_STATE_EVT (0x1a)
08-07 01:03:50.778  2678  3311 I libnfc_nci: [INFO:nfa_dm_act.cc(599)] nfa_dm_set_power_sub_state
08-07 01:03:50.778  2678  3311 I libnfc_nci: [INFO:NfcAdaptation.cc(645)] NfcAdaptation::HalWrite
08-07 01:03:50.778   594   594 D StNfcHal: HAL st21nfc: StNfc_hal_write
08-07 01:03:50.779   594  3340 D StNfcHal: (#000C4) Tx 20 09 01 01 
08-07 01:03:50.780   594  3341 D StNfcHal: (#000C5) Rx 40 09 01 00 
08-07 01:03:50.780  2678  3311 I libnfc_nci: [INFO:nfc_ncif.cc(460)] NFC received rsp gid:0
08-07 01:03:50.781  2678  3311 I libnfc_nci: [INFO:nci_hrcv.cc(63)] nci_proc_core_rsp opcode:0x9
08-07 01:03:50.781  2678  3311 I libnfc_nci: [INFO:nfa_dm_act.cc(269)] unknown revt(0x5012)
08-07 01:03:50.781  2678  3311 I libnfc_nci: [INFO:NativeNfcManager.cpp(744)] nfaDeviceManagementCallback: enter; event=0xB
08-07 01:03:50.781  2678  3311 I libnfc_nci: [INFO:NativeNfcManager.cpp(872)] nfaDeviceManagementCallback: NFA_DM_SET_POWER_SUB_STATE_EVT; status=0x0
08-07 01:03:50.781  2678  2678 I libnfc_nci: [INFO:NativeNfcTag.cpp(860)] nativeNfcTag_doDisconnect: enter
08-07 01:03:50.781  2678  2678 E libnfc_nci: [ERROR:NativeNfcTag.cpp(866)] nativeNfcTag_doDisconnect: tag already deactivated
08-07 01:03:50.781  2678  2678 I libnfc_nci: [INFO:NativeNfcTag.cpp(876)] nativeNfcTag_doDisconnect: exit
08-07 01:03:55.496  1339  1415 W ActivityTaskManager: Sleep timeout!  Sleeping now.
08-07 01:04:00.188   901   935 D commandrouter: rtc_sync (1, rtc:sync): <ServiceRequest> FORWARDED (remote -> local) service client ID = 0, token ID = 33462
08-07 01:04:00.189  1086  1111 D vendor.facebook.rtc_sync@1.0-service: Request req_ts=1628298240179239615 resp_ts=1628298240189069975
08-07 01:04:00.189   901  1109 D commandrouter: SocServiceHandle::onServiceMessage, SoC Service = rtc_sync, appType = 1, type = SVC_RESP, clientId = 0, token = 33462, payloadLen = 8, result = 0, payload.size() = 8
08-07 01:04:00.798   901   935 D commandrouter: sleep (1, sleep:data): <ServiceRequest> FORWARDED (remote -> local) service client ID = 3, token ID = 33463
08-07 01:04:00.798  2715  3361 D OTTS_sleep_jni: Unpacked SleepDataUpdateRequest.
08-07 01:04:00.798  2715  3361 D OTTS_sleep_jni: Received SleepDataRequest with OTT of size 35
08-07 01:04:00.798  2715  3361 D OTTS_sleep_jni: Calling sleep data callback...
08-07 01:04:00.799  2715  3361 D OTTS_sleep_jni: Calling Java sleep callback for OTT data.
08-07 01:04:00.799  2715  3361 D OTTS_OTTDataHandler: Got new OTT data of length: 35 at time 0
08-07 01:04:00.799  2715  3361 D OTTS_OTTDataHandler: Sending OTT to Delegation
08-07 01:04:00.801   901  3359 D commandrouter: SocServiceHandle::onServiceMessage, SoC Service = sleep, appType = 1, type = SVC_RESP, clientId = 3, token = 33463, payloadLen = 12, result = 0, payload.size() = 12
08-07 01:04:01.623  1339  5920 I PowerManagerService: Waking up from Dozing (uid=1000, reason=WAKE_REASON_POWER_BUTTON, details=android.policy:POWER)...
08-07 01:04:01.628  1339  1482 I DisplayPowerController: Blocking screen on until initial contents have been drawn.
08-07 01:04:01.628   595   595 I QTI PowerHAL: Power setMode: 7 to: 1
08-07 01:04:01.630  1339  1360 I WindowManager: Settings.Secure.ACCESSIBILITY_SHORTCUT_TARGET_SERVICE=null
08-07 01:04:01.630  1339  1360 D WindowManager: powerPress: eventTime=5158953 interactive=true count=1 beganFromNonInteractive=true mShortPressOnPowerBehavior=1 mDoublePressOnPowerBehavior=0 mTriplePressOnPowerBehavior=3
08-07 01:04:01.630   595   595 I QTI PowerHAL: Got set_interactive hint
08-07 01:04:01.630   595   595 I QTI PowerHAL: Got set_interactive hint on= 1, count= 35
08-07 01:04:01.630   595   595 E QTI PowerHAL: Error opening /sys/kernel/hbtp/display_pwr: No such file or directory
08-07 01:04:01.652  1339  1482 D ActivityTaskManager: Top Process State changed to PROCESS_STATE_TOP
08-07 01:04:01.690  1339  1482 V DisplayPowerController: Brightness [0.4448819] reason changing to: 'manual', previous reason: 'screen_off'.
08-07 01:04:01.691  1339  1482 I DisplayPowerController: Unblocked screen on after 64 ms
08-07 01:04:01.692  2678  2678 D NfcService: MSG_APPLY_SCREEN_STATE 8
08-07 01:04:01.692  2678  2678 D NfcService: Discovery configuration equal, not updating.
08-07 01:04:01.692  2678  2678 I libnfc_nci: [INFO:NativeNfcManager.cpp(1799)] nfcManager_doSetScreenState: state = 8 prevScreenState= 1, discovry_param = 1
08-07 01:04:01.693  2678  2678 I libnfc_nci: [INFO:nfa_dm_api.cc(187)] NFA_SetPowerSubStateForScreenState: state:0x8
08-07 01:04:01.693  2678  3311 I libnfc_nci: [INFO:nfa_sys_main.cc(77)] NFA got event 0x011A
08-07 01:04:01.693  2678  3311 I libnfc_nci: [INFO:nfa_dm_main.cc(122)] event: NFA_DM_API_SET_POWER_SUB_STATE_EVT (0x1a)
08-07 01:04:01.693  2678  3311 I libnfc_nci: [INFO:nfa_dm_act.cc(599)] nfa_dm_set_power_sub_state
08-07 01:04:01.693  2678  3311 I libnfc_nci: [INFO:NfcAdaptation.cc(645)] NfcAdaptation::HalWrite
08-07 01:04:01.693   594   594 D StNfcHal: HAL st21nfc: StNfc_hal_write
08-07 01:04:01.693   594  3340 D StNfcHal: (#000C6) Tx 20 09 01 00 
08-07 01:04:01.696  6337  6337 D ###### Debug Log: onResume: elese
08-07 01:04:01.697  6337  6337 D ###### Debug Log: check_config_content: contains: {  "sensor_pressure": [
08-07 01:04:01.697  6337  6337 D ###### Debug Log:     {
08-07 01:04:01.697  6337  6337 D ###### Debug Log:       "ID": "1",
08-07 01:04:01.697  6337  6337 D ###### Debug Log:       "Name": "Pressure Sensor",
08-07 01:04:01.697  6337  6337 D ###### Debug Log:       "Status": "n",
08-07 01:04:01.697  6337  6337 D ###### Debug Log:       "Timeout": "300000"
08-07 01:04:01.697  6337  6337 D ###### Debug Log:     }
08-07 01:04:01.697  6337  6337 D ###### Debug Log:   ],
08-07 01:04:01.697  6337  6337 D ###### Debug Log:   "sensor_gyroscope": [
08-07 01:04:01.697  6337  6337 D ###### Debug Log:     {
08-07 01:04:01.697  6337  6337 D ###### Debug Log:       "ID": "2",
08-07 01:04:01.697  6337  6337 D ###### Debug Log:       "Name": "Gyroscope Sensor",
08-07 01:04:01.697  6337  6337 D ###### Debug Log:       "Status": "y",
08-07 01:04:01.697  6337  6337 D ###### Debug Log:       "Timeout": "15000"
08-07 01:04:01.697  6337  6337 D ###### Debug Log:     }
08-07 01:04:01.697  6337  6337 D ###### Debug Log:   ],
08-07 01:04:01.697  6337  6337 D ###### Debug Log:   "sensor_pedometer": [
08-07 01:04:01.697  6337  6337 D ###### Debug Log:     {
08-07 01:04:01.697  6337  6337 D ###### Debug Log:       "ID": "3",
08-07 01:04:01.697  6337  6337 D ###### Debug Log:       "Name": "Pedometer Sensor",
08-07 01:04:01.697  6337  6337 D ###### Debug Log:       "Status": "y",
08-07 01:04:01.697  6337  6337 D ###### Debug Log:       "Timeout": "15000"
08-07 01:04:01.697  6337  6337 D ###### Debug Log:     }
08-07 01:04:01.697  6337  6337 D ###### Debug Log:   ],
08-07 01:04:01.697  6337  6337 D ###### Debug Log:   "sensor_heartrate": [
08-07 01:04:01.697  6337  6337 D ###### Debug Log:     {
08-07 01:04:01.697  6337  6337 D ###### Debug Log:       "ID": "4",
08-07 01:04:01.697  6337  6337 D ###### Debug Log:       "Name": "Heartrate Sensor",
08-07 01:04:01.697  6337  6337 D ###### Debug Log:       "Status": "y",
08-07 01:04:01.697  6337  6337 D ###### Debug Log:       "Timeout": "15000"
08-07 01:04:01.697  6337  6337 D ###### Debug Log:     }
08-07 01:04:01.697  6337  6337 D ###### Debug Log:   ],
08-07 01:04:01.697  6337  6337 D ###### Debug Log:   "sensor_accelerometer": [
08-07 01:04:01.697  6337  6337 D ###### Debug Log:     {
08-07 01:04:01.697  6337  6337 D ###### Debug Log:       "ID": "5",
08-07 01:04:01.697  6337  6337 D ###### Debug Log:       "Name": "Accelerometer Sensor",
08-07 01:04:01.697  6337  6337 D ###### Debug Log:       "Status": "y",
08-07 01:04:01.697  6337  6337 D ###### Debug Log:       "Timeout": "15000"
08-07 01:04:01.697  6337  6337 D ###### Debug Log:     }
08-07 01:04:01.697  6337  6337 D ###### Debug Log:   ]
08-07 01:04:01.697  6337  6337 D ###### Debug Log: }
08-07 01:04:01.697  6337  6337 D ###### Debug Log: check_config_content: false
08-07 01:04:01.700  6337  6337 D ###### Debug Log: launch_test: running
08-07 01:04:01.701  6337  6337 D TestSensor: runTestSensor: sensor_pedometer
08-07 01:04:01.702  6337  6337 D Run Pedometer Sensor: onCreate: Initializing Sensor Services
08-07 01:04:01.703  6337  6337 D TestSensor: runTestSensor: sensor_accelerometer
08-07 01:04:01.703  6337  6337 D Run Accelerometer Sensor: onCreate: Initializing Sensor Services
08-07 01:04:01.704  6337  6337 D TestSensor: runTestSensor: sensor_gyroscope
08-07 01:04:01.704  6337  6337 D Run Gyroscope Sensor: onCreate: Initializing Sensor Services
08-07 01:04:01.709   594  3341 W StNfcHal: ! i2cWrite!!, errno is 'I/O error'
08-07 01:04:01.712  1032  1032 D AodProxy: onDisplayStateChange to 2 with 0x9f38a0c0
08-07 01:04:01.713  2011  2100 V AodDreamService: AodDreamService sees onDisplayStateChange 2
08-07 01:04:01.713  2011  2100 D AodDreamService: Display turning on, acquiring panel
08-07 01:04:01.713  2011  2100 I aod_jni : acquireDisplay
08-07 01:04:01.713  2011  2100 D aod_jni-acquire: Sent Acquire Request
08-07 01:04:01.713   901  2114 D commandrouter: SocServiceHandle::onServiceMessage, SoC Service = aod_service, appType = 2, type = SVC_REQ, clientId = 0, token = 16, payloadLen = 12, result = 0, payload.size() = 12
08-07 01:04:01.714   594  3341 D StNfcHal: (#000C7) Rx 40 09 01 00 
08-07 01:04:01.715  2678  3311 I libnfc_nci: [INFO:nfc_ncif.cc(460)] NFC received rsp gid:0
08-07 01:04:01.715  2678  3311 I libnfc_nci: [INFO:nci_hrcv.cc(63)] nci_proc_core_rsp opcode:0x9
08-07 01:04:01.715  2678  3311 I libnfc_nci: [INFO:nfa_dm_act.cc(269)] unknown revt(0x5012)
08-07 01:04:01.715  2678  3311 I libnfc_nci: [INFO:NativeNfcManager.cpp(744)] nfaDeviceManagementCallback: enter; event=0xB
08-07 01:04:01.716  2678  3311 I libnfc_nci: [INFO:NativeNfcManager.cpp(872)] nfaDeviceManagementCallback: NFA_DM_SET_POWER_SUB_STATE_EVT; status=0x0
08-07 01:04:01.716  2678  2678 I libnfc_nci: [INFO:nfa_dm_api.cc(245)] param_id:0x2
08-07 01:04:01.717  2678  3311 I libnfc_nci: [INFO:nfa_sys_main.cc(77)] NFA got event 0x0102
08-07 01:04:01.717  2678  3311 I libnfc_nci: [INFO:nfa_dm_main.cc(122)] event: NFA_DM_API_SET_CONFIG_EVT (0x02)
08-07 01:04:01.717  2678  3311 I libnfc_nci: [INFO:nfa_dm_main.cc(222)] nfa_dm_check_set_config
08-07 01:04:01.717  2678  3311 I libnfc_nci: [INFO:NfcAdaptation.cc(645)] NfcAdaptation::HalWrite
08-07 01:04:01.718   594   594 D StNfcHal: HAL st21nfc: StNfc_hal_write
08-07 01:04:01.720   594  3340 D StNfcHal: (#000C8) Tx 20 02 04 01 02 01 01 
08-07 01:04:01.723   594  3341 D StNfcHal: (#000C9) Rx 40 02 02 00 00 
08-07 01:04:01.729  2678  3311 I libnfc_nci: [INFO:nfc_ncif.cc(460)] NFC received rsp gid:0
08-07 01:04:01.729  2678  3311 I libnfc_nci: [INFO:nci_hrcv.cc(63)] nci_proc_core_rsp opcode:0x2
08-07 01:04:01.730  2678  3311 I libnfc_nci: [INFO:nfa_dm_act.cc(269)] NFC_SET_CONFIG_REVT(0x5002)
08-07 01:04:01.730  2678  3311 I libnfc_nci: [INFO:NativeNfcManager.cpp(744)] nfaDeviceManagementCallback: enter; event=0x2
08-07 01:04:01.730  2678  3311 I libnfc_nci: [INFO:NativeNfcManager.cpp(769)] nfaDeviceManagementCallback: NFA_DM_SET_CONFIG_EVT
08-07 01:04:01.737  1750  1750 D KeyguardUpdateMonitor: received broadcast android.intent.action.TIME_TICK
08-07 01:04:01.738  1750  1750 D KeyguardUpdateMonitor: received broadcast android.intent.action.TIME_TICK
08-07 01:04:01.738  1750  1750 D KeyguardUpdateMonitor: handleTimeUpdate
08-07 01:04:01.738  1750  1750 D KeyguardUpdateMonitor: handleTimeUpdate
08-07 01:04:01.739  1024  1024 I chatty  : uid=0(root) mcucapture expire 8 lines
08-07 01:04:01.743  1339  1678 I chatty  : uid=1000(system) WifiHandlerThre expire 1 line
08-07 01:04:01.745  1339  1415 I DisplayManagerService: Display device changed state: "Built-in Screen", ON
08-07 01:04:01.749  1339  1415 I chatty  : uid=1000(system) android.display expire 1 line
08-07 01:04:01.749   581  1417 D audio_hw_primary: adev_set_parameters: enter: screen_state=on
08-07 01:04:01.749   581  1417 W sound_trigger_hw: sound_trigger_hw_call_back: Unknown event 17
08-07 01:04:01.751  1339  1665 I chatty  : uid=1000(system) InputReader expire 2 lines
08-07 01:04:01.753  1716  2384 I BtGatt.ScanManager: msg.what = 8
08-07 01:04:01.762  1716  2384 I BtGatt.ScanManager: msg.what = 4
08-07 01:04:01.765   596   596 I chatty  : uid=1000(system) sensors@2.0-ser expire 24 lines
08-07 01:04:01.765   596   919 I chatty  : uid=1000(system) sensors@2.0-ser expire 1 line
08-07 01:04:01.765  6337  6337 D Run Pedometer Sensor: OnCreate: Registered Pedometer listner
08-07 01:04:01.765   901  1630 D commandrouter: SocServiceHandle::onServiceMessage, SoC Service = Pedometer, appType = 31, type = SVC_REQ, clientId = 0, token = 23, payloadLen = 60, result = 0, payload.size() = 60
08-07 01:04:01.766  6337  6337 D Run Pedometer Sensor: onSensorChanged: stepsTaken: 0
08-07 01:04:01.769   596   917 I chatty  : uid=1000(system) sensors@2.0-ser expire 3 lines
08-07 01:04:01.769   901  1585 D commandrouter: SocServiceHandle::onTopicMessage, SoC Service = Accelerometer, appType = 8, type = TOPIC_START, seq = 0, payloadLen = 0, nanoseconds = 0, payload.size() = 0
08-07 01:04:01.769   901  1585 D commandrouter: SocServiceHandle::onSubscribeTopic, SoC Service = Accelerometer, subscribing to topicName = msgs:sensors:Acc
08-07 01:04:01.770  6337  6337 D Run Accelerometer Sensor: OnCreate: Registered accelerometerSensor listner
08-07 01:04:01.773   596   916 I chatty  : uid=1000(system) sensors@2.0-ser expire 3 lines
08-07 01:04:01.773  6337  6337 D Run Gyroscope Sensor: OnCreate: Registered gyroscopeSensor listner
08-07 01:04:01.776  1107  1282 E QMI_FW  : qmi_cci_get_ref: ref count increased 2
08-07 01:04:01.776   901  1587 D commandrouter: SocServiceHandle::onTopicMessage, SoC Service = Gyroscope, appType = 6, type = TOPIC_START, seq = 0, payloadLen = 0, nanoseconds = 0, payload.size() = 0
08-07 01:04:01.776   901  1587 D commandrouter: SocServiceHandle::onSubscribeTopic, SoC Service = Gyroscope, subscribing to topicName = msgs:sensors:Gyr
08-07 01:04:01.780  1107  1239 E QMI_FW  : qmi_cci_get_ref: ref count increased 2
08-07 01:04:01.781   901   935 D commandrouter: Pedometer (31, merlot:msgs:control): <ServiceResponse> FORWARDED (remote -> local) CR token ID = 23, service client ID = 14, token ID = 463, result = 0
08-07 01:04:01.781  1107  1239 E QMI_FW  : qmi_cci_get_ref: ref count increased 2
08-07 01:04:01.782  6337  6337 D Run Pedometer Sensor: onSensorChanged: stepsTaken: 0
08-07 01:04:01.782   596  1636 I chatty  : uid=1000(system) sensors@2.0-ser expire 1 line
08-07 01:04:01.783  1107  1239 E QMI_FW  : qmi_cci_get_ref: ref count increased 2
08-07 01:04:01.789  1107  1239 I chatty  : uid=1001(radio) DispatcherModul identical 5 lines
08-07 01:04:01.793  1107  1239 E QMI_FW  : qmi_cci_get_ref: ref count increased 2
08-07 01:04:01.794  2678  2678 D NfcService: MSG_APPLY_SCREEN_STATE 8
08-07 01:04:01.795  2678  2678 D NfcService: Discovery configuration equal, not updating.
08-07 01:04:01.795  2678  2678 I libnfc_nci: [INFO:NativeNfcManager.cpp(1799)] nfcManager_doSetScreenState: state = 8 prevScreenState= 8, discovry_param = 1
08-07 01:04:01.795  2678  2678 I libnfc_nci: [INFO:NativeNfcManager.cpp(1804)] New screen state is same as previous state. No action taken
08-07 01:04:01.808  1107  1239 E QMI_FW  : qmi_cci_get_ref: ref count increased 2
08-07 01:04:01.810  1107  1239 E QMI_FW  : qmi_cci_get_ref: ref count increased 2
08-07 01:04:01.814  1107  1239 E QMI_FW  : qmi_cci_get_ref: ref count increased 2
08-07 01:04:01.816  1107  1239 E QMI_FW  : qmi_cci_get_ref: ref count increased 2
08-07 01:04:01.827  1107  1239 E QMI_FW  : qmi_cci_get_ref: ref count increased 2
08-07 01:04:01.827  1107  1273 E QMI_FW  : qmi_cci_get_ref: ref count increased 2
08-07 01:04:01.830   901  1585 D commandrouter: SocServiceHandle::onSubscribeTopic, SoC Service = Accelerometer, topic subscription successful. topicName = msgs:sensors:Acc, subscription ID = 27
08-07 01:04:01.830   901  1585 D commandrouter: SocServiceHandle::onServiceMessage, SoC Service = Accelerometer, appType = 7, type = SVC_REQ, clientId = 0, token = 22, payloadLen = 60, result = 0, payload.size() = 60
08-07 01:04:01.830   901  1587 D commandrouter: SocServiceHandle::onSubscribeTopic, SoC Service = Gyroscope, topic subscription successful. topicName = msgs:sensors:Gyr, subscription ID = 28
08-07 01:04:01.830   901  1587 D commandrouter: SocServiceHandle::onServiceMessage, SoC Service = Gyroscope, appType = 5, type = SVC_REQ, clientId = 0, token = 22, payloadLen = 60, result = 0, payload.size() = 60
08-07 01:04:01.833  1024  1024 I mcucapture: 5134578 [info   ] {UBL }: BlueLink 'SPI': Registered local subscription: Name 'msgs:sensors:Gyr', Handle 0x301af8e0, ID 0x0007
08-07 01:04:01.840  1107  6642 E QMI_FW  : qmi_cci_get_ref: ref count increased 2
08-07 01:04:01.856   901   935 D commandrouter: Accelerometer (7, merlot:msgs:control): <ServiceResponse> FORWARDED (remote -> local) CR token ID = 22, service client ID = 23, token ID = 466, result = 0
08-07 01:04:01.856   596  1616 I chatty  : uid=1000(system) sensors@2.0-ser expire 1 line
08-07 01:04:01.879   901   935 D commandrouter: Gyroscope (5, merlot:msgs:control): <ServiceResponse> FORWARDED (remote -> local) CR token ID = 22, service client ID = 10, token ID = 467, result = 0
08-07 01:04:01.880   596  1611 I chatty  : uid=1000(system) sensors@2.0-ser expire 1 line
08-07 01:04:01.881  1024  1024 I mcucapture: 5134592 [info   ] {sfw }: Received control service request
08-07 01:04:01.882  1024  1024 I mcucapture: 5134597 [info   ] {sfw }: [S REQ] sens:6, cmd:1, ser:400, orig:2, int_len:0, float_len:0
08-07 01:04:01.882  1024  1024 I mcucapture: 5134605 [warning] {imu }: update_odr: ODR 5 < IMU_DEFAULT_ODR, default to IMU_DEFAULT_ODR
08-07 01:04:01.882  1024  1024 I mcucapture: 5134615 [info   ] {sfw }: Received control service request
08-07 01:04:01.883  1024  1024 I mcucapture: 5134621 [info   ] {sfw }: [S REQ] sens:5, cmd:1, ser:400, orig:2, int_len:0, float_len:0
08-07 01:04:01.883  1024  1024 I mcucapture: 5134628 [warning] {imu }: update_odr: ODR 5 < IMU_DEFAULT_ODR, default to IMU_DEFAULT_ODR
08-07 01:04:01.954   901   935 D commandrouter: aod_service (2, aod:acquisition): <ServiceResponse> FORWARDED (remote -> local) CR token ID = 16, service client ID = 28, token ID = 462, result = 0
08-07 01:04:01.954  2011  2116 E CmdClient: Callback is not set. Message dropped
08-07 01:04:01.954  2011  2100 D aod_jni-acquire: AcquisitionResponse arrived. dataLen = 18, data = 9d858538
08-07 01:04:01.954  2011  2100 D aod_jni-acquire: AcquisitionResponse has been verified WOOOO: 0
08-07 01:04:01.954  2011  2100 D AodDreamService: Calling setStandByMode false
08-07 01:04:01.955  1032  1032 D AodProxy: setStandByMode to 0
08-07 01:04:01.955  1032  1032 D AodProxy: setMuxToMcu: false
08-07 01:04:01.957   590   605 D SDM     : HWCDisplayPrimary::SetStandByMode: Display is connected successfully
08-07 01:04:01.957  1032  1032 D AodProxy: qdisplay setStandByMode returned 0
08-07 01:04:01.958  2011  2100 V AodServiceApplication: setMcuState: false
08-07 01:04:01.975   677   677 D SurfaceFlinger: Setting power mode 2 on display 0
08-07 01:04:01.975   590   639 I SDM     : DisplayBase::SetDisplayState: Set state = 1, display 0
08-07 01:04:02.130   607   653 E ANDR-PERF-OPTSHANDLER: perf_lock_rel: failed for /proc/sys/vm/swap_ratio as previous value is not stored
08-07 01:04:02.131   607   653 E ANDR-PERF-OPTSHANDLER: perf_lock_rel: failed for /sys/class/kgsl/kgsl-3d0/min_pwrlevel as previous value is not stored
08-07 01:04:02.132   607   653 E ANDR-PERF-RESOURCEQS: Failed to reset optimization [3, 0]
08-07 01:04:02.134   677   677 D SurfaceFlinger: Finished setting power mode 2 on display 0
08-07 01:04:02.135  1339  1709 I chatty  : uid=1000(system) PhotonicModulat expire 1 line
08-07 01:04:02.136  1339  1482 W PowerManagerService: Screen on took 517 ms
08-07 01:04:02.136  1339  1482 I DreamManagerService: Gently waking up from dream.
08-07 01:04:02.136  1339  1412 I DreamManagerService: Performing gentle wake from dream.
08-07 01:04:02.137  2011  2011 V DreamService[AodDreamService]: wakeUp(): fromSystem=true, mWaking=false, mFinished=false
08-07 01:04:02.137  2011  2011 I AodDreamService: onWakeUp
08-07 01:04:02.137  2011  2011 V DreamService[AodDreamService]: finish(): mFinished=false
08-07 01:04:02.138  1339  3127 I DreamManagerService: Leaving dreamland.
08-07 01:04:02.138  1339  1412 I DreamManagerService: Performing gentle wake from dream.
08-07 01:04:02.139  1339  1412 I DreamController: Stopping dream: name=ComponentInfo{com.facebook.wearable.system.aod_service/com.facebook.wearable.system.aod_service.AodDreamService}, isTest=false, canDoze=true, userId=0, reason='finished self'(from 'requested stopDream')
08-07 01:04:02.140  2011  2011 V DreamService[AodDreamService]: detach(): Calling onDreamingStopped()
08-07 01:04:02.141  2011  2011 I AodDreamService: onDreamingStopped
08-07 01:04:02.141  2011  2011 I AodActivityService: AodDreamCallback onDreamingStopped
08-07 01:04:02.141  2011  2011 D AodActivity: com.facebook.wearable.system.launcher exiting aod mode
08-07 01:04:02.147  1032  1032 D AodProxy: registerCallback 0x0
08-07 01:04:02.148  2011  2011 V DreamService[AodDreamService]: onDreamingStopped()
08-07 01:04:02.148  2011  2011 V DreamService[AodDreamService]: finish(): mFinished=true
08-07 01:04:02.150  1339  1360 W AppOps  : Noting op not finished: uid 10017 pkg com.facebook.wearable.system.launcher code 24 startTime of in progress event=1628278262662
08-07 01:04:02.150   596   923 I chatty  : uid=1000(system) sensors@2.0-ser expire 2 lines
08-07 01:04:02.151  2011  2011 V DreamService[AodDreamService]: onDestroy()
08-07 01:04:02.151  2011  2011 V DreamService[AodDreamService]: finish(): mFinished=true
08-07 01:04:02.151   901  1590 D commandrouter: SocServiceHandle::onServiceMessage, SoC Service = WristTilt, appType = 13, type = SVC_REQ, clientId = 0, token = 35, payloadLen = 48, result = 0, payload.size() = 48
08-07 01:04:02.152   901  1590 D commandrouter: SocServiceHandle::onTopicMessage, SoC Service = WristTilt, appType = 14, type = TOPIC_STOP, seq = 0, payloadLen = 0, nanoseconds = 0, payload.size() = 0
08-07 01:04:02.152   677   738 W HWComposer: Ignoring duplicate VSYNC event from HWC for display 0 (t=5159487069540)
08-07 01:04:02.153   901  1590 D commandrouter: SocServiceHandle::onUnsubscribeTopic, SoC Service = WristTilt, unsubscription from topicName = msgs:sensors:Tlt, subscription ID = 26 successful.
08-07 01:04:02.167   901   935 D commandrouter: WristTilt (13, merlot:msgs:control): <ServiceResponse> FORWARDED (remote -> local) CR token ID = 35, service client ID = 11, token ID = 468, result = 0
08-07 01:04:02.167   596  1625 I chatty  : uid=1000(system) sensors@2.0-ser expire 1 line
08-07 01:04:02.173  1339  1451 I chatty  : uid=1000(system) ActivityManager expire 3 lines
08-07 01:04:02.182  1024  1024 I mcucapture: 5134912 [info   ] {sfw }: Received control service request
08-07 01:04:02.183  1024  1024 I mcucapture: 5134917 [info   ] {sfw }: [S REQ] sens:13, cmd:0, ser:400, orig:2, int_len:0, float_len:0
08-07 01:04:02.183  1024  1024 I mcucapture: 5134926 [info   ] {UBB }: Unregistered Subscription for Node 'merlot:soc', Topic 'msgs:sensors:Tlt', Type 'msgs.sensors.Tilt'
08-07 01:04:02.210  1339  1360 I chatty  : uid=1000(system) Binder:1339_1 expire 4 lines
08-07 01:04:03.433   677   738 W HWComposer: Ignoring duplicate VSYNC event from HWC for display 0 (t=5160767462299)
08-07 01:04:04.361   581  2551 D audio_hw_primary: start_output_stream: enter: stream(0x9a796000)usecase(1: low-latency-playback) devices(0x2) is_haptic_usecase(0)
08-07 01:04:04.361   581  2551 D audio_hw_primary: select_devices for use case (low-latency-playback)
08-07 01:04:04.361   581  2551 I msm8974_platform: platform_check_and_set_codec_backend_cfg:becf: afe: bitwidth 16, samplerate 48000 channels 2, backend_idx 0 usecase = 1 device (speaker)
08-07 01:04:04.361   581  2551 I msm8974_platform: platform_check_and_set_codec_backend_cfg: new_snd_devices[0] is 2
08-07 01:04:04.361   581  2551 I msm8974_platform: platform_check_codec_backend_cfg:becf: afe: bitwidth 16, samplerate 48000 channels 2, backend_idx 0 usecase = 1 device (speaker)
08-07 01:04:04.362   581  2551 E audio_hw_extn: audio_extn_enable_hifi_filter: Could not get ctl for mixer cmd - HiFi Filter, using default control
08-07 01:04:04.362   581  2551 D msm8974_platform: platform_check_codec_backend_cfg:becf: updated afe: bitwidth 16, samplerate 48000 channels 2,backend_idx 0 usecase = 1 device (speaker)
08-07 01:04:04.362   581  2551 I msm8974_platform: platform_check_codec_backend_cfg:becf: afe: Codec selected backend: 0 updated bit width: 16 and sample rate: 48000
08-07 01:04:04.362   581  2551 D audio_hw_primary: check_usecases_codec_backend:becf: force routing 0
08-07 01:04:04.362   581  2551 D audio_hw_primary: check_usecases_codec_backend:becf: (85) check_usecases curr device: speaker, usecase device: backends match 0
08-07 01:04:04.362   581  2551 D audio_hw_primary: check_usecases_codec_backend:becf: check_usecases num.of Usecases to switch 0
08-07 01:04:04.362   581  2551 D hardware_info: hw_info_append_hw_type : device_name = speaker
08-07 01:04:04.363   581  2551 D audio_hw_primary: enable_snd_device: snd_device(2: speaker)
08-07 01:04:04.363   581  2551 D msm8974_platform: platform_get_island_cfg_on_device:island cfg status on snd_device = (speaker 0)
08-07 01:04:04.363   581  2551 I soundtrigger: audio_extn_sound_trigger_update_device_status: device 0x2 of type 0 for Event 1, with Raise=0
08-07 01:04:04.363   581  2551 D audio_route: Apply path: speaker
08-07 01:04:04.363   581  2551 D audio_hw_bluebox: sending snd dev notification enabled=1 sdev=Speaker
08-07 01:04:04.363   901  2553 D commandrouter: SocServiceHandle::onServiceMessage, SoC Service = audio_hal, appType = 1, type = SVC_REQ, clientId = 0, token = 29, payloadLen = 32, result = 0, payload.size() = 32
08-07 01:04:04.367  1339  3130 I chatty  : uid=1000(system) Binder:1339_14 expire 1 line
08-07 01:04:04.370  1339  1349 I chatty  : uid=1000(system) HeapTaskDaemon expire 1 line
08-07 01:04:04.382  1024  1024 I mcucapture: 5137124 [info   ] {AUD }: SoundDevEnabled: Speaker
08-07 01:04:04.382  1024  1024 I mcucapture: 5137128 [info   ] {AUD }: setting audio power mode: STANDBY
08-07 01:04:04.387   901   935 D commandrouter: audio_hal (1, audio_hal:notification:push): <ServiceResponse> FORWARDED (remote -> local) CR token ID = 29, service client ID = 29, token ID = 470, result = 0
08-07 01:04:04.387   581  2555 E CmdClient: Callback is not set. Message dropped
08-07 01:04:04.387   581  2551 D soundtrigger: audio_extn_sound_trigger_update_stream_status: uc_info->id 1 of type 0 for Event 3, with Raise=0
08-07 01:04:04.387   581  2551 D audio_hw_utils: audio_extn_utils_send_app_type_cfg: usecase->out_snd_device speaker
08-07 01:04:04.388   581  2551 I audio_hw_utils: send_app_type_cfg_for_device PLAYBACK app_type 69937, acdb_dev_id 14, sample_rate 48000, snd_device_be_idx 40
08-07 01:04:04.389   581  2551 D ACDB-LOADER: ACDB -> send_audio_cal, acdb_id = 14, path = 0, app id = 0x11131, sample rate = 48000, use_case = 0,buffer_idx_w_path =0, afe_sample_rate = 48000, cal_mode = 1, offset_index = 0
08-07 01:04:04.389   581  2551 D ACDB-LOADER: ACDB -> send_asm_topology
08-07 01:04:04.389   581  2551 D ACDB-LOADER: ACDB -> ACDB_CMD_GET_AUDPROC_STREAM_TOPOLOGY_ID
08-07 01:04:04.389   581  2551 D ACDB-LOADER: ACDB -> send_adm_topology
08-07 01:04:04.389   581  2551 D ACDB-LOADER: ACDB -> ACDB_CMD_GET_AUDPROC_COMMON_TOPOLOGY_ID
08-07 01:04:04.389   581  2551 D ACDB-LOADER: ACDB -> send_audtable
08-07 01:04:04.389   581  2551 D ACDB-LOADER: ACDB -> ACDB_CMD_GET_AUDPROC_COMMON_TABLE_SIZE
08-07 01:04:04.389   581  2551 D ACDB-LOADER: ACDB -> ACDB_CMD_GET_AUDPROC_COMMON_TABLE
08-07 01:04:04.389   581  2551 D ACDB-LOADER: ACDB -> AUDIO_SET_AUDPROC_CAL cal_type[11] acdb_id[14] app_type[69937]
08-07 01:04:04.389   581  2551 D ACDB-LOADER: ACDB -> send_audvoltable
08-07 01:04:04.389   581  2551 D ACDB-LOADER: ACDB -> ACDB_CMD_GET_AUDPROC_GAIN_DEP_STEP_TABLE_SIZE
08-07 01:04:04.389   581  2551 D ACDB-LOADER: ACDB -> ACDB_CMD_GET_AUDPROC_GAIN_DEP_STEP_TABLE, vol index 0
08-07 01:04:04.389   581  2551 D ACDB-LOADER: ACDB -> AUDIO_SET_VOL_CAL cal type = 12
08-07 01:04:04.389   581  2551 D ACDB-LOADER: ACDB -> ACDB_CMD_GET_AUDPROC_STREAM_TABLE_SIZE
08-07 01:04:04.389   581  2551 D ACDB-LOADER: ACDB -> send_audstrmtable
08-07 01:04:04.389   581  2551 D ACDB-LOADER: ACDB -> ACDB_CMD_GET_AUDPROC_STREAM_TABLE_V2
08-07 01:04:04.389   581  2551 D ACDB-LOADER: ACDB -> audstrm_cal->cal_type.cal_data.cal_size = 16
08-07 01:04:04.390   581  2551 D ACDB-LOADER: ACDB -> send_afe_topology
08-07 01:04:04.390   581  2551 D ACDB-LOADER: ACDB -> ACDB_CMD_GET_AFE_TOPOLOGY_ID
08-07 01:04:04.390   581  2551 D ACDB-LOADER: ACDB -> GET_AFE_TOPOLOGY_ID for adcd_id 14, Topology Id 1025e
08-07 01:04:04.390   581  2551 D ACDB-LOADER: ACDB -> send_afe_cal
08-07 01:04:04.390   581  2551 D ACDB-LOADER: ACDB -> ACDB_CMD_GET_AFE_COMMON_TABLE_SIZE
08-07 01:04:04.390   581  2551 D ACDB-LOADER: ACDB -> ACDB_CMD_GET_AFE_COMMON_TABLE
08-07 01:04:04.390   581  2551 D ACDB-LOADER: ACDB -> AUDIO_SET_AFE_CAL cal_type[16] acdb_id[14]
08-07 01:04:04.390   581  2551 D ACDB-LOADER: ACDB -> send_hw_delay : acdb_id = 14 path = 0
08-07 01:04:04.390   581  2551 D ACDB-LOADER: ACDB -> ACDB_AVSYNC_INFO: ACDB_CMD_GET_DEVICE_PROPERTY
08-07 01:04:04.390   581  2551 D audio_hw_bluebox: audio_extn_bluebox_route_enabled() usecase=0
08-07 01:04:04.390   581  2551 D audio_hw_primary: enable_audio_route: apply mixer and update path: low-latency-playback
08-07 01:04:04.390   581  2551 D audio_route: Apply path: low-latency-playback
08-07 01:04:04.442   581  2551 D msm8974_platform: platform_set_channel_map mixer_ctl_name:Playback Channel Map12
08-07 01:04:04.442   581  2551 D msm8974_platform: platform_set_channel_map: set mapping(1 2 0 0 0 0 0 0) for channel:2
08-07 01:04:04.443   581  2551 D audio_hw_primary: start_output_stream: exit
08-07 01:04:04.449  1024  1024 I mcucapture: 5137195 [info   ] {AUD }: Enabling SmartAmpDSP
08-07 01:04:04.449  1024  1024 I mcucapture: 5137199 [info   ] {AUD }: SmartAmpDSP: Refcount: 1
08-07 01:04:04.460   677   738 W HWComposer: Ignoring duplicate VSYNC event from HWC for display 0 (t=5161795151726)
08-07 01:04:04.607  1339  3130 I chatty  : uid=1000(system) Binder:1339_14 expire 1 line
08-07 01:04:04.610   647  1021 W APM::AudioPolicyEngine: getDevicesForStrategy() unknown strategy: -1
08-07 01:04:04.802  2897  2897 W InputMethodManager: No current root view, ignoring closeCurrentInput()
08-07 01:04:04.811  1339  1451 I chatty  : uid=1000(system) ActivityManager expire 6 lines
08-07 01:04:05.724  1339  1674 I chatty  : uid=1000(system) NetworkStats expire 2 lines
08-07 01:04:05.791  1339  1675 I chatty  : uid=1000(system) NetworkPolicy expire 2 lines
08-07 01:04:07.086   607   653 E ANDR-PERF-RESOURCEQS: Failed to reset optimization [3, 0]
08-07 01:04:07.534   581  1417 D audio_hw_primary: out_standby: enter: stream (0x9a796000) usecase(1: low-latency-playback)
08-07 01:04:07.577   581  1417 D audio_hw_primary: disable_audio_route: reset and update mixer path: low-latency-playback
08-07 01:04:07.579   581  1417 D soundtrigger: audio_extn_sound_trigger_update_stream_status: uc_info->id 1 of type 0 for Event 2, with Raise=0
08-07 01:04:07.579   581  1417 D audio_hw_bluebox: audio_extn_bluebox_route_disabled() usecase=0
08-07 01:04:07.579   581  1417 D hardware_info: hw_info_append_hw_type : device_name = speaker
08-07 01:04:07.579   581  1417 D audio_hw_primary: disable_snd_device: snd_device(2: speaker)
08-07 01:04:07.579   581  1417 I soundtrigger: audio_extn_sound_trigger_update_device_status: device 0x2 of type 0 for Event 0, with Raise=0
08-07 01:04:07.579   581  1417 D audio_hw_bluebox: sending snd dev notification enabled=0 sdev=Speaker
08-07 01:04:07.580   901  2553 D commandrouter: SocServiceHandle::onServiceMessage, SoC Service = audio_hal, appType = 1, type = SVC_REQ, clientId = 0, token = 30, payloadLen = 32, result = 0, payload.size() = 32
08-07 01:04:07.605  1024  1024 I mcucapture: 5140336 [info   ] {AUD }: SoundDevDisabled: Speaker
08-07 01:04:07.606  1024  1024 I mcucapture: 5140340 [info   ] {AUD }: setting audio power mode: STANDBY
08-07 01:04:07.606  1024  1024 I mcucapture: 5140347 [info   ] {AUD }: SmartAmpDSP: Refcount: 0
08-07 01:04:07.606  1024  1024 I mcucapture: 5140351 [info   ] {AUD }: Disabling SmartAmpDSP
08-07 01:04:07.635   901   935 D commandrouter: audio_hal (1, audio_hal:notification:push): <ServiceResponse> FORWARDED (remote -> local) CR token ID = 30, service client ID = 29, token ID = 471, result = 0
08-07 01:04:07.636   581  2555 E CmdClient: Callback is not set. Message dropped
08-07 01:04:07.638  1339  3127 I chatty  : uid=1000(system) Binder:1339_12 expire 1 line
08-07 01:04:10.193   901   935 D commandrouter: rtc_sync (1, rtc:sync): <ServiceRequest> FORWARDED (remote -> local) service client ID = 0, token ID = 33464
08-07 01:04:10.193  1086  1111 D vendor.facebook.rtc_sync@1.0-service: Request req_ts=1628298250181069975 resp_ts=1628298250193507263
08-07 01:04:10.193   901  1109 D commandrouter: SocServiceHandle::onServiceMessage, SoC Service = rtc_sync, appType = 1, type = SVC_RESP, clientId = 0, token = 33464, payloadLen = 8, result = 0, payload.size() = 8
08-07 01:04:16.704   596   596 I chatty  : uid=1000(system) sensors@2.0-ser expire 10 lines
08-07 01:04:16.704   596   919 I chatty  : uid=1000(system) sensors@2.0-ser expire 1 line
08-07 01:04:16.705   901  1630 D commandrouter: SocServiceHandle::onServiceMessage, SoC Service = Pedometer, appType = 31, type = SVC_REQ, clientId = 0, token = 24, payloadLen = 68, result = 0, payload.size() = 68
08-07 01:04:16.711   596   917 I chatty  : uid=1000(system) sensors@2.0-ser expire 2 lines
08-07 01:04:16.711   901  1585 D commandrouter: SocServiceHandle::onServiceMessage, SoC Service = Accelerometer, appType = 7, type = SVC_REQ, clientId = 0, token = 23, payloadLen = 48, result = 0, payload.size() = 48
08-07 01:04:16.711   901  1585 D commandrouter: SocServiceHandle::onTopicMessage, SoC Service = Accelerometer, appType = 8, type = TOPIC_STOP, seq = 0, payloadLen = 0, nanoseconds = 0, payload.size() = 0
08-07 01:04:16.712   901  1585 D commandrouter: SocServiceHandle::onUnsubscribeTopic, SoC Service = Accelerometer, unsubscription from topicName = msgs:sensors:Acc, subscription ID = 27 successful.
08-07 01:04:16.716   596   916 I chatty  : uid=1000(system) sensors@2.0-ser expire 2 lines
08-07 01:04:16.716   901  1587 D commandrouter: SocServiceHandle::onServiceMessage, SoC Service = Gyroscope, appType = 5, type = SVC_REQ, clientId = 0, token = 23, payloadLen = 48, result = 0, payload.size() = 48
08-07 01:04:16.716   901  1587 D commandrouter: SocServiceHandle::onTopicMessage, SoC Service = Gyroscope, appType = 6, type = TOPIC_STOP, seq = 0, payloadLen = 0, nanoseconds = 0, payload.size() = 0
08-07 01:04:16.717   901  1587 D commandrouter: SocServiceHandle::onUnsubscribeTopic, SoC Service = Gyroscope, unsubscription from topicName = msgs:sensors:Gyr, subscription ID = 28 successful.
08-07 01:04:16.731   901   935 D commandrouter: Pedometer (31, merlot:msgs:control): <ServiceResponse> FORWARDED (remote -> local) CR token ID = 24, service client ID = 14, token ID = 472, result = 0
08-07 01:04:16.731   596  1636 I chatty  : uid=1000(system) sensors@2.0-ser expire 1 line
08-07 01:04:16.765  1024  1024 I mcucapture: 5149466 [info   ] {sfw }: Received control service request
08-07 01:04:16.765  1024  1024 I mcucapture: 5149472 [info   ] {sfw }: [S REQ] sens:8, cmd:3, ser:400, orig:2, int_len:0, float_len:0
08-07 01:04:16.766  1024  1024 I mcucapture: 5149482 [info   ] {UBB }: Unregistered Subscription for Node 'merlot:soc', Topic 'msgs:sensors:Acc', Type 'msgs.sensors.Acc'
08-07 01:04:16.767  1024  1024 I mcucapture: 5149493 [info   ] {UBB }: Unregistered Subscription for Node 'merlot:soc', Topic 'msgs:sensors:Gyr', Type 'msgs.sensors.Gyr'
08-07 01:04:16.767  1024  1024 I mcucapture: 5149504 [info   ] {sfw }: Received control service request
08-07 01:04:16.782   901   935 D commandrouter: Accelerometer (7, merlot:msgs:control): <ServiceResponse> FORWARDED (remote -> local) CR token ID = 23, service client ID = 23, token ID = 473, result = 0
08-07 01:04:16.782   901   935 D commandrouter: Gyroscope (5, merlot:msgs:control): <ServiceResponse> FORWARDED (remote -> local) CR token ID = 23, service client ID = 10, token ID = 475, result = 0
08-07 01:04:16.782   596  1616 I chatty  : uid=1000(system) sensors@2.0-ser expire 1 line
08-07 01:04:16.782   596  1611 I chatty  : uid=1000(system) sensors@2.0-ser expire 1 line
08-07 01:04:16.783  1024  1024 I mcucapture: 5149509 [info   ] {sfw }: [S REQ] sens:6, cmd:0, ser:400, orig:2, int_len:0, float_len:0
08-07 01:04:16.784  1024  1024 I mcucapture: 5149517 [info   ] {sfw }: Received control service request
08-07 01:04:16.784  1024  1024 I mcucapture: 5149522 [info   ] {sfw }: [S REQ] sens:5, cmd:0, ser:400, orig:2, int_len:0, float_len:0
08-07 01:04:20.199   901   935 D commandrouter: rtc_sync (1, rtc:sync): <ServiceRequest> FORWARDED (remote -> local) service client ID = 0, token ID = 33465
08-07 01:04:20.199  1086  1111 D vendor.facebook.rtc_sync@1.0-service: Request req_ts=1628298260189507263 resp_ts=1628298260199365436
08-07 01:04:20.199   901  1109 D commandrouter: SocServiceHandle::onServiceMessage, SoC Service = rtc_sync, appType = 1, type = SVC_RESP, clientId = 0, token = 33465, payloadLen = 8, result = 0, payload.size() = 8
08-07 01:04:24.366  1339  1482 I PowerManagerService: Going to sleep due to timeout (uid 1000)...
08-07 01:04:24.370  1339  1482 V DisplayPowerController: Brightness [0.05] reason changing to: 'manual [ dim ]', previous reason: 'manual'.
08-07 01:04:24.371  1339  1482 I DreamManagerService: Entering dreamland.
08-07 01:04:24.373  1339  1482 I PowerManagerService: Dozing...
08-07 01:04:24.376  1339  1412 I DreamController: Starting dream: name=ComponentInfo{com.facebook.wearable.system.aod_service/com.facebook.wearable.system.aod_service.AodDreamService}, isTest=false, canDoze=true, userId=0
08-07 01:04:24.380  1339  1412 I chatty  : uid=1000(system) android.fg expire 3 lines
08-07 01:04:24.382  1339  1412 D AutofillManagerService: Close system dialogs
08-07 01:04:24.383  2011  2011 I AodDreamService: onCreate AodDreamService
08-07 01:04:24.385  2011  2011 I android_os_HwBinder: HwBinder: Starting thread pool for getting: vendor.facebook.hardware.aod_proxy@1.0::IAodProxy/default
08-07 01:04:24.390   596  1628 I chatty  : uid=1000(system) sensors@2.0-ser expire 25 lines
08-07 01:04:24.414  2011  2011 V AodSettingsHelper: aodEnabled=true wristRaiseEnabled=true isLocked=false isCharging=true isTheater=false isWater=false
08-07 01:04:24.418  1032  1032 D AodProxy: registerCallback 0x9f38a0c0
08-07 01:04:24.419  2011  2011 V DreamService[AodDreamService]: onBind() intent = Intent { act=android.service.dreams.DreamService flg=0x800000 cmp=com.facebook.wearable.system.aod_service/.AodDreamService }
08-07 01:04:24.420  2011  2011 D AodDreamService: On aod activity service connected
08-07 01:04:24.420  2011  2011 V DreamService[AodDreamService]: onDreamingStarted()
08-07 01:04:24.421  2011  2011 I AodDreamService: onDreamingStarted
08-07 01:04:24.424   596   596 I chatty  : uid=1000(system) sensors@2.0-ser expire 8 lines
08-07 01:04:24.424   596   923 I chatty  : uid=1000(system) sensors@2.0-ser expire 3 lines
08-07 01:04:24.425  2011  2011 D AodDreamService: registered sensor listener for {Sensor name="Wrist Tilt Sensor", vendor="Facebook, Inc.", version=1, type=26, maxRange=1.0, resolution=1.0, power=0.015, minDelay=0}
08-07 01:04:24.425   901  1590 D commandrouter: SocServiceHandle::onTopicMessage, SoC Service = WristTilt, appType = 14, type = TOPIC_START, seq = 0, payloadLen = 0, nanoseconds = 0, payload.size() = 0
08-07 01:04:24.425   901  1590 D commandrouter: SocServiceHandle::onSubscribeTopic, SoC Service = WristTilt, subscribing to topicName = msgs:sensors:Tlt
08-07 01:04:24.426  2011  2011 I AodActivityService: AodDreamCallback onDreamingStarted
08-07 01:04:24.426  2011  2011 I AodActivityList: no on screen activites - checking launcher
08-07 01:04:24.427  2011  2011 D AodActivity: com.facebook.wearable.system.launcher entering aod mode
08-07 01:04:24.431  1339  5920 I chatty  : uid=1000(system) Binder:1339_19 expire 3 lines
08-07 01:04:24.432  2011  2011 D McuTransferService: the service started
08-07 01:04:24.432  2897  2897 W ErrorCounter: mcu_data_sdk_request complication_mcu_data_update null
08-07 01:04:24.438  2011  5301 I McuTransferService: Request with complication_mcu_data_request type was scheduled to sent to complication_mcu_data_update
08-07 01:04:24.438  2011  5301 I tem.aod_servic: oneway function results will be dropped but finished with status OK and parcel size 4
08-07 01:04:24.439  2011  6665 D McuTransferService: reusing  shared connection
08-07 01:04:24.439  2011  6665 I McuTransferService: Request with complication_mcu_data_request type was sent tocomplication_mcu_data_update
08-07 01:04:24.439   901  3476 D commandrouter: SocServiceHandle::onServiceMessage, SoC Service = McuTransferService_shared, appType = 3, type = SVC_REQ, clientId = 0, token = 17, payloadLen = 536, result = 0, payload.size() = 536
08-07 01:04:24.452   901  1590 D commandrouter: SocServiceHandle::onSubscribeTopic, SoC Service = WristTilt, topic subscription successful. topicName = msgs:sensors:Tlt, subscription ID = 29
08-07 01:04:24.452   901  1590 D commandrouter: SocServiceHandle::onServiceMessage, SoC Service = WristTilt, appType = 13, type = SVC_REQ, clientId = 0, token = 36, payloadLen = 60, result = 0, payload.size() = 60
08-07 01:04:24.454  1024  1024 I mcucapture: 5157177 [info   ] {UBB }: Registered subscription 0x301af91c for Node 'merlot:soc': Node ID 7, Topic 'msgs:sensors:Tlt', Type 'msgs.sensors.Tilt'
08-07 01:04:24.454  1024  1024 I mcucapture: 5157190 [info   ] {UBL }: BlueLink 'SPI': Registered local subscription: Name 'msgs:sensors:Tlt', Handle 0x301af91c, ID 0x0007
08-07 01:04:24.477  1024  1024 I mcucapture: 5157205 [info   ] {DS  }: [Data Server] Got async request for data server: 8
08-07 01:04:24.477  1024  1024 I mcucapture: 5157212 [info   ] {sfw }: Received control service request
08-07 01:04:24.477  1024  1024 I mcucapture: 5157217 [info   ] {sfw }: [S REQ] sens:13, cmd:1, ser:400, orig:2, int_len:0, float_len:0
08-07 01:04:24.504   901   935 D commandrouter: WristTilt (13, merlot:msgs:control): <ServiceResponse> FORWARDED (remote -> local) CR token ID = 36, service client ID = 11, token ID = 479, result = 0
08-07 01:04:24.504   901   935 D commandrouter: McuTransferService_shared (3, complication_mcu_data_update): <ServiceResponse> FORWARDED (remote -> local) CR token ID = 17, service client ID = 32, token ID = 478, result = 0
08-07 01:04:24.504   596  1625 I chatty  : uid=1000(system) sensors@2.0-ser expire 1 line
08-07 01:04:24.505  2011  3489 D McuTransferService: get response for request complication_mcu_data_request, response type complication_mcu_data_response
08-07 01:04:24.506  2897  2926 W ErrorCounter: mcu_data_sdk_response complication_mcu_data_update null
