--------- beginning of system
08-07 00:12:38.272   390   417 I vold    : onUserStarted: 0
08-07 00:12:38.276  1339  1946 I chatty  : uid=1000(system) Binder:1339_6 expire 5 lines
08-07 00:12:38.277  1339  1671 I chatty  : uid=1000(system) StorageManagerS expire 13 lines
08-07 00:12:38.281   390   417 I vold    : Executing sdcardfs
08-07 00:12:38.282   390   417 D vold    : Waiting for sdcardfs to spin up...
08-07 00:12:38.293  1339  1451 I chatty  : uid=1000(system) ActivityManager expire 338 lines
08-07 00:12:38.297  1339  1339 I chatty  : uid=1000 system_server expire 83 lines
08-07 00:12:38.309  1339  1698 I chatty  : uid=1000(system) backup expire 10 lines
08-07 00:12:38.316  1339  1413 I chatty  : uid=1000(system) android.ui expire 10 lines
08-07 00:12:38.321  1339  1412 I chatty  : uid=1000(system) android.fg expire 11 lines
08-07 00:12:38.328  1339  1361 I chatty  : uid=1000(system) Binder:1339_2 expire 15 lines
08-07 00:12:38.333   390   417 D vold    : Waiting for sdcardfs to spin up...
08-07 00:12:38.338  2575  2575 W sdcard  : Device explicitly enabled sdcardfs
08-07 00:12:38.352  1339  1452 I chatty  : uid=1000(system) ActivityManager expire 305 lines
08-07 00:12:38.363  1339  1448 I chatty  : uid=1000(system) android.bg expire 11 lines
08-07 00:12:38.383   390   417 I vold    : Mounting emulated fuse volume
08-07 00:12:38.393  1339  1414 I chatty  : uid=1000(system) android.io expire 18 lines
08-07 00:12:38.421   390   417 I vold    : Bind mounting /mnt/runtime/full/emulated to /mnt/pass_through/0/emulated
08-07 00:12:38.446  1339  2091 I chatty  : uid=1000(system) Binder:1339_7 expire 18 lines
08-07 00:12:38.451  1787  1787 W ContextImpl: Calling a method in the system process without a qualified user: android.app.ContextImpl.sendBroadcast:1126 android.content.ContextWrapper.sendBroadcast:473 com.facebook.wearable.system.lockscreen.keyguard.KeyguardViewMediator.sendKeyguardShowingBroadcast:1003 com.facebook.wearable.system.lockscreen.keyguard.KeyguardViewMediator.handleStartKeyguardExit:1097 com.facebook.wearable.system.lockscreen.keyguard.KeyguardViewMediator.handleHide:1067 
08-07 00:12:38.466  1339  1877 I chatty  : uid=1000(system) Binder:1339_5 expire 11 lines
08-07 00:12:38.809  1339  1715 I chatty  : uid=1000(system) SyncManager expire 1 line
08-07 00:12:38.874  1339  1360 I chatty  : uid=1000(system) Binder:1339_1 expire 11 lines
08-07 00:12:38.878   901   935 I chatty  : uid=1000(system) /vendor/bin/commandrouter expire 43 lines
08-07 00:12:38.879   901  2553 I chatty  : uid=1000(system) HwBinder:901_3 expire 11 lines
08-07 00:12:39.063  1339  2750 I chatty  : uid=1000 system_server expire 7 lines
08-07 00:12:39.079  1339  2764 I chatty  : uid=1000(system) AsyncQueryWorke expire 1 line
08-07 00:12:39.118  1339  1575 I chatty  : uid=1000(system) Binder:1339_3 expire 3 lines
08-07 00:12:39.247  1339  1576 I chatty  : uid=1000(system) Binder:1339_4 expire 11 lines
08-07 00:12:39.305  1339  2837 I chatty  : uid=1000 system_server expire 1 line
08-07 00:12:39.307  1339  2836 I chatty  : uid=1000 system_server expire 1 line
08-07 00:12:39.410  2775  2834 W ContextImpl: Calling a method in the system process without a qualified user: android.app.ContextImpl.bindService:1748 android.content.ContextWrapper.bindService:756 com.facebook.wearable.system.location.proxy.providers.network.NetworkProviderHelper.connectToLocationService:100 com.facebook.wearable.system.location.proxy.providers.network.NetworkProviderHelper.enable:86 com.facebook.wearable.system.location.proxy.providers.network.NetworkLocationProvider.onEnable:48 
08-07 00:12:39.738  1339  2707 I chatty  : uid=1000(system) Binder:1339_8 expire 12 lines
08-07 00:12:39.787  1339  1682 I chatty  : uid=1000(system) ConnectivitySer expire 8 lines
08-07 00:12:39.953   901  1592 I chatty  : uid=1000(system) /vendor/bin/commandrouter expire 1 line
08-07 00:12:40.442  1339  2710 I chatty  : uid=1000(system) Binder:1339_A expire 16 lines
08-07 00:12:40.728  1339  3126 I chatty  : uid=1000(system) Binder:1339_11 expire 11 lines
08-07 00:12:41.146  1339  2933 I chatty  : uid=1000(system) Binder:1339_B expire 5 lines
08-07 00:12:41.214   901  1109 I chatty  : uid=1000(system) HwBinder:901_1 expire 13 lines
08-07 00:12:41.242  1339  2708 I chatty  : uid=1000(system) Binder:1339_9 expire 7 lines
08-07 00:12:41.496  1339  3245 I chatty  : uid=1000 system_server expire 1 line
08-07 00:12:41.772  1339  2961 I chatty  : uid=1000(system) Binder:1339_E expire 3 lines
08-07 00:12:41.778  3018  3018 D ActivityThread: Loading provider contacts;com.android.contacts: com.android.providers.contacts.ContactsProvider2
08-07 00:12:41.948   390   417 I vold    : Bind mounting /mnt/runtime/default/emulated/0/Android/data on /mnt/user/0/emulated/0/Android/data
08-07 00:12:41.951   390   417 I vold    : Bind mounted /mnt/runtime/default/emulated/0/Android/data on /mnt/user/0/emulated/0/Android/data
08-07 00:12:41.951   390   417 I vold    : Bind mounting /mnt/runtime/default/emulated/0/Android/obb on /mnt/user/0/emulated/0/Android/obb
08-07 00:12:41.958   390   417 I vold    : Bind mounted /mnt/runtime/default/emulated/0/Android/obb on /mnt/user/0/emulated/0/Android/obb
08-07 00:12:41.958   390   417 I vold    : Bind mounting /mnt/runtime/write/emulated/0/Android/obb on /mnt/installer/0/emulated/0/Android/obb
08-07 00:12:42.016   390   417 I vold    : Bind mounted /mnt/runtime/write/emulated/0/Android/obb on /mnt/installer/0/emulated/0/Android/obb
08-07 00:12:42.016   390   417 I vold    : Configuring read_ahead of /mnt/user/0/emulated fuse filesystem to 256kb
08-07 00:12:42.021   390   417 I vold    : Writing 256 to /sys/class/bdi/0:67/read_ahead_kb
08-07 00:12:42.022   390   417 I vold    : Configuring max_ratio of /mnt/user/0/emulated fuse filesystem to 40
08-07 00:12:42.022   390   417 I vold    : Writing 40 to /sys/class/bdi/0:67/max_ratio
08-07 00:12:42.099  1339  3127 I chatty  : uid=1000(system) Binder:1339_12 expire 10 lines
08-07 00:12:42.478   901  1589 I chatty  : uid=1000(system) HwBinder:901_1 expire 10 lines
08-07 00:12:42.481   901  1595 I chatty  : uid=1000(system) HwBinder:901_1 expire 4 lines
08-07 00:12:42.618   901  1630 I chatty  : uid=1000(system) HwBinder:901_2 expire 10 lines
08-07 00:12:42.702   901  1588 I chatty  : uid=1000(system) HwBinder:901_1 expire 4 lines
08-07 00:12:42.908   901  1591 I chatty  : uid=1000(system) HwBinder:901_3 expire 4 lines
08-07 00:12:42.956   901  3359 I chatty  : uid=1000(system) HwBinder:901_3 expire 11 lines
08-07 00:12:43.187  1339  3129 I chatty  : uid=1000(system) Binder:1339_13 expire 8 lines
08-07 00:12:43.223  1339  3130 I chatty  : uid=1000(system) Binder:1339_14 expire 8 lines
08-07 00:12:43.271  1339  2958 I chatty  : uid=1000(system) Binder:1339_D expire 2 lines
08-07 00:12:43.286   901   945 I chatty  : uid=1000(system) HwBinder:901_1 expire 14 lines
08-07 00:12:43.320   907   907 D mculinkhealth: isMcuReachable 1
08-07 00:12:43.624   901  3476 I chatty  : uid=1000(system) HwBinder:901_3 expire 20 lines
08-07 00:12:43.731  1339  2578 I chatty  : uid=1000(system) backup-0 expire 10 lines
08-07 00:12:45.025  3497  3497 W ContextImpl: Calling a method in the system process without a qualified user: android.app.ContextImpl.startService:1669 android.content.ContextWrapper.startService:720 com.qualcomm.qcrilhook.QcRilHook.<init>:114 com.facebook.wearable.system.connectivity.SarModemService.onCreate:67 android.app.ActivityThread.handleCreateService:4187 
08-07 00:12:45.226  3497  3497 W ContextImpl: Calling a method in the system process without a qualified user: android.app.ContextImpl.bindService:1748 android.content.ContextWrapper.bindService:756 com.qualcomm.qcrilhook.QcRilHook.<init>:116 com.facebook.wearable.system.connectivity.SarModemService.onCreate:67 android.app.ActivityThread.handleCreateService:4187 
08-07 00:12:48.434   901  3826 I chatty  : uid=1000(system) HwBinder:901_3 expire 12 lines
08-07 00:12:50.221  1339  3780 I chatty  : uid=1000(system) Binder:1339_15 expire 7 lines
08-07 00:12:58.559  1339  1482 I chatty  : uid=1000(system) PowerManagerSer expire 14 lines
08-07 00:12:59.014  2011  2011 V DreamService[AodDreamService]: onBind() intent = Intent { act=android.service.dreams.DreamService flg=0x800000 cmp=com.facebook.wearable.system.aod_service/.AodDreamService }
08-07 00:12:59.026  2011  2011 V DreamService[AodDreamService]: onDreamingStarted()
08-07 00:12:59.100   901  1590 I chatty  : uid=1000(system) /vendor/bin/commandrouter expire 11 lines
08-07 00:12:59.325   901  4203 I chatty  : uid=1000(system) HwBinder:901_3 expire 5 lines
08-07 00:12:59.329   901  3476 I chatty  : uid=1000(system) HwBinder:901_3 expire 10 lines
08-07 00:13:00.560  1339  1467 I chatty  : uid=1000(system) batterystats-wo expire 8 lines
08-07 00:13:00.640  1339  1415 I chatty  : uid=1000(system) android.display expire 11 lines
08-07 00:13:00.780   901  2114 I chatty  : uid=1000(system) HwBinder:901_3 expire 10 lines
08-07 00:13:03.305  4420  4420 W ContextImpl: Calling a method in the system process without a qualified user: android.app.ContextImpl.startService:1669 android.content.ContextWrapper.startService:720 android.content.ContextWrapper.startService:720 com.gieseckedevrient.lpa.gsma.v22.remoteprovisioning.profilediscovery.BootCompletedBcastReceiver.onReceive:41 android.app.ActivityThread.handleReceiver:4027 
08-07 00:13:03.493  1339  4242 I chatty  : uid=1000(system) Binder:1339_16 expire 4 lines
08-07 00:13:08.010  1339  2952 I chatty  : uid=1000(system) Binder:1339_C expire 4 lines
08-07 00:13:43.349   907   907 D mculinkhealth: isMcuReachable 1
08-07 00:13:45.781   901  1857 I chatty  : uid=1000(system) HwBinder:901_3 expire 5 lines
08-07 00:13:45.802   901   935 I chatty  : uid=1000(system) /vendor/bin/commandrouter expire 12 lines
08-07 00:13:45.802  1339  4512 I chatty  : uid=1000 system_server expire 1 line
08-07 00:13:46.036  1339  4515 I chatty  : uid=1000 system_server expire 1 line
08-07 00:14:43.373   907   907 D mculinkhealth: isMcuReachable 1
08-07 00:14:51.141   901   935 I chatty  : uid=1000(system) /vendor/bin/commandrouter expire 20 lines
08-07 00:14:51.142   901  1109 I chatty  : uid=1000(system) HwBinder:901_1 expire 18 lines
08-07 00:15:00.234   901  3359 I chatty  : uid=1000(system) HwBinder:901_3 expire 21 lines
08-07 00:15:42.826  1339  1339 I chatty  : uid=1000 system_server expire 10 lines
08-07 00:15:43.092  1339  1412 I chatty  : uid=1000(system) android.fg expire 11 lines
08-07 00:15:43.092  2011  2011 V DreamService[AodDreamService]: wakeUp(): fromSystem=true, mWaking=false, mFinished=false
08-07 00:15:43.093  2011  2011 V DreamService[AodDreamService]: finish(): mFinished=false
08-07 00:15:43.094  1339  2707 I chatty  : uid=1000(system) Binder:1339_8 expire 8 lines
08-07 00:15:43.097  2011  2011 V DreamService[AodDreamService]: detach(): Calling onDreamingStopped()
08-07 00:15:43.166  1339  3127 I chatty  : uid=1000(system) Binder:1339_12 expire 1 line
08-07 00:15:43.187  2011  2011 V DreamService[AodDreamService]: onDreamingStopped()
08-07 00:15:43.187  2011  2011 V DreamService[AodDreamService]: finish(): mFinished=true
08-07 00:15:43.191  2011  2011 V DreamService[AodDreamService]: onDestroy()
08-07 00:15:43.191  2011  2011 V DreamService[AodDreamService]: finish(): mFinished=true
08-07 00:15:43.398   907   907 D mculinkhealth: isMcuReachable 1
08-07 00:16:02.594  1339  1482 I chatty  : uid=1000(system) PowerManagerSer expire 14 lines
08-07 00:16:02.724  2011  2011 V DreamService[AodDreamService]: onBind() intent = Intent { act=android.service.dreams.DreamService flg=0x800000 cmp=com.facebook.wearable.system.aod_service/.AodDreamService }
08-07 00:16:02.726  2011  2011 V DreamService[AodDreamService]: onDreamingStarted()
08-07 00:16:03.502   901   935 I chatty  : uid=1000(system) /vendor/bin/commandrouter expire 13 lines
08-07 00:16:43.422   907   907 D mculinkhealth: isMcuReachable 1
08-07 00:17:21.104   901   935 I chatty  : uid=1000(system) /vendor/bin/commandrouter expire 13 lines
08-07 00:17:43.447   907   907 D mculinkhealth: isMcuReachable 1
08-07 00:17:51.088   901  1109 I chatty  : uid=1000(system) HwBinder:901_1 expire 12 lines
08-07 00:18:30.456   901   935 I chatty  : uid=1000(system) /vendor/bin/commandrouter expire 14 lines
08-07 00:18:43.471   907   907 D mculinkhealth: isMcuReachable 1
08-07 00:19:43.496   907   907 D mculinkhealth: isMcuReachable 1
08-07 00:19:51.037   901   935 I chatty  : uid=1000(system) /vendor/bin/commandrouter expire 18 lines
08-07 00:19:51.038   901  1109 I chatty  : uid=1000(system) HwBinder:901_1 expire 18 lines
08-07 00:20:43.520   907   907 D mculinkhealth: isMcuReachable 1
08-07 00:21:00.022   901  3359 I chatty  : uid=1000(system) HwBinder:901_3 expire 11 lines
08-07 00:21:43.544   907   907 D mculinkhealth: isMcuReachable 1
08-07 00:21:51.044   901   935 I chatty  : uid=1000(system) /vendor/bin/commandrouter expire 15 lines
08-07 00:22:43.568   907   907 D mculinkhealth: isMcuReachable 1
08-07 00:22:51.012   901  1109 I chatty  : uid=1000(system) HwBinder:901_1 expire 12 lines
08-07 00:23:30.995   901   935 I chatty  : uid=1000(system) /vendor/bin/commandrouter expire 12 lines
08-07 00:23:43.592   907   907 D mculinkhealth: isMcuReachable 1
08-07 00:24:43.617   907   907 D mculinkhealth: isMcuReachable 1
08-07 00:24:50.956   901   935 I chatty  : uid=1000(system) /vendor/bin/commandrouter expire 13 lines
08-07 00:24:50.956   901  1109 I chatty  : uid=1000(system) HwBinder:901_1 expire 12 lines
08-07 00:25:43.641   907   907 D mculinkhealth: isMcuReachable 1
08-07 00:26:20.897   901   935 I chatty  : uid=1000(system) /vendor/bin/commandrouter expire 14 lines
08-07 00:26:30.394   901  3359 I chatty  : uid=1000(system) HwBinder:901_3 expire 16 lines
08-07 00:26:43.643   901   945 I chatty  : uid=1000(system) HwBinder:901_1 expire 13 lines
08-07 00:26:43.665   907   907 D mculinkhealth: isMcuReachable 1
08-07 00:26:50.880   901  1109 I chatty  : uid=1000(system) HwBinder:901_1 expire 12 lines
08-07 00:27:43.687   907   907 D mculinkhealth: isMcuReachable 1
08-07 00:27:50.828   901   935 I chatty  : uid=1000(system) /vendor/bin/commandrouter expire 10 lines
08-07 00:28:43.712   907   907 D mculinkhealth: isMcuReachable 1
08-07 00:28:50.823   901  1109 I chatty  : uid=1000(system) HwBinder:901_1 expire 12 lines
08-07 00:29:00.080   901   935 I chatty  : uid=1000(system) /vendor/bin/commandrouter expire 18 lines
08-07 00:29:04.573  1339  4799 I chatty  : uid=1000 system_server expire 1 line
08-07 00:29:04.635  1339  4803 I chatty  : uid=1000 system_server expire 1 line
08-07 00:29:43.753   907   907 D mculinkhealth: isMcuReachable 1
08-07 00:30:43.777   907   907 D mculinkhealth: isMcuReachable 1
08-07 00:30:50.776   901   935 I chatty  : uid=1000(system) /vendor/bin/commandrouter expire 18 lines
08-07 00:30:50.777   901  1109 I chatty  : uid=1000(system) HwBinder:901_1 expire 12 lines
08-07 00:31:43.801   907   907 D mculinkhealth: isMcuReachable 1
08-07 00:32:43.825   907   907 D mculinkhealth: isMcuReachable 1
08-07 00:32:50.813   901   935 I chatty  : uid=1000(system) /vendor/bin/commandrouter expire 14 lines
08-07 00:32:50.814   901  1109 I chatty  : uid=1000(system) HwBinder:901_1 expire 10 lines
08-07 00:33:43.849   907   907 D mculinkhealth: isMcuReachable 1
08-07 00:34:30.352   901   935 I chatty  : uid=1000(system) /vendor/bin/commandrouter expire 15 lines
08-07 00:34:30.356   901  3359 I chatty  : uid=1000(system) HwBinder:901_3 expire 12 lines
08-07 00:34:30.735   901  1109 I chatty  : uid=1000(system) HwBinder:901_1 expire 20 lines
08-07 00:34:43.873   907   907 D mculinkhealth: isMcuReachable 1
08-07 00:35:43.897   907   907 D mculinkhealth: isMcuReachable 1
08-07 00:36:00.673   901   935 I chatty  : uid=1000(system) /vendor/bin/commandrouter expire 16 lines
08-07 00:36:43.922   907   907 D mculinkhealth: isMcuReachable 1
08-07 00:37:43.946   907   907 D mculinkhealth: isMcuReachable 1
08-07 00:37:50.609   901   935 I chatty  : uid=1000(system) /vendor/bin/commandrouter expire 14 lines
08-07 00:37:50.610   901  1109 I chatty  : uid=1000(system) HwBinder:901_1 expire 12 lines
08-07 00:38:43.971   907   907 D mculinkhealth: isMcuReachable 1
08-07 00:39:00.233   901  3359 I chatty  : uid=1000(system) HwBinder:901_3 expire 41 lines
08-07 00:39:00.237   901   935 I chatty  : uid=1000(system) /vendor/bin/commandrouter expire 48 lines
08-07 00:39:04.617  1339  4997 I chatty  : uid=1000 system_server expire 1 line
08-07 00:39:36.642  1339  2175 I chatty  : uid=1000(system) AdbDebuggingMan expire 2 lines
08-07 00:39:38.745  1339  1669 I chatty  : uid=1000(system) AppIntegrityMan expire 4 lines
08-07 00:39:38.751  1339  1500 I chatty  : uid=1000(system) PackageManager expire 15 lines
08-07 00:39:39.157  1339  1451 I chatty  : uid=1000(system) ActivityManager expire 10 lines
08-07 00:39:39.177  1339  1452 I chatty  : uid=1000(system) ActivityManager expire 12 lines
08-07 00:39:43.890  2011  2011 V DreamService[AodDreamService]: wakeUp(): fromSystem=true, mWaking=false, mFinished=false
08-07 00:39:43.890  2011  2011 V DreamService[AodDreamService]: finish(): mFinished=false
08-07 00:39:43.892  1339  1412 I chatty  : uid=1000(system) android.fg expire 12 lines
08-07 00:39:43.895  2011  2011 V DreamService[AodDreamService]: detach(): Calling onDreamingStopped()
08-07 00:39:43.916  2011  2011 V DreamService[AodDreamService]: onDreamingStopped()
08-07 00:39:43.916  2011  2011 V DreamService[AodDreamService]: finish(): mFinished=true
08-07 00:39:43.919   901  1590 I chatty  : uid=1000(system) /vendor/bin/commandrouter expire 10 lines
08-07 00:39:43.922  2011  2011 V DreamService[AodDreamService]: onDestroy()
08-07 00:39:43.922  2011  2011 V DreamService[AodDreamService]: finish(): mFinished=true
08-07 00:39:43.963   901   935 I chatty  : uid=1000(system) /vendor/bin/commandrouter expire 58 lines
08-07 00:39:43.974   901   945 I chatty  : uid=1000(system) HwBinder:901_1 expire 10 lines
08-07 00:39:43.995   907   907 D mculinkhealth: isMcuReachable 1
08-07 00:39:45.702   901  2553 I chatty  : uid=1000(system) HwBinder:901_3 expire 10 lines
--------- beginning of crash
08-07 00:39:45.732  5100  5100 E AndroidRuntime: FATAL EXCEPTION: main
08-07 00:39:45.732  5100  5100 E AndroidRuntime: Process: com.einfochips.frl_wearable, PID: 5100
08-07 00:39:45.732  5100  5100 E AndroidRuntime: java.lang.RuntimeException: Unable to resume activity {com.einfochips.frl_wearable/com.einfochips.frl_wearable.MainActivity}: java.lang.ArrayIndexOutOfBoundsException: length=0; index=0
08-07 00:39:45.732  5100  5100 E AndroidRuntime: 	at android.app.ActivityThread.performResumeActivity(ActivityThread.java:4439)
08-07 00:39:45.732  5100  5100 E AndroidRuntime: 	at android.app.ActivityThread.handleResumeActivity(ActivityThread.java:4471)
08-07 00:39:45.732  5100  5100 E AndroidRuntime: 	at android.app.servertransaction.ResumeActivityItem.execute(ResumeActivityItem.java:52)
08-07 00:39:45.732  5100  5100 E AndroidRuntime: 	at android.app.servertransaction.TransactionExecutor.executeLifecycleState(TransactionExecutor.java:176)
08-07 00:39:45.732  5100  5100 E AndroidRuntime: 	at android.app.servertransaction.TransactionExecutor.execute(TransactionExecutor.java:97)
08-07 00:39:45.732  5100  5100 E AndroidRuntime: 	at android.app.ActivityThread$H.handleMessage(ActivityThread.java:2067)
08-07 00:39:45.732  5100  5100 E AndroidRuntime: 	at android.os.Handler.dispatchMessage(Handler.java:106)
08-07 00:39:45.732  5100  5100 E AndroidRuntime: 	at android.os.Looper.loop(Looper.java:223)
08-07 00:39:45.732  5100  5100 E AndroidRuntime: 	at android.app.ActivityThread.main(ActivityThread.java:7701)
08-07 00:39:45.732  5100  5100 E AndroidRuntime: 	at java.lang.reflect.Method.invoke(Native Method)
08-07 00:39:45.732  5100  5100 E AndroidRuntime: 	at com.android.internal.os.RuntimeInit$MethodAndArgsCaller.run(RuntimeInit.java:592)
08-07 00:39:45.732  5100  5100 E AndroidRuntime: 	at com.android.internal.os.ZygoteInit.main(ZygoteInit.java:952)
08-07 00:39:45.732  5100  5100 E AndroidRuntime: Caused by: java.lang.ArrayIndexOutOfBoundsException: length=0; index=0
08-07 00:39:45.732  5100  5100 E AndroidRuntime: 	at com.einfochips.frl_wearable.MainActivity.onRequestPermissionsResult(MainActivity.java:377)
08-07 00:39:45.732  5100  5100 E AndroidRuntime: 	at android.app.Activity.requestPermissions(Activity.java:5221)
08-07 00:39:45.732  5100  5100 E AndroidRuntime: 	at com.einfochips.frl_wearable.MainActivity.bodySensorPermission(MainActivity.java:368)
08-07 00:39:45.732  5100  5100 E AndroidRuntime: 	at com.einfochips.frl_wearable.MainActivity.onResume(MainActivity.java:291)
08-07 00:39:45.732  5100  5100 E AndroidRuntime: 	at android.app.Instrumentation.callActivityOnResume(Instrumentation.java:1457)
08-07 00:39:45.732  5100  5100 E AndroidRuntime: 	at android.app.Activity.performResume(Activity.java:8135)
08-07 00:39:45.732  5100  5100 E AndroidRuntime: 	at android.app.ActivityThread.performResumeActivity(ActivityThread.java:4429)
08-07 00:39:45.732  5100  5100 E AndroidRuntime: 	... 11 more
08-07 00:39:45.772  1339  5133 I chatty  : uid=1000 system_server expire 1 line
08-07 00:39:47.722  1339  2574 I chatty  : uid=1000(system) LazyTaskWriterT expire 9 lines
08-07 00:39:48.529   901  1599 I chatty  : uid=1000(system) HwBinder:901_2 expire 11 lines
08-07 00:39:48.545   901  1585 I chatty  : uid=1000(system) HwBinder:901_1 expire 11 lines
08-07 00:39:48.548   901  1587 I chatty  : uid=1000(system) HwBinder:901_1 expire 11 lines
08-07 00:39:50.542   901  1109 I chatty  : uid=1000(system) HwBinder:901_1 expire 24 lines
08-07 00:40:00.685   901  3359 I chatty  : uid=1000(system) HwBinder:901_3 expire 11 lines
08-07 00:40:14.785  1339  1482 I chatty  : uid=1000(system) PowerManagerSer expire 14 lines
08-07 00:40:14.957  2011  2011 V DreamService[AodDreamService]: onBind() intent = Intent { act=android.service.dreams.DreamService flg=0x800000 cmp=com.facebook.wearable.system.aod_service/.AodDreamService }
08-07 00:40:14.962  2011  2011 V DreamService[AodDreamService]: onDreamingStarted()
08-07 00:40:15.071   901   935 I chatty  : uid=1000(system) /vendor/bin/commandrouter expire 21 lines
08-07 00:40:17.678  2011  2011 V DreamService[AodDreamService]: wakeUp(): fromSystem=true, mWaking=false, mFinished=false
08-07 00:40:17.678  2011  2011 V DreamService[AodDreamService]: finish(): mFinished=false
08-07 00:40:17.681  2011  2011 V DreamService[AodDreamService]: detach(): Calling onDreamingStopped()
08-07 00:40:17.690  2011  2011 V DreamService[AodDreamService]: onDreamingStopped()
08-07 00:40:17.690  2011  2011 V DreamService[AodDreamService]: finish(): mFinished=true
08-07 00:40:17.697  2011  2011 V DreamService[AodDreamService]: onDestroy()
08-07 00:40:17.697  2011  2011 V DreamService[AodDreamService]: finish(): mFinished=true
08-07 00:40:22.243   901  1585 I chatty  : uid=1000(system) HwBinder:901_1 expire 10 lines
08-07 00:40:22.246   901  1587 I chatty  : uid=1000(system) HwBinder:901_1 expire 10 lines
08-07 00:40:44.017   907   907 D mculinkhealth: isMcuReachable 1
08-07 00:40:50.497   901   935 I chatty  : uid=1000(system) /vendor/bin/commandrouter expire 31 lines
08-07 00:40:50.541  1339  1415 I chatty  : uid=1000(system) android.display expire 11 lines
08-07 00:40:51.536  1339  1671 I chatty  : uid=1000(system) StorageManagerS expire 2 lines
08-07 00:40:51.611  1339  1642 I chatty  : uid=1000(system) RollbackManager expire 2 lines
08-07 00:40:51.656  1339  1452 I chatty  : uid=1000(system) ActivityManager expire 14 lines
08-07 00:40:52.479  1339  1360 I chatty  : uid=1000(system) Binder:1339_1 expire 2 lines
08-07 00:41:09.887  1339  1482 I chatty  : uid=1000(system) PowerManagerSer expire 14 lines
08-07 00:41:10.064  2011  2011 V DreamService[AodDreamService]: onBind() intent = Intent { act=android.service.dreams.DreamService flg=0x800000 cmp=com.facebook.wearable.system.aod_service/.AodDreamService }
08-07 00:41:10.067  2011  2011 V DreamService[AodDreamService]: onDreamingStarted()
08-07 00:41:10.073   901  1590 I chatty  : uid=1000(system) /vendor/bin/commandrouter expire 11 lines
08-07 00:41:44.040   907   907 D mculinkhealth: isMcuReachable 1
08-07 00:42:44.063   907   907 D mculinkhealth: isMcuReachable 1
08-07 00:43:44.088   907   907 D mculinkhealth: isMcuReachable 1
08-07 00:43:50.570   901   935 I chatty  : uid=1000(system) /vendor/bin/commandrouter expire 19 lines
08-07 00:43:50.571   901  1109 I chatty  : uid=1000(system) HwBinder:901_1 expire 10 lines
08-07 00:44:44.112   907   907 D mculinkhealth: isMcuReachable 1
08-07 00:45:07.392   901  2114 I chatty  : uid=1000(system) HwBinder:901_3 expire 10 lines
08-07 00:45:07.837  1339  1412 I chatty  : uid=1000(system) android.fg expire 11 lines
08-07 00:45:07.838  2011  2011 V DreamService[AodDreamService]: wakeUp(): fromSystem=true, mWaking=false, mFinished=false
08-07 00:45:07.838  2011  2011 V DreamService[AodDreamService]: finish(): mFinished=false
08-07 00:45:07.842  2011  2011 V DreamService[AodDreamService]: detach(): Calling onDreamingStopped()
08-07 00:45:07.881  2011  2011 V DreamService[AodDreamService]: onDreamingStopped()
08-07 00:45:07.881  2011  2011 V DreamService[AodDreamService]: finish(): mFinished=true
08-07 00:45:07.884  2011  2011 V DreamService[AodDreamService]: onDestroy()
08-07 00:45:07.884  2011  2011 V DreamService[AodDreamService]: finish(): mFinished=true
08-07 00:45:30.268   901  3359 I chatty  : uid=1000(system) HwBinder:901_3 expire 11 lines
08-07 00:45:30.554   901   935 I chatty  : uid=1000(system) /vendor/bin/commandrouter expire 14 lines
08-07 00:45:30.554   901  1109 I chatty  : uid=1000(system) HwBinder:901_1 expire 14 lines
08-07 00:45:40.035  1339  1482 I chatty  : uid=1000(system) PowerManagerSer expire 14 lines
08-07 00:45:40.109  2011  2011 V DreamService[AodDreamService]: onBind() intent = Intent { act=android.service.dreams.DreamService flg=0x800000 cmp=com.facebook.wearable.system.aod_service/.AodDreamService }
08-07 00:45:40.111  2011  2011 V DreamService[AodDreamService]: onDreamingStarted()
08-07 00:45:44.137   907   907 D mculinkhealth: isMcuReachable 1
08-07 00:46:44.161   901   935 I chatty  : uid=1000(system) /vendor/bin/commandrouter expire 10 lines
08-07 00:46:44.161   907   907 D mculinkhealth: isMcuReachable 1
08-07 00:47:44.185   907   907 D mculinkhealth: isMcuReachable 1
08-07 00:47:50.546   901   935 I chatty  : uid=1000(system) /vendor/bin/commandrouter expire 21 lines
08-07 00:47:50.547   901  1109 I chatty  : uid=1000(system) HwBinder:901_1 expire 11 lines
08-07 00:48:08.147  1339  1451 I chatty  : uid=1000(system) ActivityManager expire 12 lines
08-07 00:48:08.178  1339  1339 I chatty  : uid=1000 system_server expire 13 lines
08-07 00:48:12.127  2011  2011 V DreamService[AodDreamService]: wakeUp(): fromSystem=true, mWaking=false, mFinished=false
08-07 00:48:12.127  2011  2011 V DreamService[AodDreamService]: finish(): mFinished=false
08-07 00:48:12.135  2011  2011 V DreamService[AodDreamService]: detach(): Calling onDreamingStopped()
08-07 00:48:12.159  2011  2011 V DreamService[AodDreamService]: onDreamingStopped()
08-07 00:48:12.159  2011  2011 V DreamService[AodDreamService]: finish(): mFinished=true
08-07 00:48:12.162  2011  2011 V DreamService[AodDreamService]: onDestroy()
08-07 00:48:12.162  2011  2011 V DreamService[AodDreamService]: finish(): mFinished=true
08-07 00:48:12.163   901  1590 I chatty  : uid=1000(system) /vendor/bin/commandrouter expire 12 lines
08-07 00:48:13.670  1339  1452 I chatty  : uid=1000(system) ActivityManager expire 6 lines
08-07 00:48:14.813  5573  5573 E AndroidRuntime: FATAL EXCEPTION: main
08-07 00:48:14.813  5573  5573 E AndroidRuntime: Process: com.einfochips.frl_wearable, PID: 5573
08-07 00:48:14.813  5573  5573 E AndroidRuntime: java.lang.RuntimeException: Unable to resume activity {com.einfochips.frl_wearable/com.einfochips.frl_wearable.MainActivity}: java.lang.ArrayIndexOutOfBoundsException: length=0; index=0
08-07 00:48:14.813  5573  5573 E AndroidRuntime: 	at android.app.ActivityThread.performResumeActivity(ActivityThread.java:4439)
08-07 00:48:14.813  5573  5573 E AndroidRuntime: 	at android.app.ActivityThread.handleResumeActivity(ActivityThread.java:4471)
08-07 00:48:14.813  5573  5573 E AndroidRuntime: 	at android.app.servertransaction.ResumeActivityItem.execute(ResumeActivityItem.java:52)
08-07 00:48:14.813  5573  5573 E AndroidRuntime: 	at android.app.servertransaction.TransactionExecutor.executeLifecycleState(TransactionExecutor.java:176)
08-07 00:48:14.813  5573  5573 E AndroidRuntime: 	at android.app.servertransaction.TransactionExecutor.execute(TransactionExecutor.java:97)
08-07 00:48:14.813  5573  5573 E AndroidRuntime: 	at android.app.ActivityThread$H.handleMessage(ActivityThread.java:2067)
08-07 00:48:14.813  5573  5573 E AndroidRuntime: 	at android.os.Handler.dispatchMessage(Handler.java:106)
08-07 00:48:14.813  5573  5573 E AndroidRuntime: 	at android.os.Looper.loop(Looper.java:223)
08-07 00:48:14.813  5573  5573 E AndroidRuntime: 	at android.app.ActivityThread.main(ActivityThread.java:7701)
08-07 00:48:14.813  5573  5573 E AndroidRuntime: 	at java.lang.reflect.Method.invoke(Native Method)
08-07 00:48:14.813  5573  5573 E AndroidRuntime: 	at com.android.internal.os.RuntimeInit$MethodAndArgsCaller.run(RuntimeInit.java:592)
08-07 00:48:14.813  5573  5573 E AndroidRuntime: 	at com.android.internal.os.ZygoteInit.main(ZygoteInit.java:952)
08-07 00:48:14.813  5573  5573 E AndroidRuntime: Caused by: java.lang.ArrayIndexOutOfBoundsException: length=0; index=0
08-07 00:48:14.813  5573  5573 E AndroidRuntime: 	at com.einfochips.frl_wearable.MainActivity.onRequestPermissionsResult(MainActivity.java:377)
08-07 00:48:14.813  5573  5573 E AndroidRuntime: 	at android.app.Activity.requestPermissions(Activity.java:5221)
08-07 00:48:14.813  5573  5573 E AndroidRuntime: 	at com.einfochips.frl_wearable.MainActivity.bodySensorPermission(MainActivity.java:368)
08-07 00:48:14.813  5573  5573 E AndroidRuntime: 	at com.einfochips.frl_wearable.MainActivity.onResume(MainActivity.java:291)
08-07 00:48:14.813  5573  5573 E AndroidRuntime: 	at android.app.Instrumentation.callActivityOnResume(Instrumentation.java:1457)
08-07 00:48:14.813  5573  5573 E AndroidRuntime: 	at android.app.Activity.performResume(Activity.java:8135)
08-07 00:48:14.813  5573  5573 E AndroidRuntime: 	at android.app.ActivityThread.performResumeActivity(ActivityThread.java:4429)
08-07 00:48:14.813  5573  5573 E AndroidRuntime: 	... 11 more
08-07 00:48:14.838  1339  5600 I chatty  : uid=1000 system_server expire 1 line
08-07 00:48:44.211   907   907 D mculinkhealth: isMcuReachable 1
08-07 00:48:50.545   901   935 I chatty  : uid=1000(system) /vendor/bin/commandrouter expire 19 lines
08-07 00:48:51.817  1339  1448 I chatty  : uid=1000(system) android.bg expire 5 lines
08-07 00:49:04.561  1339  5655 I chatty  : uid=1000 system_server expire 1 line
08-07 00:49:04.670  1339  5656 I chatty  : uid=1000 system_server expire 1 line
08-07 00:49:11.465  1339  1482 I chatty  : uid=1000(system) PowerManagerSer expire 16 lines
08-07 00:49:11.474  1339  1412 I chatty  : uid=1000(system) android.fg expire 11 lines
08-07 00:49:11.632  2011  2011 V DreamService[AodDreamService]: onBind() intent = Intent { act=android.service.dreams.DreamService flg=0x800000 cmp=com.facebook.wearable.system.aod_service/.AodDreamService }
08-07 00:49:11.634  2011  2011 V DreamService[AodDreamService]: onDreamingStarted()
08-07 00:49:12.255  1339  1415 I chatty  : uid=1000(system) android.display expire 10 lines
08-07 00:49:13.287   901  1630 I chatty  : uid=1000(system) HwBinder:901_2 expire 10 lines
08-07 00:49:13.304   901  1585 I chatty  : uid=1000(system) HwBinder:901_1 expire 14 lines
08-07 00:49:13.306   901  1587 I chatty  : uid=1000(system) HwBinder:901_1 expire 11 lines
08-07 00:49:13.571  2011  2011 V DreamService[AodDreamService]: wakeUp(): fromSystem=true, mWaking=false, mFinished=false
08-07 00:49:13.571  2011  2011 V DreamService[AodDreamService]: finish(): mFinished=false
08-07 00:49:13.574  2011  2011 V DreamService[AodDreamService]: detach(): Calling onDreamingStopped()
08-07 00:49:13.596  2011  2011 V DreamService[AodDreamService]: onDreamingStopped()
08-07 00:49:13.596  2011  2011 V DreamService[AodDreamService]: finish(): mFinished=true
08-07 00:49:13.601  2011  2011 V DreamService[AodDreamService]: onDestroy()
08-07 00:49:13.601  2011  2011 V DreamService[AodDreamService]: finish(): mFinished=true
08-07 00:49:30.519   901   935 I chatty  : uid=1000(system) /vendor/bin/commandrouter expire 10 lines
08-07 00:49:31.026  1339  1665 I chatty  : uid=1000(system) InputReader expire 6 lines
08-07 00:49:31.186  2011  2011 V DreamService[AodDreamService]: onBind() intent = Intent { act=android.service.dreams.DreamService flg=0x800000 cmp=com.facebook.wearable.system.aod_service/.AodDreamService }
08-07 00:49:31.188  2011  2011 V DreamService[AodDreamService]: onDreamingStarted()
08-07 00:49:31.220   901  1590 I chatty  : uid=1000(system) /vendor/bin/commandrouter expire 12 lines
08-07 00:49:31.718  1339  1482 I chatty  : uid=1000(system) PowerManagerSer expire 10 lines
08-07 00:49:33.534  2011  2011 V DreamService[AodDreamService]: wakeUp(): fromSystem=true, mWaking=false, mFinished=false
08-07 00:49:33.534  2011  2011 V DreamService[AodDreamService]: finish(): mFinished=false
08-07 00:49:33.535  1339  1412 I chatty  : uid=1000(system) android.fg expire 14 lines
08-07 00:49:33.537  2011  2011 V DreamService[AodDreamService]: detach(): Calling onDreamingStopped()
08-07 00:49:33.563  2011  2011 V DreamService[AodDreamService]: onDreamingStopped()
08-07 00:49:33.563  2011  2011 V DreamService[AodDreamService]: finish(): mFinished=true
08-07 00:49:33.568  2011  2011 V DreamService[AodDreamService]: onDestroy()
08-07 00:49:33.568  2011  2011 V DreamService[AodDreamService]: finish(): mFinished=true
08-07 00:49:40.517   901  1109 I chatty  : uid=1000(system) HwBinder:901_1 expire 11 lines
08-07 00:49:44.212   901   945 I chatty  : uid=1000(system) HwBinder:901_1 expire 10 lines
08-07 00:49:44.240   907   907 D mculinkhealth: isMcuReachable 1
08-07 00:49:45.719  1339  2091 I chatty  : uid=1000(system) Binder:1339_7 expire 3 lines
08-07 00:49:45.975   901   935 I chatty  : uid=1000(system) /vendor/bin/commandrouter expire 22 lines
08-07 00:49:50.958   901  1587 I chatty  : uid=1000(system) HwBinder:901_1 expire 10 lines
08-07 00:50:35.716  1339  1482 I chatty  : uid=1000(system) PowerManagerSer expire 14 lines
08-07 00:50:35.778  2011  2011 V DreamService[AodDreamService]: onBind() intent = Intent { act=android.service.dreams.DreamService flg=0x800000 cmp=com.facebook.wearable.system.aod_service/.AodDreamService }
08-07 00:50:35.782  2011  2011 V DreamService[AodDreamService]: onDreamingStarted()
08-07 00:50:44.264   907   907 D mculinkhealth: isMcuReachable 1
08-07 00:51:00.487   901   935 I chatty  : uid=1000(system) /vendor/bin/commandrouter expire 12 lines
08-07 00:51:00.578   901  3359 I chatty  : uid=1000(system) HwBinder:901_3 expire 10 lines
08-07 00:51:30.469   901  1109 I chatty  : uid=1000(system) HwBinder:901_1 expire 16 lines
08-07 00:51:36.385   901  1599 I chatty  : uid=1000(system) HwBinder:901_2 expire 10 lines
08-07 00:51:44.289   907   907 D mculinkhealth: isMcuReachable 1
08-07 00:52:10.444   901   935 I chatty  : uid=1000(system) /vendor/bin/commandrouter expire 17 lines
08-07 00:52:44.313   907   907 D mculinkhealth: isMcuReachable 1
08-07 00:53:44.337   907   907 D mculinkhealth: isMcuReachable 1
08-07 00:54:00.468   901   935 I chatty  : uid=1000(system) /vendor/bin/commandrouter expire 17 lines
08-07 00:54:10.373   901  1109 I chatty  : uid=1000(system) HwBinder:901_1 expire 10 lines
08-07 00:54:44.362   907   907 D mculinkhealth: isMcuReachable 1
08-07 00:55:44.386   907   907 D mculinkhealth: isMcuReachable 1
08-07 00:55:50.332   901  1109 I chatty  : uid=1000(system) HwBinder:901_1 expire 11 lines
08-07 00:56:00.335   901   935 I chatty  : uid=1000(system) /vendor/bin/commandrouter expire 25 lines
08-07 00:56:00.742   901  3359 I chatty  : uid=1000(system) HwBinder:901_3 expire 11 lines
08-07 00:56:04.595  1339  1500 I chatty  : uid=1000(system) PackageManager expire 10 lines
08-07 00:56:08.748  2011  2011 V DreamService[AodDreamService]: wakeUp(): fromSystem=true, mWaking=false, mFinished=false
08-07 00:56:08.749  2011  2011 V DreamService[AodDreamService]: finish(): mFinished=false
08-07 00:56:08.753  2011  2011 V DreamService[AodDreamService]: detach(): Calling onDreamingStopped()
08-07 00:56:08.779  2011  2011 V DreamService[AodDreamService]: onDreamingStopped()
08-07 00:56:08.779  2011  2011 V DreamService[AodDreamService]: finish(): mFinished=true
08-07 00:56:08.781  2011  2011 V DreamService[AodDreamService]: onDestroy()
08-07 00:56:08.781  2011  2011 V DreamService[AodDreamService]: finish(): mFinished=true
08-07 00:56:09.843   901  2553 I chatty  : uid=1000(system) HwBinder:901_3 expire 10 lines
08-07 00:56:11.231   901  1589 I chatty  : uid=1000(system) HwBinder:901_1 expire 2 lines
08-07 00:56:11.236   901  1585 I chatty  : uid=1000(system) HwBinder:901_1 expire 14 lines
08-07 00:56:44.408   907   907 D mculinkhealth: isMcuReachable 1
08-07 00:57:15.893  1339  1451 I chatty  : uid=1000(system) ActivityManager expire 5 lines
08-07 00:57:15.967   901   935 I chatty  : uid=1000(system) /vendor/bin/commandrouter expire 14 lines
08-07 00:57:36.796  1339  1482 I chatty  : uid=1000(system) PowerManagerSer expire 18 lines
08-07 00:57:36.864  2011  2011 V DreamService[AodDreamService]: onBind() intent = Intent { act=android.service.dreams.DreamService flg=0x800000 cmp=com.facebook.wearable.system.aod_service/.AodDreamService }
08-07 00:57:36.866  2011  2011 V DreamService[AodDreamService]: onDreamingStarted()
08-07 00:57:36.870   901  1590 I chatty  : uid=1000(system) /vendor/bin/commandrouter expire 11 lines
08-07 00:57:37.470  1339  1415 I chatty  : uid=1000(system) android.display expire 9 lines
08-07 00:57:37.604   901  2114 I chatty  : uid=1000(system) HwBinder:901_3 expire 10 lines
08-07 00:57:40.294   901  1109 I chatty  : uid=1000(system) HwBinder:901_1 expire 10 lines
08-07 00:57:43.466  1339  1412 I chatty  : uid=1000(system) android.fg expire 10 lines
08-07 00:57:43.468  2011  2011 V DreamService[AodDreamService]: wakeUp(): fromSystem=true, mWaking=false, mFinished=false
08-07 00:57:43.468  2011  2011 V DreamService[AodDreamService]: finish(): mFinished=false
08-07 00:57:43.469  1339  4499 I chatty  : uid=1000(system) Binder:1339_17 expire 3 lines
08-07 00:57:43.472  2011  2011 V DreamService[AodDreamService]: detach(): Calling onDreamingStopped()
08-07 00:57:43.480  2011  2011 V DreamService[AodDreamService]: onDreamingStopped()
08-07 00:57:43.481  2011  2011 V DreamService[AodDreamService]: finish(): mFinished=true
08-07 00:57:43.488  2011  2011 V DreamService[AodDreamService]: onDestroy()
08-07 00:57:43.488  2011  2011 V DreamService[AodDreamService]: finish(): mFinished=true
08-07 00:57:44.430   907   907 D mculinkhealth: isMcuReachable 1
08-07 00:58:03.986  2011  2011 V DreamService[AodDreamService]: onBind() intent = Intent { act=android.service.dreams.DreamService flg=0x800000 cmp=com.facebook.wearable.system.aod_service/.AodDreamService }
08-07 00:58:03.988  2011  2011 V DreamService[AodDreamService]: onDreamingStarted()
08-07 00:58:04.085   901   935 I chatty  : uid=1000(system) /vendor/bin/commandrouter expire 18 lines
08-07 00:58:04.519  1339  1482 I chatty  : uid=1000(system) PowerManagerSer expire 10 lines
08-07 00:58:44.454   907   907 D mculinkhealth: isMcuReachable 1
08-07 00:58:57.888  1339  5920 I chatty  : uid=1000(system) Binder:1339_19 expire 2 lines
08-07 00:58:58.370  2011  2011 V DreamService[AodDreamService]: wakeUp(): fromSystem=true, mWaking=false, mFinished=false
08-07 00:58:58.370  2011  2011 V DreamService[AodDreamService]: finish(): mFinished=false
08-07 00:58:58.379  2011  2011 V DreamService[AodDreamService]: detach(): Calling onDreamingStopped()
08-07 00:58:58.387  2011  2011 V DreamService[AodDreamService]: onDreamingStopped()
08-07 00:58:58.388  2011  2011 V DreamService[AodDreamService]: finish(): mFinished=true
08-07 00:58:58.392   901  1590 I chatty  : uid=1000(system) /vendor/bin/commandrouter expire 10 lines
08-07 00:58:58.397  2011  2011 V DreamService[AodDreamService]: onDestroy()
08-07 00:58:58.397  2011  2011 V DreamService[AodDreamService]: finish(): mFinished=true
08-07 00:59:04.556  1339  6122 I chatty  : uid=1000 system_server expire 1 line
08-07 00:59:18.155  1339  1482 I chatty  : uid=1000(system) PowerManagerSer expire 14 lines
08-07 00:59:18.232  2011  2011 V DreamService[AodDreamService]: onBind() intent = Intent { act=android.service.dreams.DreamService flg=0x800000 cmp=com.facebook.wearable.system.aod_service/.AodDreamService }
08-07 00:59:18.235  2011  2011 V DreamService[AodDreamService]: onDreamingStarted()
08-07 00:59:18.262   901  3476 I chatty  : uid=1000(system) HwBinder:901_3 expire 6 lines
08-07 00:59:19.000   901   935 I chatty  : uid=1000(system) /vendor/bin/commandrouter expire 16 lines
08-07 00:59:20.256   901  1109 I chatty  : uid=1000(system) HwBinder:901_1 expire 11 lines
08-07 00:59:30.558  1339  1412 I chatty  : uid=1000(system) android.fg expire 5 lines
08-07 00:59:30.562  2011  2011 V DreamService[AodDreamService]: wakeUp(): fromSystem=true, mWaking=false, mFinished=false
08-07 00:59:30.562  2011  2011 V DreamService[AodDreamService]: finish(): mFinished=false
08-07 00:59:30.563  1339  3103 I chatty  : uid=1000(system) Binder:1339_10 expire 2 lines
08-07 00:59:30.567  2011  2011 V DreamService[AodDreamService]: detach(): Calling onDreamingStopped()
08-07 00:59:30.577  2011  2011 V DreamService[AodDreamService]: onDreamingStopped()
08-07 00:59:30.577  2011  2011 V DreamService[AodDreamService]: finish(): mFinished=true
08-07 00:59:30.581  2011  2011 V DreamService[AodDreamService]: onDestroy()
08-07 00:59:30.582  2011  2011 V DreamService[AodDreamService]: finish(): mFinished=true
08-07 00:59:37.993  1339  1413 I chatty  : uid=1000(system) android.ui expire 4 lines
08-07 00:59:44.456   901   945 I chatty  : uid=1000(system) HwBinder:901_1 expire 5 lines
08-07 00:59:44.476   907   907 D mculinkhealth: isMcuReachable 1
08-07 01:00:09.849  1339  1500 I chatty  : uid=1000(system) PackageManager expire 4 lines
08-07 01:00:10.050  1339  1412 V StorageManagerService: Package null does not have legacy storage
08-07 01:00:10.074  1339  1500 V BackupManagerService: [UserID:0] restoreAtInstall pkg=com.einfochips.frl_wearable token=4 restoreSet=0
08-07 01:00:10.077  1339  1500 V BackupManagerService: [UserID:0] Finishing install immediately
08-07 01:00:10.099  1339  1412 I RoleManagerService: Granting default roles...
08-07 01:00:10.111  1339  1451 W BroadcastQueue: Background execution not allowed: receiving Intent { act=android.intent.action.PACKAGE_ADDED dat=package:com.einfochips.frl_wearable flg=0x4000010 (has extras) } to com.android.packageinstaller/.PackageInstalledReceiver
08-07 01:00:10.112  1339  1451 W BroadcastQueue: Background execution not allowed: receiving Intent { act=android.intent.action.PACKAGE_ADDED dat=package:com.einfochips.frl_wearable flg=0x4000010 (has extras) } to com.android.gallery3d/.app.PackagesMonitor
08-07 01:00:10.112  1339  1451 W BroadcastQueue: Background execution not allowed: receiving Intent { act=android.intent.action.PACKAGE_ADDED dat=package:com.einfochips.frl_wearable flg=0x4000010 (has extras) } to com.facebook.wearable.system.appmanager/com.facebook.aloha.app.appmanager.common.packages.event.manifest.ManifestPackageEventReceiver
08-07 01:00:10.140  1339  1339 I Telecom : DefaultDialerCache: Refreshing default dialer for user 0: now com.facebook.wearable.apps.phone: DDC.oR@AEg
08-07 01:00:10.155  1339  1339 V BackupManagerConstants: getFullBackupIntervalMilliseconds(...) returns 86400000
08-07 01:00:10.155  1339  1339 V BackupManagerConstants: getFullBackupRequiredNetworkType(...) returns 2
08-07 01:00:10.155  1339  1339 V BackupManagerConstants: getFullBackupRequireCharging(...) returns true
08-07 01:00:10.191  1339  1448 W TextServicesManagerService: no available spell checker services found
08-07 01:00:10.237  1339  1448 W VoiceInteractionManager: no available voice recognition services found for user 0
08-07 01:00:20.431  1339  1360 I ActivityTaskManager: START u0 {act=android.intent.action.MAIN cat=[android.intent.category.LAUNCHER] flg=0x10200000 pkg=com.einfochips.frl_wearable cmp=com.einfochips.frl_wearable/.MainActivity} from uid 10017
08-07 01:00:20.496  1339  1415 D CompatibilityChangeReporter: Compat change id reported: 135634846; UID 10120; state: DISABLED
08-07 01:00:20.497  1339  1452 D CompatibilityChangeReporter: Compat change id reported: 143937733; UID 10120; state: ENABLED
08-07 01:00:20.527  1339  1452 I ActivityManager: Start proc 6308:com.einfochips.frl_wearable/u0a120 for pre-top-activity {com.einfochips.frl_wearable/com.einfochips.frl_wearable.MainActivity}
08-07 01:00:21.396  1339  1360 I ActivityTaskManager: START u0 {act=android.content.pm.action.REQUEST_PERMISSIONS pkg=com.android.permissioncontroller cmp=com.android.permissioncontroller/.permission.ui.GrantPermissionsActivity (has extras)} from uid 10120
08-07 01:00:21.403  1339  1360 I ActivityTaskManager: The Process com.android.permissioncontroller Already Exists in BG. So sending its PID: 2430
08-07 01:00:21.403  1339  1360 W ActivityTaskManager: Tried to set launchTime (0) < mLastActivityLaunchTime (4214042)
08-07 01:00:21.496  6308  6308 E AndroidRuntime: FATAL EXCEPTION: main
08-07 01:00:21.496  6308  6308 E AndroidRuntime: Process: com.einfochips.frl_wearable, PID: 6308
08-07 01:00:21.496  6308  6308 E AndroidRuntime: java.lang.RuntimeException: Unable to resume activity {com.einfochips.frl_wearable/com.einfochips.frl_wearable.MainActivity}: java.lang.ArrayIndexOutOfBoundsException: length=0; index=0
08-07 01:00:21.496  6308  6308 E AndroidRuntime: 	at android.app.ActivityThread.performResumeActivity(ActivityThread.java:4439)
08-07 01:00:21.496  6308  6308 E AndroidRuntime: 	at android.app.ActivityThread.handleResumeActivity(ActivityThread.java:4471)
08-07 01:00:21.496  6308  6308 E AndroidRuntime: 	at android.app.servertransaction.ResumeActivityItem.execute(ResumeActivityItem.java:52)
08-07 01:00:21.496  6308  6308 E AndroidRuntime: 	at android.app.servertransaction.TransactionExecutor.executeLifecycleState(TransactionExecutor.java:176)
08-07 01:00:21.496  6308  6308 E AndroidRuntime: 	at android.app.servertransaction.TransactionExecutor.execute(TransactionExecutor.java:97)
08-07 01:00:21.496  6308  6308 E AndroidRuntime: 	at android.app.ActivityThread$H.handleMessage(ActivityThread.java:2067)
08-07 01:00:21.496  6308  6308 E AndroidRuntime: 	at android.os.Handler.dispatchMessage(Handler.java:106)
08-07 01:00:21.496  6308  6308 E AndroidRuntime: 	at android.os.Looper.loop(Looper.java:223)
08-07 01:00:21.496  6308  6308 E AndroidRuntime: 	at android.app.ActivityThread.main(ActivityThread.java:7701)
08-07 01:00:21.496  6308  6308 E AndroidRuntime: 	at java.lang.reflect.Method.invoke(Native Method)
08-07 01:00:21.496  6308  6308 E AndroidRuntime: 	at com.android.internal.os.RuntimeInit$MethodAndArgsCaller.run(RuntimeInit.java:592)
08-07 01:00:21.496  6308  6308 E AndroidRuntime: 	at com.android.internal.os.ZygoteInit.main(ZygoteInit.java:952)
08-07 01:00:21.496  6308  6308 E AndroidRuntime: Caused by: java.lang.ArrayIndexOutOfBoundsException: length=0; index=0
08-07 01:00:21.496  6308  6308 E AndroidRuntime: 	at com.einfochips.frl_wearable.MainActivity.onRequestPermissionsResult(MainActivity.java:377)
08-07 01:00:21.496  6308  6308 E AndroidRuntime: 	at android.app.Activity.requestPermissions(Activity.java:5221)
08-07 01:00:21.496  6308  6308 E AndroidRuntime: 	at com.einfochips.frl_wearable.MainActivity.bodySensorPermission(MainActivity.java:368)
08-07 01:00:21.496  6308  6308 E AndroidRuntime: 	at com.einfochips.frl_wearable.MainActivity.onResume(MainActivity.java:291)
08-07 01:00:21.496  6308  6308 E AndroidRuntime: 	at android.app.Instrumentation.callActivityOnResume(Instrumentation.java:1457)
08-07 01:00:21.496  6308  6308 E AndroidRuntime: 	at android.app.Activity.performResume(Activity.java:8135)
08-07 01:00:21.496  6308  6308 E AndroidRuntime: 	at android.app.ActivityThread.performResumeActivity(ActivityThread.java:4429)
08-07 01:00:21.496  6308  6308 E AndroidRuntime: 	... 11 more
08-07 01:00:21.510  1339  6336 I DropBoxManagerService: add tag=data_app_crash isTagEnabled=true flags=0x2
08-07 01:00:21.577  1339  3130 I ActivityManager: Process com.einfochips.frl_wearable (pid 6308) has died: prcp LAST
08-07 01:00:21.923  1339  1415 W ActivityTaskManager: Activity top resumed state loss timeout for ActivityRecord{355ff97 u0 com.einfochips.frl_wearable/.MainActivity t11}
08-07 01:00:23.287  1339  1415 D CompatibilityChangeReporter: Compat change id reported: 135634846; UID 10120; state: DISABLED
08-07 01:00:23.288  1339  1452 D CompatibilityChangeReporter: Compat change id reported: 143937733; UID 10120; state: ENABLED
08-07 01:00:23.318  1339  1452 I ActivityManager: Start proc 6337:com.einfochips.frl_wearable/u0a120 for top-activity {com.einfochips.frl_wearable/com.einfochips.frl_wearable.MainActivity}
08-07 01:00:23.528  1339  2574 E TaskPersister: File error accessing recents directory (directory doesn't exist?).
08-07 01:00:23.912  1339  5920 I ActivityTaskManager: START u0 {act=android.content.pm.action.REQUEST_PERMISSIONS pkg=com.android.permissioncontroller cmp=com.android.permissioncontroller/.permission.ui.GrantPermissionsActivity (has extras)} from uid 10120
08-07 01:00:24.008  1339  3130 I ActivityTaskManager: The Process com.android.permissioncontroller Already Exists in BG. So sending its PID: 2430
