08-07 01:04:24.510  2011  2011 D McuTransferService: the service is being destroyed
08-07 01:04:24.510  2011  2011 D McuTransferService: skipping close shared connection to avoid race condition
08-07 01:04:24.512  2011  3489 D McuTransferService: Sent resposne data back for request complication_mcu_data_request
08-07 01:04:24.512  2011  3489 D McuTransferService: done processing response
08-07 01:04:24.937  2011  5301 D AodDreamService: doze requested: 2
08-07 01:04:24.937  2011  5301 D AodDreamService: Display should be disabled due to charging
08-07 01:04:24.937  2011  5301 D AodDreamService: Setting DozeScreenState to 1 and startDozing
08-07 01:04:24.938  1339  1482 I DisplayPowerController: Blocking screen off
08-07 01:04:24.938  2011  5301 D AodDreamService: MCU based, waiting for low power state
08-07 01:04:24.938  1339  1482 I DisplayPowerController: Unblocked screen off after 1 ms
08-07 01:04:24.940  1339  1482 D ActivityTaskManager: Top Process State changed to PROCESS_STATE_TOP_SLEEPING
08-07 01:04:25.005  1339  1482 I chatty  : uid=1000(system) PowerManagerSer expire 1 line
08-07 01:04:25.007  1339  1482 V DisplayPowerController: Brightness [-1.0] reason changing to: 'screen_off', previous reason: 'manual [ dim ]'.
08-07 01:04:25.012  1339  1415 I DisplayManagerService: Display device changed state: "Built-in Screen", OFF
08-07 01:04:25.015   677   677 I chatty  : uid=1000(system) /system/bin/surfaceflinger expire 2 lines
08-07 01:04:25.015   590   639 I SDM     : DisplayBase::SetDisplayState: Set state = 0, display 0
08-07 01:04:25.015  1339  1415 I chatty  : uid=1000(system) android.display expire 1 line
08-07 01:04:25.019  1339  1665 I chatty  : uid=1000(system) InputReader expire 5 lines
08-07 01:04:25.020  1716  2384 I BtGatt.ScanManager: msg.what = 8
08-07 01:04:25.023  1716  2384 I BtGatt.ScanManager: msg.what = 4
08-07 01:04:25.030  1107  1282 E QMI_FW  : qmi_cci_get_ref: ref count increased 2
08-07 01:04:25.033  1107  1239 E QMI_FW  : qmi_cci_get_ref: ref count increased 2
08-07 01:04:25.039  1107  1239 I chatty  : uid=1001(radio) DispatcherModul identical 3 lines
08-07 01:04:25.041  1107  1239 E QMI_FW  : qmi_cci_get_ref: ref count increased 2
08-07 01:04:25.047  1107  1273 E QMI_FW  : qmi_cci_get_ref: ref count increased 2
08-07 01:04:25.049  1339  1451 I chatty  : uid=1000(system) ActivityManager expire 3 lines
08-07 01:04:25.133  1339  1709 I chatty  : uid=1000(system) PhotonicModulat expire 1 line
08-07 01:04:25.134  1032  1032 D AodProxy: onDisplayStateChange to 1 with 0x9f38a0c0
08-07 01:04:25.134  2011  2100 V AodDreamService: AodDreamService sees onDisplayStateChange 1
08-07 01:04:25.134  2011  2100 D AodDreamService: Handoff to MCU. state(1), flags(1)
08-07 01:04:25.134  2011  2100 D AodDreamService: Calling setStandByMode true
08-07 01:04:25.135  1032  1032 D AodProxy: setStandByMode to 1
08-07 01:04:25.136   590   605 D SDM     : HWCDisplayPrimary::SetStandByMode: Null display is connected successfully
08-07 01:04:25.136  1032  1032 D AodProxy: qdisplay setStandByMode returned 0
08-07 01:04:25.136  1032  1032 D AodProxy: setMuxToMcu: true
08-07 01:04:25.137  2011  2100 V AodServiceApplication: setMcuState: true
08-07 01:04:25.147  2011  2100 I aod_jni : handoffDisplay
08-07 01:04:25.147  2011  2100 D aod_jni-handoff: Sent Handoff Request
08-07 01:04:25.147   901  2114 D commandrouter: SocServiceHandle::onServiceMessage, SoC Service = aod_service, appType = 1, type = SVC_REQ, clientId = 0, token = 17, payloadLen = 96, result = 0, payload.size() = 96
08-07 01:04:25.173   901   935 D commandrouter: aod_service (1, aod:handoff): <ServiceResponse> FORWARDED (remote -> local) CR token ID = 17, service client ID = 27, token ID = 480, result = 0
08-07 01:04:25.173  2011  2116 E CmdClient: Callback is not set. Message dropped
08-07 01:04:25.173  2011  2100 D aod_jni-handoff: HandoffResponse arrived. dataLen = 18, data = 9d939108
08-07 01:04:25.173  2011  2100 D aod_jni-handoff: HandoffResponse has been verified WOOOO: 0
08-07 01:04:25.176   595   595 I QTI PowerHAL: Power setMode: 7 to: 0
08-07 01:04:25.177  1024  1024 I mcucapture: 5157899 [info   ] {DS  }: [Data Server] Got async request for data server: 0
08-07 01:04:25.178   595   595 I QTI PowerHAL: Got set_interactive hint
08-07 01:04:25.178  1024  1024 I mcucapture: 5157906 [info   ] {AODS}: Got handoff flags: 1. Transitioning to Facet com.facebook.wearable.system.launcher.QuestWatchFace.
08-07 01:04:25.178  1024  1024 I mcucapture: 5157917 [info   ] {AODS}: Configuring for touch only
08-07 01:04:25.178   595   595 I QTI PowerHAL: Got set_interactive hint on= 0, count= 36
08-07 01:04:25.178   595   595 E QTI PowerHAL: Error opening /sys/kernel/hbtp/display_pwr: No such file or directory
08-07 01:04:25.185  1339  1678 I chatty  : uid=1000(system) WifiHandlerThre expire 1 line
08-07 01:04:25.190   581  1417 D audio_hw_primary: adev_set_parameters: enter: screen_state=off
08-07 01:04:25.190   581  1417 W sound_trigger_hw: sound_trigger_hw_call_back: Unknown event 17
08-07 01:04:25.209  2678  2678 D NfcService: MSG_APPLY_SCREEN_STATE 1
08-07 01:04:25.209  2678  2678 I libnfc_nci: [INFO:NativeNfcManager.cpp(1799)] nfcManager_doSetScreenState: state = 1 prevScreenState= 8, discovry_param = 1
08-07 01:04:25.209  2678  2678 I libnfc_nci: [INFO:nfa_dm_api.cc(245)] param_id:0x2
08-07 01:04:25.209  2678  3311 I libnfc_nci: [INFO:nfa_sys_main.cc(77)] NFA got event 0x0102
08-07 01:04:25.210  2678  3311 I libnfc_nci: [INFO:nfa_dm_main.cc(122)] event: NFA_DM_API_SET_CONFIG_EVT (0x02)
08-07 01:04:25.210  2678  3311 I libnfc_nci: [INFO:nfa_dm_main.cc(222)] nfa_dm_check_set_config
08-07 01:04:25.210  2678  3311 I libnfc_nci: [INFO:NfcAdaptation.cc(645)] NfcAdaptation::HalWrite
08-07 01:04:25.210   594   594 D StNfcHal: HAL st21nfc: StNfc_hal_write
08-07 01:04:25.210   594  3340 D StNfcHal: (#000CA) Tx 20 02 04 01 02 01 00 
08-07 01:04:25.225   594  3341 W StNfcHal: ! i2cWrite!!, errno is 'I/O error'
08-07 01:04:25.230   594  3341 D StNfcHal: (#000CB) Rx 40 02 02 00 00 
08-07 01:04:25.231  2678  3311 I libnfc_nci: [INFO:nfc_ncif.cc(460)] NFC received rsp gid:0
08-07 01:04:25.231  2678  3311 I libnfc_nci: [INFO:nci_hrcv.cc(63)] nci_proc_core_rsp opcode:0x2
08-07 01:04:25.231  2678  3311 I libnfc_nci: [INFO:nfa_dm_act.cc(269)] NFC_SET_CONFIG_REVT(0x5002)
08-07 01:04:25.231  2678  3311 I libnfc_nci: [INFO:NativeNfcManager.cpp(744)] nfaDeviceManagementCallback: enter; event=0x2
08-07 01:04:25.231  2678  3311 I libnfc_nci: [INFO:NativeNfcManager.cpp(769)] nfaDeviceManagementCallback: NFA_DM_SET_CONFIG_EVT
08-07 01:04:25.231  2678  2678 I libnfc_nci: [INFO:nfa_dm_api.cc(187)] NFA_SetPowerSubStateForScreenState: state:0x1
08-07 01:04:25.232  2678  3311 I libnfc_nci: [INFO:nfa_sys_main.cc(77)] NFA got event 0x011A
08-07 01:04:25.232  2678  3311 I libnfc_nci: [INFO:nfa_dm_main.cc(122)] event: NFA_DM_API_SET_POWER_SUB_STATE_EVT (0x1a)
08-07 01:04:25.232  2678  3311 I libnfc_nci: [INFO:nfa_dm_act.cc(599)] nfa_dm_set_power_sub_state
08-07 01:04:25.232  2678  3311 I libnfc_nci: [INFO:NfcAdaptation.cc(645)] NfcAdaptation::HalWrite
08-07 01:04:25.232   594   594 D StNfcHal: HAL st21nfc: StNfc_hal_write
08-07 01:04:25.232   594  3340 D StNfcHal: (#000CC) Tx 20 09 01 01 
08-07 01:04:25.233   594  3341 D StNfcHal: (#000CD) Rx 40 09 01 00 
08-07 01:04:25.233  2678  3311 I libnfc_nci: [INFO:nfc_ncif.cc(460)] NFC received rsp gid:0
08-07 01:04:25.233  2678  3311 I libnfc_nci: [INFO:nci_hrcv.cc(63)] nci_proc_core_rsp opcode:0x9
08-07 01:04:25.233  2678  3311 I libnfc_nci: [INFO:nfa_dm_act.cc(269)] unknown revt(0x5012)
08-07 01:04:25.233  2678  3311 I libnfc_nci: [INFO:NativeNfcManager.cpp(744)] nfaDeviceManagementCallback: enter; event=0xB
08-07 01:04:25.233  2678  3311 I libnfc_nci: [INFO:NativeNfcManager.cpp(872)] nfaDeviceManagementCallback: NFA_DM_SET_POWER_SUB_STATE_EVT; status=0x0
08-07 01:04:25.234  2678  2678 I libnfc_nci: [INFO:NativeNfcTag.cpp(860)] nativeNfcTag_doDisconnect: enter
08-07 01:04:25.234  2678  2678 E libnfc_nci: [ERROR:NativeNfcTag.cpp(866)] nativeNfcTag_doDisconnect: tag already deactivated
08-07 01:04:25.234  2678  2678 I libnfc_nci: [INFO:NativeNfcTag.cpp(876)] nativeNfcTag_doDisconnect: exit
08-07 01:04:29.947  1339  1415 W ActivityTaskManager: Sleep timeout!  Sleeping now.
08-07 01:04:30.198   901   935 D commandrouter: rtc_sync (1, rtc:sync): <ServiceRequest> FORWARDED (remote -> local) service client ID = 0, token ID = 33466
08-07 01:04:30.198  1086  1111 I chatty  : uid=1000(system) vendor.facebook expire 10 lines
08-07 01:04:30.198   901  1109 D commandrouter: SocServiceHandle::onServiceMessage, SoC Service = rtc_sync, appType = 1, type = SVC_RESP, clientId = 0, token = 33466, payloadLen = 8, result = 0, payload.size() = 8
08-07 01:04:30.243   901   935 D commandrouter: sleep (1, sleep:data): <ServiceRequest> FORWARDED (remote -> local) service client ID = 3, token ID = 33467
08-07 01:04:30.243  2715  3361 D OTTS_sleep_jni: Unpacked SleepDataUpdateRequest.
08-07 01:04:30.243  2715  3361 D OTTS_sleep_jni: Received SleepDataRequest with OTT of size 35
08-07 01:04:30.243  2715  3361 D OTTS_sleep_jni: Calling sleep data callback...
08-07 01:04:30.244  2715  3361 D OTTS_sleep_jni: Calling Java sleep callback for OTT data.
08-07 01:04:30.244  2715  3361 D OTTS_OTTDataHandler: Got new OTT data of length: 35 at time 0
08-07 01:04:30.244  2715  3361 D OTTS_OTTDataHandler: Sending OTT to Delegation
08-07 01:04:30.246   901  3359 D commandrouter: SocServiceHandle::onServiceMessage, SoC Service = sleep, appType = 1, type = SVC_RESP, clientId = 3, token = 33467, payloadLen = 12, result = 0, payload.size() = 12
08-07 01:04:38.524   596  1628 I chatty  : uid=1000(system) sensors@2.0-ser expire 154 lines
08-07 01:04:40.188   901   935 D commandrouter: rtc_sync (1, rtc:sync): <ServiceRequest> FORWARDED (remote -> local) service client ID = 0, token ID = 33468
08-07 01:04:40.189   901  1109 D commandrouter: SocServiceHandle::onServiceMessage, SoC Service = rtc_sync, appType = 1, type = SVC_RESP, clientId = 0, token = 33468, payloadLen = 8, result = 0, payload.size() = 8
08-07 01:04:44.567   907   907 D mcu_health_checker: Sent isMcuReachable Request
08-07 01:04:44.568   901   945 D commandrouter: SocServiceHandle::onServiceMessage, SoC Service = mcu_healthcheck_907, appType = 1, type = SVC_REQ, clientId = 0, token = 87, payloadLen = 32, result = 0, payload.size() = 32
08-07 01:04:44.589   901   935 D commandrouter: mcu_healthcheck_907 (1, merlot:msgs:control): <ServiceResponse> FORWARDED (remote -> local) CR token ID = 87, service client ID = 4, token ID = 481, result = 0
08-07 01:04:44.589   907   947 E CmdClient: Callback is not set. Message dropped
08-07 01:04:44.589   907   907 D mculinkhealth: isMcuReachable 1
08-07 01:04:44.590  1024  1024 I mcucapture: 5177334 [info   ] {sfw }: Received control service request
08-07 01:04:44.591  1024  1024 I mcucapture: 5177339 [info   ] {sfw }: [S REQ] sens:0, cmd:100, ser:400, orig:2, int_len:0, float_len:0
08-07 01:04:44.591  1024  1024 I mcucapture: 5177347 [info   ] {sfw }: [S REQ] invalid request
08-07 01:04:50.170   901   935 D commandrouter: rtc_sync (1, rtc:sync): <ServiceRequest> FORWARDED (remote -> local) service client ID = 0, token ID = 33469
08-07 01:04:50.171   901  1109 D commandrouter: SocServiceHandle::onServiceMessage, SoC Service = rtc_sync, appType = 1, type = SVC_RESP, clientId = 0, token = 33469, payloadLen = 8, result = 0, payload.size() = 8
08-07 01:05:00.159   901   935 D commandrouter: rtc_sync (1, rtc:sync): <ServiceRequest> FORWARDED (remote -> local) service client ID = 0, token ID = 33470
08-07 01:05:00.160   901  1109 D commandrouter: SocServiceHandle::onServiceMessage, SoC Service = rtc_sync, appType = 1, type = SVC_RESP, clientId = 0, token = 33470, payloadLen = 8, result = 0, payload.size() = 8
08-07 01:05:00.529   901   935 D commandrouter: sleep (1, sleep:data): <ServiceRequest> FORWARDED (remote -> local) service client ID = 3, token ID = 33471
08-07 01:05:00.529  2715  3361 D OTTS_sleep_jni: Unpacked SleepDataUpdateRequest.
08-07 01:05:00.529  2715  3361 D OTTS_sleep_jni: Received SleepDataRequest with OTT of size 35
08-07 01:05:00.530  2715  3361 D OTTS_sleep_jni: Calling sleep data callback...
08-07 01:05:00.530  2715  3361 D OTTS_sleep_jni: Calling Java sleep callback for OTT data.
08-07 01:05:00.530  2715  3361 D OTTS_OTTDataHandler: Got new OTT data of length: 35 at time 0
08-07 01:05:00.530  2715  3361 D OTTS_OTTDataHandler: Sending OTT to Delegation
08-07 01:05:00.532   901  3359 D commandrouter: SocServiceHandle::onServiceMessage, SoC Service = sleep, appType = 1, type = SVC_RESP, clientId = 3, token = 33471, payloadLen = 12, result = 0, payload.size() = 12
08-07 01:05:10.147   901   935 D commandrouter: rtc_sync (1, rtc:sync): <ServiceRequest> FORWARDED (remote -> local) service client ID = 0, token ID = 33472
08-07 01:05:10.148   901  1109 D commandrouter: SocServiceHandle::onServiceMessage, SoC Service = rtc_sync, appType = 1, type = SVC_RESP, clientId = 0, token = 33472, payloadLen = 8, result = 0, payload.size() = 8
08-07 01:05:15.143   596  1628 I chatty  : uid=1000(system) sensors@2.0-ser expire 19 lines
08-07 01:05:16.469  1969  1969 D QtiCarrierConfigHelper: WARNING, no carrier configs on phone Id: 0
08-07 01:05:16.471  1750  1750 D KeyguardUpdateMonitor: received broadcast android.intent.action.BATTERY_CHANGED
08-07 01:05:16.472  1750  1750 D KeyguardUpdateMonitor: handleBatteryUpdate
08-07 01:05:20.128   901   935 D commandrouter: rtc_sync (1, rtc:sync): <ServiceRequest> FORWARDED (remote -> local) service client ID = 0, token ID = 33473
08-07 01:05:20.129   901  1109 D commandrouter: SocServiceHandle::onServiceMessage, SoC Service = rtc_sync, appType = 1, type = SVC_RESP, clientId = 0, token = 33473, payloadLen = 8, result = 0, payload.size() = 8
08-07 01:05:23.977   596   596 I chatty  : uid=1000(system) sensors@2.0-ser expire 14 lines
08-07 01:05:23.978   596   914 I chatty  : uid=1000(system) sensors@2.0-ser expire 2 lines
08-07 01:05:23.978   901  1599 D commandrouter: SocServiceHandle::onServiceMessage, SoC Service = Pressure, appType = 19, type = SVC_REQ, clientId = 0, token = 7, payloadLen = 48, result = 0, payload.size() = 48
08-07 01:05:23.979   901  1599 D commandrouter: SocServiceHandle::onTopicMessage, SoC Service = Pressure, appType = 20, type = TOPIC_STOP, seq = 0, payloadLen = 0, nanoseconds = 0, payload.size() = 0
08-07 01:05:23.979   901  1599 D commandrouter: SocServiceHandle::onUnsubscribeTopic, SoC Service = Pressure, unsubscription from topicName = msgs:sensors:Alt, subscription ID = 21 successful.
08-07 01:05:24.008   901   935 D commandrouter: Pressure (19, merlot:msgs:control): <ServiceResponse> FORWARDED (remote -> local) CR token ID = 7, service client ID = 12, token ID = 482, result = 0
08-07 01:05:24.010  1024  1024 I mcucapture: 5216805 [info   ] {sfw }: Received control service request
08-07 01:05:24.010  1024  1024 I mcucapture: 5216810 [info   ] {sfw }: [S REQ] sens:2, cmd:0, ser:400, orig:2, int_len:0, float_len:0
08-07 01:05:24.011  1024  1024 I mcucapture: 5216820 [info   ] {UBB }: Unregistered Subscription for Node 'merlot:soc', Topic 'msgs:sensors:Alt', Type 'msgs.sensors.Alt'
08-07 01:05:30.111   901   935 D commandrouter: rtc_sync (1, rtc:sync): <ServiceRequest> FORWARDED (remote -> local) service client ID = 0, token ID = 33474
08-07 01:05:30.112   901  1109 D commandrouter: SocServiceHandle::onServiceMessage, SoC Service = rtc_sync, appType = 1, type = SVC_RESP, clientId = 0, token = 33474, payloadLen = 8, result = 0, payload.size() = 8
08-07 01:05:30.680   901   935 D commandrouter: sleep (1, sleep:data): <ServiceRequest> FORWARDED (remote -> local) service client ID = 3, token ID = 33475
08-07 01:05:30.681  2715  3361 D OTTS_sleep_jni: Unpacked SleepDataUpdateRequest.
08-07 01:05:30.681  2715  3361 D OTTS_sleep_jni: Received SleepDataRequest with OTT of size 35
08-07 01:05:30.681  2715  3361 D OTTS_sleep_jni: Calling sleep data callback...
08-07 01:05:30.681  2715  3361 D OTTS_sleep_jni: Calling Java sleep callback for OTT data.
08-07 01:05:30.681  2715  3361 D OTTS_OTTDataHandler: Got new OTT data of length: 35 at time 0
08-07 01:05:30.681  2715  3361 D OTTS_OTTDataHandler: Sending OTT to Delegation
08-07 01:05:30.683   901  3359 D commandrouter: SocServiceHandle::onServiceMessage, SoC Service = sleep, appType = 1, type = SVC_RESP, clientId = 3, token = 33475, payloadLen = 12, result = 0, payload.size() = 12
08-07 01:05:40.102   901   935 D commandrouter: rtc_sync (1, rtc:sync): <ServiceRequest> FORWARDED (remote -> local) service client ID = 0, token ID = 33476
08-07 01:05:40.102   901  1109 D commandrouter: SocServiceHandle::onServiceMessage, SoC Service = rtc_sync, appType = 1, type = SVC_RESP, clientId = 0, token = 33476, payloadLen = 8, result = 0, payload.size() = 8
08-07 01:05:44.591   907   907 D mcu_health_checker: Sent isMcuReachable Request
08-07 01:05:44.591   901   945 D commandrouter: SocServiceHandle::onServiceMessage, SoC Service = mcu_healthcheck_907, appType = 1, type = SVC_REQ, clientId = 0, token = 88, payloadLen = 32, result = 0, payload.size() = 32
08-07 01:05:44.614   901   935 D commandrouter: mcu_healthcheck_907 (1, merlot:msgs:control): <ServiceResponse> FORWARDED (remote -> local) CR token ID = 88, service client ID = 4, token ID = 484, result = 0
08-07 01:05:44.614   907   947 E CmdClient: Callback is not set. Message dropped
08-07 01:05:44.614   907   907 D mculinkhealth: isMcuReachable 1
08-07 01:05:44.614  1024  1024 I mcucapture: 5237438 [info   ] {sfw }: Received control service request
08-07 01:05:44.615  1024  1024 I mcucapture: 5237443 [info   ] {sfw }: [S REQ] sens:0, cmd:100, ser:400, orig:2, int_len:0, float_len:0
08-07 01:05:44.615  1024  1024 I mcucapture: 5237451 [info   ] {sfw }: [S REQ] invalid request
08-07 01:05:46.775  1716  2396 V bt_stack: [VERBOSE1:ble_advertiser_hci_interface.cc(238)] Enable
08-07 01:05:46.775  1716  2396 V bt_stack: [VERBOSE1:ble_advertiser_hci_interface.cc(223)] SetRandomAddress
08-07 01:05:46.776  1716  2396 V bt_stack: [VERBOSE1:ble_advertiser_hci_interface.cc(238)] Enable
08-07 01:05:46.783  1716  2396 V bt_stack: [VERBOSE1:ble_advertiser_hci_interface.cc(77)] subcode = 5, status: 0
08-07 01:05:46.787  1716  2396 V bt_stack: [VERBOSE1:ble_advertiser_hci_interface.cc(77)] subcode = 4, status: 0
08-07 01:05:46.793  1716  2396 V bt_stack: [VERBOSE1:ble_advertiser_hci_interface.cc(77)] subcode = 5, status: 0
08-07 01:05:50.101   901   935 D commandrouter: rtc_sync (1, rtc:sync): <ServiceRequest> FORWARDED (remote -> local) service client ID = 0, token ID = 33477
08-07 01:05:50.102   901  1109 D commandrouter: SocServiceHandle::onServiceMessage, SoC Service = rtc_sync, appType = 1, type = SVC_RESP, clientId = 0, token = 33477, payloadLen = 8, result = 0, payload.size() = 8
08-07 01:06:00.108   901   935 D commandrouter: rtc_sync (1, rtc:sync): <ServiceRequest> FORWARDED (remote -> local) service client ID = 0, token ID = 33478
08-07 01:06:00.109   901  1109 D commandrouter: SocServiceHandle::onServiceMessage, SoC Service = rtc_sync, appType = 1, type = SVC_RESP, clientId = 0, token = 33478, payloadLen = 8, result = 0, payload.size() = 8
08-07 01:06:00.130   901   935 D commandrouter: sleep (1, sleep:data): <ServiceRequest> FORWARDED (remote -> local) service client ID = 3, token ID = 33479
08-07 01:06:00.130  2715  3361 D OTTS_sleep_jni: Unpacked SleepDataUpdateRequest.
08-07 01:06:00.130  2715  3361 D OTTS_sleep_jni: Received SleepDataRequest with OTT of size 35
08-07 01:06:00.130  2715  3361 D OTTS_sleep_jni: Calling sleep data callback...
08-07 01:06:00.131  2715  3361 D OTTS_sleep_jni: Calling Java sleep callback for OTT data.
08-07 01:06:00.131  2715  3361 D OTTS_OTTDataHandler: Got new OTT data of length: 35 at time 0
08-07 01:06:00.131  2715  3361 D OTTS_OTTDataHandler: Sending OTT to Delegation
08-07 01:06:00.133   901  3359 D commandrouter: SocServiceHandle::onServiceMessage, SoC Service = sleep, appType = 1, type = SVC_RESP, clientId = 3, token = 33479, payloadLen = 12, result = 0, payload.size() = 12
08-07 01:06:10.100   901   935 D commandrouter: rtc_sync (1, rtc:sync): <ServiceRequest> FORWARDED (remote -> local) service client ID = 0, token ID = 33480
08-07 01:06:10.100  1086  1111 I chatty  : uid=1000(system) vendor.facebook expire 10 lines
08-07 01:06:10.100   901  1109 D commandrouter: SocServiceHandle::onServiceMessage, SoC Service = rtc_sync, appType = 1, type = SVC_RESP, clientId = 0, token = 33480, payloadLen = 8, result = 0, payload.size() = 8
08-07 01:06:20.121   901   935 D commandrouter: rtc_sync (1, rtc:sync): <ServiceRequest> FORWARDED (remote -> local) service client ID = 0, token ID = 33481
08-07 01:06:20.122   901  1109 D commandrouter: SocServiceHandle::onServiceMessage, SoC Service = rtc_sync, appType = 1, type = SVC_RESP, clientId = 0, token = 33481, payloadLen = 8, result = 0, payload.size() = 8
08-07 01:06:26.461  1750  1750 D KeyguardUpdateMonitor: received broadcast android.intent.action.BATTERY_CHANGED
08-07 01:06:26.461  1750  1750 D KeyguardUpdateMonitor: handleBatteryUpdate
08-07 01:06:26.462  1969  1969 D QtiCarrierConfigHelper: WARNING, no carrier configs on phone Id: 0
08-07 01:06:30.109   901   935 D commandrouter: rtc_sync (1, rtc:sync): <ServiceRequest> FORWARDED (remote -> local) service client ID = 0, token ID = 33482
08-07 01:06:30.109   901  1109 D commandrouter: SocServiceHandle::onServiceMessage, SoC Service = rtc_sync, appType = 1, type = SVC_RESP, clientId = 0, token = 33482, payloadLen = 8, result = 0, payload.size() = 8
08-07 01:06:30.412   901   935 D commandrouter: sleep (1, sleep:data): <ServiceRequest> FORWARDED (remote -> local) service client ID = 3, token ID = 33483
08-07 01:06:30.412  2715  3361 D OTTS_sleep_jni: Unpacked SleepDataUpdateRequest.
08-07 01:06:30.412  2715  3361 D OTTS_sleep_jni: Received SleepDataRequest with OTT of size 35
08-07 01:06:30.412  2715  3361 D OTTS_sleep_jni: Calling sleep data callback...
08-07 01:06:30.412  2715  3361 D OTTS_sleep_jni: Calling Java sleep callback for OTT data.
08-07 01:06:30.413  2715  3361 D OTTS_OTTDataHandler: Got new OTT data of length: 35 at time 0
08-07 01:06:30.413  2715  3361 D OTTS_OTTDataHandler: Sending OTT to Delegation
08-07 01:06:30.414   901  3359 D commandrouter: SocServiceHandle::onServiceMessage, SoC Service = sleep, appType = 1, type = SVC_RESP, clientId = 3, token = 33483, payloadLen = 12, result = 0, payload.size() = 12
08-07 01:06:40.107   901   935 D commandrouter: rtc_sync (1, rtc:sync): <ServiceRequest> FORWARDED (remote -> local) service client ID = 0, token ID = 33484
08-07 01:06:40.107   901  1109 D commandrouter: SocServiceHandle::onServiceMessage, SoC Service = rtc_sync, appType = 1, type = SVC_RESP, clientId = 0, token = 33484, payloadLen = 8, result = 0, payload.size() = 8
08-07 01:06:44.615   907   907 D mcu_health_checker: Sent isMcuReachable Request
08-07 01:06:44.616   901   945 D commandrouter: SocServiceHandle::onServiceMessage, SoC Service = mcu_healthcheck_907, appType = 1, type = SVC_REQ, clientId = 0, token = 89, payloadLen = 32, result = 0, payload.size() = 32
08-07 01:06:44.637   901   935 D commandrouter: mcu_healthcheck_907 (1, merlot:msgs:control): <ServiceResponse> FORWARDED (remote -> local) CR token ID = 89, service client ID = 4, token ID = 485, result = 0
08-07 01:06:44.637   907   947 E CmdClient: Callback is not set. Message dropped
08-07 01:06:44.638   907   907 D mculinkhealth: isMcuReachable 1
08-07 01:06:44.638  1024  1024 I mcucapture: 5297462 [info   ] {sfw }: Received control service request
08-07 01:06:44.639  1024  1024 I mcucapture: 5297468 [info   ] {sfw }: [S REQ] sens:0, cmd:100, ser:400, orig:2, int_len:0, float_len:0
08-07 01:06:44.639  1024  1024 I mcucapture: 5297475 [info   ] {sfw }: [S REQ] invalid request
08-07 01:06:50.099   901   935 D commandrouter: rtc_sync (1, rtc:sync): <ServiceRequest> FORWARDED (remote -> local) service client ID = 0, token ID = 33485
08-07 01:06:50.100   901  1109 D commandrouter: SocServiceHandle::onServiceMessage, SoC Service = rtc_sync, appType = 1, type = SVC_RESP, clientId = 0, token = 33485, payloadLen = 8, result = 0, payload.size() = 8
08-07 01:07:00.094   901   935 D commandrouter: rtc_sync (1, rtc:sync): <ServiceRequest> FORWARDED (remote -> local) service client ID = 0, token ID = 33486
08-07 01:07:00.095   901  1109 D commandrouter: SocServiceHandle::onServiceMessage, SoC Service = rtc_sync, appType = 1, type = SVC_RESP, clientId = 0, token = 33486, payloadLen = 8, result = 0, payload.size() = 8
08-07 01:07:00.687   901   935 D commandrouter: sleep (1, sleep:data): <ServiceRequest> FORWARDED (remote -> local) service client ID = 3, token ID = 33487
08-07 01:07:00.687  2715  3361 D OTTS_sleep_jni: Unpacked SleepDataUpdateRequest.
08-07 01:07:00.687  2715  3361 D OTTS_sleep_jni: Received SleepDataRequest with OTT of size 35
08-07 01:07:00.687  2715  3361 D OTTS_sleep_jni: Calling sleep data callback...
08-07 01:07:00.688  2715  3361 D OTTS_sleep_jni: Calling Java sleep callback for OTT data.
08-07 01:07:00.688  2715  3361 D OTTS_OTTDataHandler: Got new OTT data of length: 35 at time 0
08-07 01:07:00.688  2715  3361 D OTTS_OTTDataHandler: Sending OTT to Delegation
08-07 01:07:00.690   901  3359 D commandrouter: SocServiceHandle::onServiceMessage, SoC Service = sleep, appType = 1, type = SVC_RESP, clientId = 3, token = 33487, payloadLen = 12, result = 0, payload.size() = 12
08-07 01:07:10.089   901   935 D commandrouter: rtc_sync (1, rtc:sync): <ServiceRequest> FORWARDED (remote -> local) service client ID = 0, token ID = 33488
08-07 01:07:10.090   901  1109 D commandrouter: SocServiceHandle::onServiceMessage, SoC Service = rtc_sync, appType = 1, type = SVC_RESP, clientId = 0, token = 33488, payloadLen = 8, result = 0, payload.size() = 8
08-07 01:07:20.082   901   935 D commandrouter: rtc_sync (1, rtc:sync): <ServiceRequest> FORWARDED (remote -> local) service client ID = 0, token ID = 33489
08-07 01:07:20.083   901  1109 D commandrouter: SocServiceHandle::onServiceMessage, SoC Service = rtc_sync, appType = 1, type = SVC_RESP, clientId = 0, token = 33489, payloadLen = 8, result = 0, payload.size() = 8
08-07 01:07:26.462  1750  1750 D KeyguardUpdateMonitor: received broadcast android.intent.action.BATTERY_CHANGED
08-07 01:07:26.462  1969  1969 D QtiCarrierConfigHelper: WARNING, no carrier configs on phone Id: 0
08-07 01:07:26.463  1750  1750 D KeyguardUpdateMonitor: handleBatteryUpdate
08-07 01:07:30.079   901   935 D commandrouter: rtc_sync (1, rtc:sync): <ServiceRequest> FORWARDED (remote -> local) service client ID = 0, token ID = 33490
08-07 01:07:30.079   901  1109 D commandrouter: SocServiceHandle::onServiceMessage, SoC Service = rtc_sync, appType = 1, type = SVC_RESP, clientId = 0, token = 33490, payloadLen = 8, result = 0, payload.size() = 8
08-07 01:07:30.982   901   935 D commandrouter: sleep (1, sleep:data): <ServiceRequest> FORWARDED (remote -> local) service client ID = 3, token ID = 33491
08-07 01:07:30.982  2715  3361 D OTTS_sleep_jni: Unpacked SleepDataUpdateRequest.
08-07 01:07:30.982  2715  3361 D OTTS_sleep_jni: Received SleepDataRequest with OTT of size 35
08-07 01:07:30.982  2715  3361 D OTTS_sleep_jni: Calling sleep data callback...
08-07 01:07:30.983  2715  3361 D OTTS_sleep_jni: Calling Java sleep callback for OTT data.
08-07 01:07:30.983  2715  3361 D OTTS_OTTDataHandler: Got new OTT data of length: 35 at time 0
08-07 01:07:30.983  2715  3361 D OTTS_OTTDataHandler: Sending OTT to Delegation
08-07 01:07:30.985   901  3359 D commandrouter: SocServiceHandle::onServiceMessage, SoC Service = sleep, appType = 1, type = SVC_RESP, clientId = 3, token = 33491, payloadLen = 12, result = 0, payload.size() = 12
08-07 01:07:40.081   901   935 D commandrouter: rtc_sync (1, rtc:sync): <ServiceRequest> FORWARDED (remote -> local) service client ID = 0, token ID = 33492
08-07 01:07:40.082   901  1109 D commandrouter: SocServiceHandle::onServiceMessage, SoC Service = rtc_sync, appType = 1, type = SVC_RESP, clientId = 0, token = 33492, payloadLen = 8, result = 0, payload.size() = 8
08-07 01:07:44.639   907   907 D mcu_health_checker: Sent isMcuReachable Request
08-07 01:07:44.639   901   945 D commandrouter: SocServiceHandle::onServiceMessage, SoC Service = mcu_healthcheck_907, appType = 1, type = SVC_REQ, clientId = 0, token = 90, payloadLen = 32, result = 0, payload.size() = 32
08-07 01:07:44.662   901   935 D commandrouter: mcu_healthcheck_907 (1, merlot:msgs:control): <ServiceResponse> FORWARDED (remote -> local) CR token ID = 90, service client ID = 4, token ID = 486, result = 0
08-07 01:07:44.662   907   947 E CmdClient: Callback is not set. Message dropped
08-07 01:07:44.663  1024  1024 I mcucapture: 5357506 [info   ] {sfw }: Received control service request
08-07 01:07:44.663  1024  1024 I mcucapture: 5357511 [info   ] {sfw }: [S REQ] sens:0, cmd:100, ser:400, orig:2, int_len:0, float_len:0
08-07 01:07:44.663  1024  1024 I mcucapture: 5357519 [info   ] {sfw }: [S REQ] invalid request
08-07 01:07:44.664   907   907 D mculinkhealth: isMcuReachable 1
08-07 01:07:50.085   901   935 D commandrouter: rtc_sync (1, rtc:sync): <ServiceRequest> FORWARDED (remote -> local) service client ID = 0, token ID = 33493
08-07 01:07:50.086  1086  1111 D vendor.facebook.rtc_sync@1.0-service: Request req_ts=1628298470073881923 resp_ts=1628298470085978377
08-07 01:07:50.086   901  1109 D commandrouter: SocServiceHandle::onServiceMessage, SoC Service = rtc_sync, appType = 1, type = SVC_RESP, clientId = 0, token = 33493, payloadLen = 8, result = 0, payload.size() = 8
08-07 01:07:50.508  5026  5026 I abb     : StartCommandInProcess(73657474696e67730067657400656e61 settings.get.ena [truncated])
08-07 01:07:50.541  5026  5923 I abb     : oneway function results will be dropped but finished with status OK and parcel size 4
08-07 01:07:50.555  5026  5026 I abb     : StartCommandInProcess(7061636b61676500696e7374616c6c00 package.install. [truncated])
08-07 01:07:50.780  1339  1669 W RuleEvaluation: Integrity rule files are not available.
08-07 01:07:50.781  1339  1500 I PackageManager: Integrity check passed for file:///data/app/vmdl265703329.tmp
08-07 01:07:50.802  1339  1451 I ActivityManager: Force stopping com.einfochips.frl_wearable appid=10120 user=-1: installPackageLI
08-07 01:07:50.804  1339  1451 I ActivityManager: Killing 6337:com.einfochips.frl_wearable/u0a120 (adj 0): stop com.einfochips.frl_wearable due to installPackageLI
08-07 01:07:50.809  1339  1451 W ActivityTaskManager: Force removing ActivityRecord{355ff97 u0 com.einfochips.frl_wearable/.MainActivity t11 f}}: app died, no saved state
08-07 01:07:50.815  1339  1500 I PackageManager: Update package com.einfochips.frl_wearable code path from /data/app/~~FqrYXH3xAHNm9L3wFIIRQA==/com.einfochips.frl_wearable-mK00ccxlHOXcCMzthSdV9w== to /data/app/~~J3Tt-tbFkKr2Quq9Jtth9g==/com.einfochips.frl_wearable-vUhydt5mKGeBTUQQCqzfbQ==; Retain data and using new
08-07 01:07:50.815  1339  1500 I PackageManager: Update package com.einfochips.frl_wearable resource path from /data/app/~~FqrYXH3xAHNm9L3wFIIRQA==/com.einfochips.frl_wearable-mK00ccxlHOXcCMzthSdV9w== to /data/app/~~J3Tt-tbFkKr2Quq9Jtth9g==/com.einfochips.frl_wearable-vUhydt5mKGeBTUQQCqzfbQ==; Retain data and using new
08-07 01:07:50.853  1339  1500 D CompatibilityChangeReporter: Compat change id reported: 135549675; UID 10120; state: ENABLED
08-07 01:07:50.910  1339  1415 W ActivityManager: setHasOverlayUi called on unknown pid: 6337
08-07 01:07:50.911   499   499 I Zygote  : Process 6337 exited due to signal 9 (Killed)
08-07 01:07:50.929  1339  1457 I chatty  : uid=1000(system) ActivityManager expire 1 line
08-07 01:07:51.022  1339  1500 D PackageManager: Instant App installer not found with android.intent.action.INSTALL_INSTANT_APP_PACKAGE
08-07 01:07:51.022  1339  1500 D PackageManager: Clear ephemeral installer activity
08-07 01:07:51.025  1339  1448 I chatty  : uid=1000(system) android.bg expire 1 line
08-07 01:07:51.027  1339  3127 I chatty  : uid=1000(system) Binder:1339_12 expire 1 line
08-07 01:07:51.081   953  1572 E installd: Couldn't opendir /data/app/vmdl265703329.tmp: No such file or directory
08-07 01:07:51.081   953  1572 E installd: Failed to delete /data/app/vmdl265703329.tmp: No such file or directory
08-07 01:07:51.084  1339  1500 I ActivityManager: Force stopping com.einfochips.frl_wearable appid=10120 user=0: pkg removed
08-07 01:07:51.086  5026  5923 I abb     : oneway function results will be dropped but finished with status OK and parcel size 4
08-07 01:07:51.098  2810  2810 I MediaProvider: Invalidating LocalCallingIdentity cache for package com.einfochips.frl_wearable. Reason: package android.intent.action.PACKAGE_REMOVED
08-07 01:07:51.102  1716  1716 D Avrcp_ext: AvrcpServiceBroadcastReceiver-> Action: android.intent.action.PACKAGE_REMOVED
08-07 01:07:51.111  1339  1451 W BroadcastQueue: Background execution not allowed: receiving Intent { act=android.intent.action.PACKAGE_REMOVED dat=package:com.einfochips.frl_wearable flg=0x4000010 (has extras) } to com.android.gallery3d/.app.PackagesMonitor
08-07 01:07:51.128  1339  1500 I chatty  : uid=1000(system) PackageManager expire 3 lines
08-07 01:07:51.132  1984  1984 E SmsApplication: com.facebook.wearable.apps.messages does not have system signature
08-07 01:07:51.141  1339  1339 I chatty  : uid=1000 system_server expire 3 lines
08-07 01:07:51.159  2810  2810 I MediaProvider: Invalidating LocalCallingIdentity cache for package com.einfochips.frl_wearable. Reason: package android.intent.action.PACKAGE_ADDED
08-07 01:07:51.168  1716  1716 D Avrcp_ext: AvrcpServiceBroadcastReceiver-> Action: android.intent.action.PACKAGE_ADDED
08-07 01:07:51.168  1716  1716 D Avrcp_ext: AvrcpServiceBroadcastReceiver-> packageName: com.einfochips.frl_wearable
08-07 01:07:51.168  1716  1716 D Avrcp_ext: packageName: com.einfochips.frl_wearable removed: false
08-07 01:07:51.169  1339  1451 W BroadcastQueue: Background execution not allowed: receiving Intent { act=android.intent.action.PACKAGE_ADDED dat=package:com.einfochips.frl_wearable flg=0x4000010 (has extras) } to com.android.packageinstaller/.PackageInstalledReceiver
08-07 01:07:51.208   647  4249 D AF::TrackHandle: OpPlayAudio: track:57 usage:3 not muted
08-07 01:07:51.210   647   647 D AF::TrackHandle: OpPlayAudio: track:57 usage:3 not muted
08-07 01:07:51.218  1339  1451 W BroadcastQueue: Background execution not allowed: receiving Intent { act=android.intent.action.PACKAGE_ADDED dat=package:com.einfochips.frl_wearable flg=0x4000010 (has extras) } to com.android.gallery3d/.app.PackagesMonitor
08-07 01:07:51.219  1716  1716 D Avrcp_ext: isBrowsableListUpdated: browsable list size mismatch, true
08-07 01:07:51.219  1716  1716 D Avrcp_ext: buildBrowsablePlayerList 
08-07 01:07:51.223   647   647 D AF::TrackHandle: OpPlayAudio: track:57 usage:3 not muted
08-07 01:07:51.225   647   647 D AF::TrackHandle: OpPlayAudio: track:57 usage:3 not muted
08-07 01:07:51.226  1716  1716 V Avrcp_ext: getMediaPlayerInfo: Found com.android.music
08-07 01:07:51.226  1716  1716 V Avrcp_ext: isBrowseSupported for com.android.music: false
08-07 01:07:51.227   647   647 D AF::TrackHandle: OpPlayAudio: track:57 usage:3 not muted
08-07 01:07:51.229  1339  1451 W BroadcastQueue: Background execution not allowed: receiving Intent { act=android.intent.action.PACKAGE_ADDED dat=package:com.einfochips.frl_wearable flg=0x4000010 (has extras) } to com.facebook.wearable.system.appmanager/com.facebook.aloha.app.appmanager.common.packages.event.manifest.ManifestPackageEventReceiver
08-07 01:07:51.229  1339  1451 W BroadcastQueue: Background execution not allowed: receiving Intent { act=android.intent.action.PACKAGE_REPLACED dat=package:com.einfochips.frl_wearable flg=0x4000010 (has extras) } to com.facebook.wearable.system.appmanager/com.facebook.aloha.app.appmanager.common.packages.event.manifest.ManifestPackageEventReceiver
08-07 01:07:51.250  1716  1716 D Avrcp_ext: Adding media player info for com.android.music with id 1
08-07 01:07:51.250  1716  1716 D Avrcp_ext: update #1:MediaPlayerInfo com.android.music (as 'Android Open Source Music Player') Type = 1, SubType = 0, Status = 0 Feature Bits [40 41 42 44 45 47 48 58] Controller: null
08-07 01:07:51.250  1716  1716 D Avrcp_ext: Added MediaPlayerController/MediaPlayerPackage
08-07 01:07:51.250  1716  1716 V Avrcp_ext: getMediaPlayerInfo: Found com.facebook.wearable.apps.eq
08-07 01:07:51.250  1716  1716 V Avrcp_ext: isBrowseSupported for com.facebook.wearable.apps.eq: false
08-07 01:07:51.254  1716  1716 D Avrcp_ext: Adding media player info for com.facebook.wearable.apps.eq with id 2
08-07 01:07:51.254  1716  1716 D Avrcp_ext: update #2:MediaPlayerInfo com.facebook.wearable.apps.eq (as 'EQ') Type = 1, SubType = 0, Status = 0 Feature Bits [40 41 42 44 45 47 48 58] Controller: null
08-07 01:07:51.254  1716  1716 D Avrcp_ext: Added MediaPlayerController/MediaPlayerPackage
08-07 01:07:51.254  1716  1716 V Avrcp_ext: getMediaPlayerInfo: Found com.facebook.wearable.apps.mediacontroller
08-07 01:07:51.254  1716  1716 V Avrcp_ext: isBrowseSupported for com.facebook.wearable.apps.mediacontroller: false
08-07 01:07:51.255  1716  1716 D Avrcp_ext: Adding media player info for com.facebook.wearable.apps.mediacontroller with id 3
08-07 01:07:51.255  1716  1716 D Avrcp_ext: update #3:MediaPlayerInfo com.facebook.wearable.apps.mediacontroller (as 'mediacontroller') Type = 1, SubType = 0, Status = 0 Feature Bits [40 41 42 44 45 47 48 58] Controller: null
08-07 01:07:51.255  1716  1716 D Avrcp_ext: Added MediaPlayerController/MediaPlayerPackage
08-07 01:07:51.255  1716  1716 V Avrcp_ext: getMediaPlayerInfo: Found com.facebook.wearable.apps.player
08-07 01:07:51.255  1716  1716 V Avrcp_ext: isBrowseSupported for com.facebook.wearable.apps.player: false
08-07 01:07:51.256  1716  1716 D Avrcp_ext: Adding media player info for com.facebook.wearable.apps.player with id 4
08-07 01:07:51.256  1716  1716 D Avrcp_ext: update #4:MediaPlayerInfo com.facebook.wearable.apps.player (as 'Spotify') Type = 1, SubType = 0, Status = 0 Feature Bits [40 41 42 44 45 47 48 58] Controller: null
08-07 01:07:51.256  1716  1716 D Avrcp_ext: Added MediaPlayerController/MediaPlayerPackage
08-07 01:07:51.256  1716  1716 V Avrcp_ext: getMediaPlayerInfo: Found com.facebook.wearable.apps.workout
08-07 01:07:51.256  1716  1716 V Avrcp_ext: isBrowseSupported for com.facebook.wearable.apps.workout: false
08-07 01:07:51.259  1716  1716 D Avrcp_ext: Adding media player info for com.facebook.wearable.apps.workout with id 5
08-07 01:07:51.259  1716  1716 D Avrcp_ext: update #5:MediaPlayerInfo com.facebook.wearable.apps.workout (as 'Workout') Type = 1, SubType = 0, Status = 0 Feature Bits [40 41 42 44 45 47 48 58] Controller: null
08-07 01:07:51.259  1716  1716 D Avrcp_ext: Added MediaPlayerController/MediaPlayerPackage
08-07 01:07:51.259  1716  1716 V Avrcp_ext: getMediaPlayerInfo: Found com.facebook.wearable.system.launcher
08-07 01:07:51.260  1716  1716 V Avrcp_ext: isBrowseSupported for com.facebook.wearable.system.launcher: false
08-07 01:07:51.263  1716  1716 D Avrcp_ext: Adding media player info for com.facebook.wearable.system.launcher with id 6
08-07 01:07:51.263  1716  1716 D Avrcp_ext: update #6:MediaPlayerInfo com.facebook.wearable.system.launcher (as 'Launcher') Type = 1, SubType = 0, Status = 0 Feature Bits [40 41 42 44 45 47 48 58] Controller: null
08-07 01:07:51.263  1716  1716 D Avrcp_ext: Added MediaPlayerController/MediaPlayerPackage
08-07 01:07:51.263  1716  1716 V Avrcp_ext: updateCurrentMediaState: mMediaController: null
08-07 01:07:51.264  1984  1984 E SmsApplication: com.facebook.wearable.apps.messages does not have system signature
08-07 01:07:51.266  2678  2678 D RegisteredNfcFServicesCache: Service unchanged, not updating
08-07 01:07:51.267  1716  1716 V Avrcp_ext: isMusicActive: false getBluetoothPlayState: 2
08-07 01:07:51.267  1716  1716 V Avrcp_ext: updateCurrentMediaState: isPlaying = false
08-07 01:07:51.267  1716  1716 V Avrcp_ext: Media update: id -1-1? [MediaAttributes: none] : [MediaAttributes: none]
08-07 01:07:51.267  1716  1716 D Avrcp_ext: isPackageNameValid: browsedPackage = isValid = false
08-07 01:07:51.267  1716  1716 V Avrcp_ext: newPlayStatus:2mReportedPlayStatus:-1
08-07 01:07:51.267  1716  1716 V Avrcp_ext: updatePlaybackState, state: PlaybackState {state=2, position=-1, buffered position=0, speed=0.0, updated=5388602, actions=0, custom actions=[], active item id=-1, error=null} device: null
08-07 01:07:51.267  1716  1716 V Avrcp_ext: Device: no name: 
08-07 01:07:51.267  1716  1716 I chatty  : uid=1002(bluetooth) com.android.bluetooth identical 13 lines
08-07 01:07:51.271  1716  1716 D HeadsetService:  isAudioOn: The number of audio connected devices 0
08-07 01:07:51.271  1716  1716 D HeadsetService: isScoOrCallActive(): Call Active:falseCall is Ringing:falseSCO is Active:false
08-07 01:07:51.272  1716  1716 D HeadsetService:  isAudioOn: The number of audio connected devices 0
08-07 01:07:51.273  1716  1716 I Avrcp_ext: updatePlayStatusForDevice: device: null
08-07 01:07:51.273  1716  1716 V Avrcp_ext: updatePlaybackState (1): old=PlaybackState {state=2, position=-1, buffered position=0, speed=0.0, updated=4927477, actions=0, custom actions=[], active item id=-1, error=null}(2), new=PlaybackState {state=2, position=-1, buffered position=0, speed=0.0, updated=5388602, actions=0, custom actions=[], active item id=-1, error=null}(2)
08-07 01:07:51.273  1716  1716 I Avrcp_ext: Exit updatePlayStatusForDevice
08-07 01:07:51.276  2897  2922 I system.launche: Background concurrent copying GC freed 118576(7011KB) AllocSpace objects, 0(0B) LOS objects, 76% free, 5652KB/23MB, paused 151us total 187.638ms
08-07 01:07:51.276  1716  1716 D HeadsetService:  isAudioOn: The number of audio connected devices 0
08-07 01:07:51.276  1716  1716 D HeadsetService: isScoOrCallActive(): Call Active:falseCall is Ringing:falseSCO is Active:false
08-07 01:07:51.284   647   647 D AF::TrackHandle: OpPlayAudio: track:57 usage:3 not muted
08-07 01:07:51.286   647   647 I chatty  : uid=1041(audioserver) /system/bin/audioserver identical 4 lines
08-07 01:07:51.288   647   647 D AF::TrackHandle: OpPlayAudio: track:57 usage:3 not muted
08-07 01:07:51.289  1716  1716 D HeadsetService:  isAudioOn: The number of audio connected devices 0
08-07 01:07:51.289  1716  1716 I Avrcp_ext: updatePlayStatusForDevice: device: null
08-07 01:07:51.289  1716  1716 V Avrcp_ext: updatePlaybackState (1): old=PlaybackState {state=2, position=-1, buffered position=0, speed=0.0, updated=4927477, actions=0, custom actions=[], active item id=-1, error=null}(2), new=PlaybackState {state=2, position=-1, buffered position=0, speed=0.0, updated=5388602, actions=0, custom actions=[], active item id=-1, error=null}(2)
08-07 01:07:51.289  1716  1716 I Avrcp_ext: Exit updatePlayStatusForDevice
08-07 01:07:51.290   647   647 D AF::TrackHandle: OpPlayAudio: track:57 usage:3 not muted
08-07 01:07:51.291   647   647 D AF::TrackHandle: OpPlayAudio: track:57 usage:3 not muted
08-07 01:07:51.296  1716  1716 D HeadsetService:  isAudioOn: The number of audio connected devices 0
08-07 01:07:51.296  1716  1716 D HeadsetService: isScoOrCallActive(): Call Active:falseCall is Ringing:falseSCO is Active:false
08-07 01:07:51.297  1716  1716 D HeadsetService:  isAudioOn: The number of audio connected devices 0
08-07 01:07:51.297  1716  1716 I Avrcp_ext: updatePlayStatusForDevice: device: null
08-07 01:07:51.298  1716  1716 V Avrcp_ext: updatePlaybackState (1): old=PlaybackState {state=2, position=-1, buffered position=0, speed=0.0, updated=4927477, actions=0, custom actions=[], active item id=-1, error=null}(2), new=PlaybackState {state=2, position=-1, buffered position=0, speed=0.0, updated=5388602, actions=0, custom actions=[], active item id=-1, error=null}(2)
08-07 01:07:51.298  1716  1716 I Avrcp_ext: Exit updatePlayStatusForDevice
08-07 01:07:51.298  1716  1716 D HeadsetService:  isAudioOn: The number of audio connected devices 0
08-07 01:07:51.298  1716  1716 D HeadsetService: isScoOrCallActive(): Call Active:falseCall is Ringing:falseSCO is Active:false
08-07 01:07:51.298  1716  1716 D HeadsetService:  isAudioOn: The number of audio connected devices 0
08-07 01:07:51.299  1716  1716 I Avrcp_ext: updatePlayStatusForDevice: device: null
08-07 01:07:51.299  1716  1716 V Avrcp_ext: updatePlaybackState (1): old=PlaybackState {state=2, position=-1, buffered position=0, speed=0.0, updated=4927477, actions=0, custom actions=[], active item id=-1, error=null}(2), new=PlaybackState {state=2, position=-1, buffered position=0, speed=0.0, updated=5388602, actions=0, custom actions=[], active item id=-1, error=null}(2)
08-07 01:07:51.299  1716  1716 I Avrcp_ext: Exit updatePlayStatusForDevice
08-07 01:07:51.299  1716  1716 D Avrcp_ext: Enter sendPlayPosNotificationRsp
08-07 01:07:51.299  1716  1716 D Avrcp_ext: sendPlayPosNotificationRsp: Not registered or requesting.
08-07 01:07:51.299  1716  1716 D Avrcp_ext: Enter sendPlayPosNotificationRsp
08-07 01:07:51.299  1716  1716 D Avrcp_ext: sendPlayPosNotificationRsp: Not registered or requesting.
08-07 01:07:51.299  1716  1716 D Avrcp_ext: Enter sendPlayPosNotificationRsp
08-07 01:07:51.299  1716  1716 D Avrcp_ext: sendPlayPosNotificationRsp: Not registered or requesting.
08-07 01:07:51.299  1716  1716 D Avrcp_ext: Enter sendPlayPosNotificationRsp
08-07 01:07:51.299  1716  1716 D Avrcp_ext: sendPlayPosNotificationRsp: Not registered or requesting.
08-07 01:07:51.299  1716  1716 D Avrcp_ext: Enter sendPlayPosNotificationRsp
08-07 01:07:51.299  1716  1716 D Avrcp_ext: sendPlayPosNotificationRsp: Not registered or requesting.
08-07 01:07:51.299  1716  1716 V Avrcp_ext: Exit updatePlayerStateAndPosition
08-07 01:07:51.299  1716  1716 D Avrcp_ext: Exit handlePackageModified
08-07 01:07:51.303  1339  1339 I Telecom : DefaultDialerCache: Refreshing default dialer for user 0: now com.facebook.wearable.apps.phone: DDC.oR@AFg
08-07 01:07:51.303  1339  1448 W TextServicesManagerService: no available spell checker services found
08-07 01:07:51.309  2897  2924 W System  : A resource failed to call release. 
08-07 01:07:51.319  1339  1339 V BackupManagerConstants: getFullBackupIntervalMilliseconds(...) returns 86400000
08-07 01:07:51.319  1339  1339 V BackupManagerConstants: getFullBackupRequiredNetworkType(...) returns 2
08-07 01:07:51.319  1339  1339 V BackupManagerConstants: getFullBackupRequireCharging(...) returns true
08-07 01:07:51.311  2897  2924 I chatty  : uid=10017(com.facebook.wearable.system.launcher) FinalizerDaemon identical 5 lines
08-07 01:07:51.311  2897  2924 W System  : A resource failed to call release. 
08-07 01:07:51.328  1984  1984 E SmsApplication: com.facebook.wearable.apps.messages does not have system signature
08-07 01:07:51.338   647   647 D AF::TrackHandle: OpPlayAudio: track:57 usage:3 not muted
08-07 01:07:51.355   647   647 D AF::TrackHandle: OpPlayAudio: track:57 usage:3 not muted
08-07 01:07:51.375  1339  2091 I chatty  : uid=1000(system) Binder:1339_7 expire 3 lines
08-07 01:07:51.380  1984  1984 D CarrierSvcBindHelper: No carrier app for: 0
08-07 01:07:51.391  1984  1984 D CarrierSvcBindHelper: No carrier app for: 0
08-07 01:07:51.392  1339  1448 I chatty  : uid=1000(system) android.bg expire 2 lines
08-07 01:07:51.414  1339  1412 W Looper  : Slow delivery took 218ms android.fg h=android.os.Handler c=<recycled PooledLambda@949426c> m=0
08-07 01:07:51.421  1984  1984 D ImsResolver: maybeAddedImsService, packageName: com.einfochips.frl_wearable
08-07 01:07:51.425  1339  1448 W VoiceInteractionManager: no available voice recognition services found for user 0
08-07 01:07:51.432  1984  1984 D CarrierConfigLoader: mHandler: 12 phoneId: 0
08-07 01:07:51.475  1339  3130 I chatty  : uid=1000(system) Binder:1339_14 expire 3 lines
08-07 01:07:51.488  1339  1349 I chatty  : uid=1000(system) HeapTaskDaemon expire 1 line
08-07 01:07:51.503  1339  1412 I chatty  : uid=1000(system) android.fg expire 1 line
08-07 01:07:51.503  1339  1412 D CompatibilityInfo: applicationDensity - 320
08-07 01:07:51.503  1339  1412 D CompatibilityInfo: applicationScale - 1.0
08-07 01:07:51.529  1339  1412 W Looper  : Drained
08-07 01:07:51.550  2430  2449 I PermissionControllerServiceImpl: Updating user sensitive for uid 10120
08-07 01:07:53.894  1339  2574 E TaskPersister: File error accessing recents directory (directory doesn't exist?).
08-07 01:07:56.449  1339  2091 I ActivityTaskManager: START u0 {flg=0x10000000 cmp=com.einfochips.frl_wearable/.MainActivity} from uid 0
08-07 01:07:56.465  1339  2091 D CompatibilityInfo: mCompatibilityFlags - 4
08-07 01:07:56.465  1339  2091 D CompatibilityInfo: applicationDensity - 320
08-07 01:07:56.465  1339  2091 D CompatibilityInfo: applicationScale - 1.0
08-07 01:07:56.474  1339  1415 D CompatibilityChangeReporter: Compat change id reported: 135634846; UID 10120; state: DISABLED
08-07 01:07:56.475  1339  1452 D CompatibilityChangeReporter: Compat change id reported: 143937733; UID 10120; state: ENABLED
08-07 01:07:56.481  1339  1451 D CompatibilityInfo: mCompatibilityFlags - 4
08-07 01:07:56.481  1339  1451 D CompatibilityInfo: applicationDensity - 320
08-07 01:07:56.482  1339  1451 D CompatibilityInfo: applicationScale - 1.0
08-07 01:07:56.493   499   499 D Zygote  : Forked child process 6763
08-07 01:07:56.498  1339  1452 I ActivityManager: Start proc 6763:com.einfochips.frl_wearable/u0a120 for top-activity {com.einfochips.frl_wearable/com.einfochips.frl_wearable.MainActivity}
08-07 01:07:56.725  6763  6763 I ps.frl_wearabl: Late-enabling -Xcheck:jni
08-07 01:07:56.762  6763  6763 I ps.frl_wearabl: Unquickening 16 vdex files!
08-07 01:07:56.838  5013  5018 I adbd    : jdwp connection from 6763
